Archive member included to satisfy reference by file (symbol)

.build/obj_ergodash_mini_niko/quantum/split_common/serial.a(serial.o)
                              .build/obj_ergodash_mini_niko/quantum/split_common/transport.o (soft_serial_initiator_init)
/usr/lib/gcc/avr/5.4.0/avr5/libgcc.a(_exit.o)
                              /usr/lib/gcc/avr/5.4.0/../../../avr/lib/avr5/crtatmega32u4.o (exit)
/usr/lib/gcc/avr/5.4.0/avr5/libgcc.a(_tablejump2.o)
                              .build/obj_ergodash_mini_niko/common/action.o (__tablejump2__)
/usr/lib/gcc/avr/5.4.0/avr5/libgcc.a(_copy_data.o)
                              .build/obj_ergodash_mini_niko/quantum/split_common/matrix.o (__do_copy_data)
/usr/lib/gcc/avr/5.4.0/avr5/libgcc.a(_clear_bss.o)
                              .build/obj_ergodash_mini_niko/quantum/quantum.o (__do_clear_bss)
/usr/lib/gcc/avr/5.4.0/../../../avr/lib/avr5/libatmega32u4.a(eerd_byte.o)
                              .build/obj_ergodash_mini_niko/common/eeconfig.o (eeprom_read_byte)
/usr/lib/gcc/avr/5.4.0/../../../avr/lib/avr5/libatmega32u4.a(eerd_dword.o)
                              .build/obj_ergodash_mini_niko/common/eeconfig.o (eeprom_read_dword)
/usr/lib/gcc/avr/5.4.0/../../../avr/lib/avr5/libatmega32u4.a(eerd_word.o)
                              .build/obj_ergodash_mini_niko/common/eeconfig.o (eeprom_read_word)
/usr/lib/gcc/avr/5.4.0/../../../avr/lib/avr5/libatmega32u4.a(eeupd_byte.o)
                              .build/obj_ergodash_mini_niko/common/eeconfig.o (eeprom_update_byte)
/usr/lib/gcc/avr/5.4.0/../../../avr/lib/avr5/libatmega32u4.a(eeupd_dword.o)
                              .build/obj_ergodash_mini_niko/common/eeconfig.o (eeprom_update_dword)
/usr/lib/gcc/avr/5.4.0/../../../avr/lib/avr5/libatmega32u4.a(eeupd_word.o)
                              .build/obj_ergodash_mini_niko/common/eeconfig.o (eeprom_update_word)
/usr/lib/gcc/avr/5.4.0/../../../avr/lib/avr5/libatmega32u4.a(eerd_block.o)
                              /usr/lib/gcc/avr/5.4.0/../../../avr/lib/avr5/libatmega32u4.a(eerd_dword.o) (eeprom_read_blraw)

Allocating common symbols
Common symbol       size              file

USB_IsInitialized   0x1               .build/obj_ergodash_mini_niko/lib/lufa/LUFA/Drivers/USB/Core/USBTask.o
keymap_config       0x2               .build/obj_ergodash_mini_niko/common/magic.o
thatHand            0x1               .build/obj_ergodash_mini_niko/quantum/split_common/matrix.o
USB_DeviceState     0x1               .build/obj_ergodash_mini_niko/lib/lufa/LUFA/Drivers/USB/Core/USBTask.o
USB_Device_ConfigurationNumber
                    0x1               .build/obj_ergodash_mini_niko/lib/lufa/LUFA/Drivers/USB/Core/DeviceStandardReq.o
USB_Device_CurrentlySelfPowered
                    0x1               .build/obj_ergodash_mini_niko/lib/lufa/LUFA/Drivers/USB/Core/DeviceStandardReq.o
USB_ControlRequest  0x8               .build/obj_ergodash_mini_niko/lib/lufa/LUFA/Drivers/USB/Core/USBTask.o
tp_buttons          0x2               .build/obj_ergodash_mini_niko/common/action.o
USB_Device_RemoteWakeupEnabled
                    0x1               .build/obj_ergodash_mini_niko/lib/lufa/LUFA/Drivers/USB/Core/DeviceStandardReq.o
thisHand            0x1               .build/obj_ergodash_mini_niko/quantum/split_common/matrix.o
timer_count         0x4               .build/obj_ergodash_mini_niko/common/avr/timer.o

Discarded input sections

 .data          0x0000000000000000        0x0 /usr/lib/gcc/avr/5.4.0/../../../avr/lib/avr5/crtatmega32u4.o
 .bss           0x0000000000000000        0x0 /usr/lib/gcc/avr/5.4.0/../../../avr/lib/avr5/crtatmega32u4.o
 .text          0x0000000000000000        0x0 .build/obj_ergodash_mini_niko/keyboards/ergodash/ergodash.o
 .data          0x0000000000000000        0x0 .build/obj_ergodash_mini_niko/keyboards/ergodash/ergodash.o
 .bss           0x0000000000000000        0x0 .build/obj_ergodash_mini_niko/keyboards/ergodash/ergodash.o
 .debug_info    0x0000000000000000       0xf9 .build/obj_ergodash_mini_niko/keyboards/ergodash/ergodash.o
 .debug_abbrev  0x0000000000000000       0x9c .build/obj_ergodash_mini_niko/keyboards/ergodash/ergodash.o
 .debug_aranges
                0x0000000000000000       0x18 .build/obj_ergodash_mini_niko/keyboards/ergodash/ergodash.o
 .debug_line    0x0000000000000000       0x68 .build/obj_ergodash_mini_niko/keyboards/ergodash/ergodash.o
 .debug_str     0x0000000000000000      0x1d8 .build/obj_ergodash_mini_niko/keyboards/ergodash/ergodash.o
 .comment       0x0000000000000000       0x12 .build/obj_ergodash_mini_niko/keyboards/ergodash/ergodash.o
 .text          0x0000000000000000        0x0 .build/obj_ergodash_mini_niko/keyboards/ergodash/mini/mini.o
 .data          0x0000000000000000        0x0 .build/obj_ergodash_mini_niko/keyboards/ergodash/mini/mini.o
 .bss           0x0000000000000000        0x0 .build/obj_ergodash_mini_niko/keyboards/ergodash/mini/mini.o
[...]
Memory Configuration

Name             Origin             Length             Attributes
text             0x0000000000000000 0x0000000000020000 xr
data             0x0000000000800060 0x000000000000ffa0 rw !x
eeprom           0x0000000000810000 0x0000000000010000 rw !x
fuse             0x0000000000820000 0x0000000000000003 rw !x
lock             0x0000000000830000 0x0000000000000400 rw !x
signature        0x0000000000840000 0x0000000000000400 rw !x
user_signatures  0x0000000000850000 0x0000000000000400 rw !x
*default*        0x0000000000000000 0xffffffffffffffff

Linker script and memory map

Address of section .data set to 0x800100
LOAD /usr/lib/gcc/avr/5.4.0/../../../avr/lib/avr5/crtatmega32u4.o
LOAD .build/obj_ergodash_mini_niko/keyboards/ergodash/ergodash.o
LOAD .build/obj_ergodash_mini_niko/keyboards/ergodash/mini/mini.o
LOAD .build/obj_ergodash_mini_niko/keyboards/ergodash/mini/keymaps/niko/keymap.o
LOAD .build/obj_ergodash_mini_niko/quantum/quantum.o
LOAD .build/obj_ergodash_mini_niko/quantum/keymap_common.o
LOAD .build/obj_ergodash_mini_niko/quantum/keycode_config.o
LOAD .build/obj_ergodash_mini_niko/quantum/split_common/matrix.o
LOAD .build/obj_ergodash_mini_niko/quantum/debounce/sym_g.o
LOAD .build/obj_ergodash_mini_niko/quantum/split_common/split_util.o
LOAD .build/obj_ergodash_mini_niko/quantum/split_common/transport.o
LOAD .build/obj_ergodash_mini_niko/quantum/process_keycode/process_space_cadet.o
LOAD .build/obj_ergodash_mini_niko/quantum/split_common/serial.a
LOAD .build/obj_ergodash_mini_niko/i2c_master.a
LOAD .build/obj_ergodash_mini_niko/i2c_slave.a
LOAD .build/obj_ergodash_mini_niko/common/host.o
LOAD .build/obj_ergodash_mini_niko/common/keyboard.o
LOAD .build/obj_ergodash_mini_niko/common/action.o
LOAD .build/obj_ergodash_mini_niko/common/action_tapping.o
LOAD .build/obj_ergodash_mini_niko/common/action_macro.o
LOAD .build/obj_ergodash_mini_niko/common/action_layer.o
LOAD .build/obj_ergodash_mini_niko/common/action_util.o
LOAD .build/obj_ergodash_mini_niko/common/print.o
LOAD .build/obj_ergodash_mini_niko/common/debug.o
LOAD .build/obj_ergodash_mini_niko/common/util.o
LOAD .build/obj_ergodash_mini_niko/common/eeconfig.o
LOAD .build/obj_ergodash_mini_niko/common/report.o
LOAD .build/obj_ergodash_mini_niko/common/avr/suspend.o
LOAD .build/obj_ergodash_mini_niko/common/avr/timer.o
LOAD .build/obj_ergodash_mini_niko/common/avr/bootloader.o
LOAD .build/obj_ergodash_mini_niko/common/avr/xprintf.o
LOAD .build/obj_ergodash_mini_niko/common/magic.o
LOAD .build/obj_ergodash_mini_niko/lufa.o
LOAD .build/obj_ergodash_mini_niko/usb_descriptor.o
LOAD .build/obj_ergodash_mini_niko/outputselect.o
LOAD .build/obj_ergodash_mini_niko/lib/lufa/LUFA/Drivers/USB/Class/Common/HIDParser.o
LOAD .build/obj_ergodash_mini_niko/lib/lufa/LUFA/Drivers/USB/Core/AVR8/Device_AVR8.o
LOAD .build/obj_ergodash_mini_niko/lib/lufa/LUFA/Drivers/USB/Core/AVR8/EndpointStream_AVR8.o
LOAD .build/obj_ergodash_mini_niko/lib/lufa/LUFA/Drivers/USB/Core/AVR8/Endpoint_AVR8.o
LOAD .build/obj_ergodash_mini_niko/lib/lufa/LUFA/Drivers/USB/Core/AVR8/Host_AVR8.o
LOAD .build/obj_ergodash_mini_niko/lib/lufa/LUFA/Drivers/USB/Core/AVR8/PipeStream_AVR8.o
LOAD .build/obj_ergodash_mini_niko/lib/lufa/LUFA/Drivers/USB/Core/AVR8/Pipe_AVR8.o
LOAD .build/obj_ergodash_mini_niko/lib/lufa/LUFA/Drivers/USB/Core/AVR8/USBController_AVR8.o
LOAD .build/obj_ergodash_mini_niko/lib/lufa/LUFA/Drivers/USB/Core/AVR8/USBInterrupt_AVR8.o
LOAD .build/obj_ergodash_mini_niko/lib/lufa/LUFA/Drivers/USB/Core/ConfigDescriptors.o
LOAD .build/obj_ergodash_mini_niko/lib/lufa/LUFA/Drivers/USB/Core/DeviceStandardReq.o
LOAD .build/obj_ergodash_mini_niko/lib/lufa/LUFA/Drivers/USB/Core/Events.o
LOAD .build/obj_ergodash_mini_niko/lib/lufa/LUFA/Drivers/USB/Core/HostStandardReq.o
LOAD .build/obj_ergodash_mini_niko/lib/lufa/LUFA/Drivers/USB/Core/USBTask.o
LOAD /usr/lib/gcc/avr/5.4.0/../../../avr/lib/avr5/libm.a
START GROUP
LOAD /usr/lib/gcc/avr/5.4.0/avr5/libgcc.a
LOAD /usr/lib/gcc/avr/5.4.0/../../../avr/lib/avr5/libm.a
LOAD /usr/lib/gcc/avr/5.4.0/../../../avr/lib/avr5/libc.a
LOAD /usr/lib/gcc/avr/5.4.0/../../../avr/lib/avr5/libatmega32u4.a
END GROUP
                0x0000000000020000                __TEXT_REGION_LENGTH__ = DEFINED (__TEXT_REGION_LENGTH__)?__TEXT_REGION_LENGTH__:0x20000
                0x000000000000ffa0                __DATA_REGION_LENGTH__ = DEFINED (__DATA_REGION_LENGTH__)?__DATA_REGION_LENGTH__:0xffa0
                0x0000000000010000                __EEPROM_REGION_LENGTH__ = DEFINED (__EEPROM_REGION_LENGTH__)?__EEPROM_REGION_LENGTH__:0x10000
                [0x0000000000000003]                __FUSE_REGION_LENGTH__ = DEFINED (__FUSE_REGION_LENGTH__)?__FUSE_REGION_LENGTH__:0x400
                0x0000000000000400                __LOCK_REGION_LENGTH__ = DEFINED (__LOCK_REGION_LENGTH__)?__LOCK_REGION_LENGTH__:0x400
                0x0000000000000400                __SIGNATURE_REGION_LENGTH__ = DEFINED (__SIGNATURE_REGION_LENGTH__)?__SIGNATURE_REGION_LENGTH__:0x400
                0x0000000000000400                __USER_SIGNATURE_REGION_LENGTH__ = DEFINED (__USER_SIGNATURE_REGION_LENGTH__)?__USER_SIGNATURE_REGION_LENGTH__:0x400

.hash
 *(.hash)

.dynsym
 *(.dynsym)

.dynstr
 *(.dynstr)

.gnu.version
 *(.gnu.version)

.gnu.version_d
 *(.gnu.version_d)

.gnu.version_r
 *(.gnu.version_r)

.rel.init
 *(.rel.init)

.rela.init
 *(.rela.init)

.rel.text
 *(.rel.text)
 *(.rel.text.*)
 *(.rel.gnu.linkonce.t*)

.rela.text
 *(.rela.text)
 *(.rela.text.*)
 *(.rela.gnu.linkonce.t*)

.rel.fini
 *(.rel.fini)

.rela.fini
 *(.rela.fini)

.rel.rodata
 *(.rel.rodata)
 *(.rel.rodata.*)
 *(.rel.gnu.linkonce.r*)

.rela.rodata
 *(.rela.rodata)
 *(.rela.rodata.*)
 *(.rela.gnu.linkonce.r*)

.rel.data
 *(.rel.data)
 *(.rel.data.*)
 *(.rel.gnu.linkonce.d*)

.rela.data
 *(.rela.data)
 *(.rela.data.*)
 *(.rela.gnu.linkonce.d*)

.rel.ctors
 *(.rel.ctors)

.rela.ctors
 *(.rela.ctors)

.rel.dtors
 *(.rel.dtors)

.rela.dtors
 *(.rela.dtors)

.rel.got
 *(.rel.got)

.rela.got
 *(.rela.got)

.rel.bss
 *(.rel.bss)

.rela.bss
 *(.rela.bss)

.rel.plt
 *(.rel.plt)

.rela.plt
 *(.rela.plt)

.text           0x0000000000000000     0x450e
 *(.vectors)
 .vectors       0x0000000000000000       0xac /usr/lib/gcc/avr/5.4.0/../../../avr/lib/avr5/crtatmega32u4.o
                0x0000000000000000                __vectors
                0x0000000000000000                __vector_default
 *(.vectors)
 *(.progmem.gcc*)
 .progmem.gcc_sw_table.process_action
                0x00000000000000ac       0x20 .build/obj_ergodash_mini_niko/common/action.o
 .progmem.gcc_sw_table.is_tap_action
                0x00000000000000cc       0x1c .build/obj_ergodash_mini_niko/common/action.o
 .progmem.gcc_sw_table.USB_Device_ProcessControlRequest
                0x00000000000000e8       0x14 .build/obj_ergodash_mini_niko/lib/lufa/LUFA/Drivers/USB/Core/DeviceStandardReq.o
                0x00000000000000fc                . = ALIGN (0x2)
                0x00000000000000fc                __trampolines_start = .
 *(.trampolines)
 .trampolines   0x00000000000000fc        0x0 linker stubs
 *(.trampolines*)
                0x00000000000000fc                __trampolines_end = .
 *libprintf_flt.a:*(.progmem.data)
 *libc.a:*(.progmem.data)
 *(.progmem*)
 .progmem.data.keymaps
                0x00000000000000fc      0x770 .build/obj_ergodash_mini_niko/keyboards/ergodash/mini/keymaps/niko/keymap.o
                0x00000000000000fc                keymaps
 .progmem.data.fn_actions
                0x000000000000086c        0x0 .build/obj_ergodash_mini_niko/quantum/keymap_common.o
                0x000000000000086c                fn_actions
 .progmem.data.SerialNumberString
                0x000000000000086c        0x6 .build/obj_ergodash_mini_niko/usb_descriptor.o
                0x000000000000086c                SerialNumberString
 .progmem.data.ProductString
                0x0000000000000872       0x1c .build/obj_ergodash_mini_niko/usb_descriptor.o
                0x0000000000000872                ProductString
 .progmem.data.ManufacturerString
                0x000000000000088e        0xe .build/obj_ergodash_mini_niko/usb_descriptor.o
                0x000000000000088e                ManufacturerString
 .progmem.data.LanguageString
                0x000000000000089c        0x4 .build/obj_ergodash_mini_niko/usb_descriptor.o
                0x000000000000089c                LanguageString
 .progmem.data.ConfigurationDescriptor
                0x00000000000008a0       0x3b .build/obj_ergodash_mini_niko/usb_descriptor.o
                0x00000000000008a0                ConfigurationDescriptor
 .progmem.data.DeviceDescriptor
                0x00000000000008db       0x12 .build/obj_ergodash_mini_niko/usb_descriptor.o
                0x00000000000008db                DeviceDescriptor
 .progmem.data.SharedReport
                0x00000000000008ed       0x36 .build/obj_ergodash_mini_niko/usb_descriptor.o
                0x00000000000008ed                SharedReport
 .progmem.data.KeyboardReport
                0x0000000000000923       0x40 .build/obj_ergodash_mini_niko/usb_descriptor.o
                0x0000000000000923                KeyboardReport
                0x0000000000000964                . = ALIGN (0x2)
 *fill*         0x0000000000000963        0x1 
 *(.jumptables)
 *(.jumptables*)
 *(.lowtext)
 *(.lowtext*)
                0x0000000000000964                __ctors_start = .
 *(.ctors)
                0x0000000000000964                __ctors_end = .
                0x0000000000000964                __dtors_start = .
 *(.dtors)
                0x0000000000000964                __dtors_end = .
 SORT(*)(.ctors)
 SORT(*)(.dtors)
 *(.init0)
 .init0         0x0000000000000964        0x0 /usr/lib/gcc/avr/5.4.0/../../../avr/lib/avr5/crtatmega32u4.o
                0x0000000000000964                __init
 *(.init0)
 *(.init1)
 *(.init1)
 *(.init2)
 .init2         0x0000000000000964        0xc /usr/lib/gcc/avr/5.4.0/../../../avr/lib/avr5/crtatmega32u4.o
 *(.init2)
 *(.init3)
 .init3         0x0000000000000970       0x54 .build/obj_ergodash_mini_niko/common/avr/bootloader.o
                0x0000000000000970                bootloader_jump_after_watchdog_reset
 *(.init3)
 *(.init4)
 .init4         0x00000000000009c4       0x16 /usr/lib/gcc/avr/5.4.0/avr5/libgcc.a(_copy_data.o)
                0x00000000000009c4                __do_copy_data
 .init4         0x00000000000009da       0x10 /usr/lib/gcc/avr/5.4.0/avr5/libgcc.a(_clear_bss.o)
                0x00000000000009da                __do_clear_bss
 *(.init4)
 *(.init5)
 *(.init5)
 *(.init6)
 *(.init6)
 *(.init7)
 *(.init7)
 *(.init8)
 *(.init8)
 *(.init9)
 .init9         0x00000000000009ea        0x8 /usr/lib/gcc/avr/5.4.0/../../../avr/lib/avr5/crtatmega32u4.o
 *(.init9)
 *(.text)
 .text          0x00000000000009f2        0x4 /usr/lib/gcc/avr/5.4.0/../../../avr/lib/avr5/crtatmega32u4.o
                0x00000000000009f2                __vector_38
                0x00000000000009f2                __vector_22
                0x00000000000009f2                __vector_28
                0x00000000000009f2                __vector_32
                0x00000000000009f2                __vector_34
                0x00000000000009f2                __vector_24
                0x00000000000009f2                __bad_interrupt
                0x00000000000009f2                __vector_6
                0x00000000000009f2                __vector_31
                0x00000000000009f2                __vector_35
                0x00000000000009f2                __vector_39
                0x00000000000009f2                __vector_3
                0x00000000000009f2                __vector_23
                0x00000000000009f2                __vector_30
                0x00000000000009f2                __vector_25
                0x00000000000009f2                __vector_13
                0x00000000000009f2                __vector_17
                0x00000000000009f2                __vector_19
                0x00000000000009f2                __vector_7
                0x00000000000009f2                __vector_41
                0x00000000000009f2                __vector_27
                0x00000000000009f2                __vector_5
                0x00000000000009f2                __vector_33
                0x00000000000009f2                __vector_37
                0x00000000000009f2                __vector_4
                0x00000000000009f2                __vector_9
                0x00000000000009f2                __vector_2
                0x00000000000009f2                __vector_15
                0x00000000000009f2                __vector_36
                0x00000000000009f2                __vector_29
                0x00000000000009f2                __vector_40
                0x00000000000009f2                __vector_8
                0x00000000000009f2                __vector_26
                0x00000000000009f2                __vector_14
                0x00000000000009f2                __vector_16
                0x00000000000009f2                __vector_18
                0x00000000000009f2                __vector_20
                0x00000000000009f2                __vector_42
                0x00000000000009f6                . = ALIGN (0x2)
 *(.text.*)
 .text.process_action_kb
                0x00000000000009f6        0x4 .build/obj_ergodash_mini_niko/quantum/quantum.o
                0x00000000000009f6                process_action_kb
 .text.process_record_user
                0x00000000000009fa        0x4 .build/obj_ergodash_mini_niko/quantum/quantum.o
                0x00000000000009fa                process_record_user
 .text.process_record_kb
                0x00000000000009fe        0x4 .build/obj_ergodash_mini_niko/quantum/quantum.o
                0x00000000000009fe                process_record_kb
 .text.get_event_keycode
                0x0000000000000a02       0x62 .build/obj_ergodash_mini_niko/quantum/quantum.o
                0x0000000000000a02                get_event_keycode
 .text.get_record_keycode
                0x0000000000000a64       0x10 .build/obj_ergodash_mini_niko/quantum/quantum.o
                0x0000000000000a64                get_record_keycode
 .text.matrix_init_quantum
                0x0000000000000a74       0x10 .build/obj_ergodash_mini_niko/quantum/quantum.o
                0x0000000000000a74                matrix_init_quantum
 .text.matrix_scan_quantum
                0x0000000000000a84        0x4 .build/obj_ergodash_mini_niko/quantum/quantum.o
                0x0000000000000a84                matrix_scan_quantum
 .text.led_set_user
                0x0000000000000a88        0x2 .build/obj_ergodash_mini_niko/quantum/quantum.o
                0x0000000000000a88                led_set_user
 .text.led_set_kb
                0x0000000000000a8a        0x4 .build/obj_ergodash_mini_niko/quantum/quantum.o
                0x0000000000000a8a                led_set_kb
 .text.led_update_user
                0x0000000000000a8e        0x4 .build/obj_ergodash_mini_niko/quantum/quantum.o
                0x0000000000000a8e                led_update_user
 .text.led_update_kb
                0x0000000000000a92        0x4 .build/obj_ergodash_mini_niko/quantum/quantum.o
                0x0000000000000a92                led_update_kb
 .text.led_set  0x0000000000000a96       0x12 .build/obj_ergodash_mini_niko/quantum/quantum.o
                0x0000000000000a96                led_set
 .text.shutdown_user
                0x0000000000000aa8        0x2 .build/obj_ergodash_mini_niko/quantum/quantum.o
                0x0000000000000aa8                shutdown_user
 .text.reset_keyboard
                0x0000000000000aaa       0x2a .build/obj_ergodash_mini_niko/quantum/quantum.o
                0x0000000000000aaa                reset_keyboard
 .text.process_record_quantum
                0x0000000000000ad4      0x36e .build/obj_ergodash_mini_niko/quantum/quantum.o
                0x0000000000000ad4                process_record_quantum
 .text.action_get_macro
                0x0000000000000e42        0x6 .build/obj_ergodash_mini_niko/quantum/keymap_common.o
                0x0000000000000e42                action_get_macro
 .text.action_function
                0x0000000000000e48        0x2 .build/obj_ergodash_mini_niko/quantum/keymap_common.o
                0x0000000000000e48                action_function
 .text.keymap_key_to_keycode
                0x0000000000000e4a       0x26 .build/obj_ergodash_mini_niko/quantum/keymap_common.o
                0x0000000000000e4a                keymap_key_to_keycode
 .text.keymap_function_id_to_action
                0x0000000000000e70       0x10 .build/obj_ergodash_mini_niko/quantum/keymap_common.o
                0x0000000000000e70                keymap_function_id_to_action
 .text.action_for_key
                0x0000000000000e80      0x374 .build/obj_ergodash_mini_niko/quantum/keymap_common.o
                0x0000000000000e80                action_for_key
 .text.keycode_config
                0x00000000000011f4      0x128 .build/obj_ergodash_mini_niko/quantum/keycode_config.o
                0x00000000000011f4                keycode_config
 .text.mod_config
                0x000000000000131c       0x86 .build/obj_ergodash_mini_niko/quantum/keycode_config.o
                0x000000000000131c                mod_config
 .text.matrix_slave_scan_user
                0x00000000000013a2        0x2 .build/obj_ergodash_mini_niko/quantum/split_common/matrix.o
                0x00000000000013a2                matrix_slave_scan_user
 .text.matrix_scan_user
                0x00000000000013a4        0x4 .build/obj_ergodash_mini_niko/quantum/split_common/matrix.o
                0x00000000000013a4                matrix_scan_user
 .text.matrix_scan_kb
                0x00000000000013a8        0x4 .build/obj_ergodash_mini_niko/quantum/split_common/matrix.o
                0x00000000000013a8                matrix_scan_kb
 .text.matrix_init_user
                0x00000000000013ac        0x4 .build/obj_ergodash_mini_niko/quantum/split_common/matrix.o
                0x00000000000013ac                matrix_init_user
 .text.matrix_init_kb
                0x00000000000013b0        0x4 .build/obj_ergodash_mini_niko/quantum/split_common/matrix.o
                0x00000000000013b0                matrix_init_kb
 .text.matrix_get_row
                0x00000000000013b4        0xc .build/obj_ergodash_mini_niko/quantum/split_common/matrix.o
                0x00000000000013b4                matrix_get_row
 .text.matrix_print
                0x00000000000013c0        0x2 .build/obj_ergodash_mini_niko/quantum/split_common/matrix.o
                0x00000000000013c0                matrix_print
 .text.matrix_init
                0x00000000000013c2       0xbc .build/obj_ergodash_mini_niko/quantum/split_common/matrix.o
                0x00000000000013c2                matrix_init
 .text._matrix_scan
                0x000000000000147e      0x11c .build/obj_ergodash_mini_niko/quantum/split_common/matrix.o
                0x000000000000147e                _matrix_scan
 .text.matrix_scan
                0x000000000000159a       0x66 .build/obj_ergodash_mini_niko/quantum/split_common/matrix.o
                0x000000000000159a                matrix_scan
 .text.debounce_init
                0x0000000000001600        0x2 .build/obj_ergodash_mini_niko/quantum/debounce/sym_g.o
                0x0000000000001600                debounce_init
 .text.debounce
                0x0000000000001602       0x6c .build/obj_ergodash_mini_niko/quantum/debounce/sym_g.o
                0x0000000000001602                debounce
 .text.is_keyboard_left
                0x000000000000166e        0x4 .build/obj_ergodash_mini_niko/quantum/split_common/split_util.o
                0x000000000000166e                is_keyboard_left
 .text.is_keyboard_master
                0x0000000000001672       0x3a .build/obj_ergodash_mini_niko/quantum/split_common/split_util.o
                0x0000000000001672                is_keyboard_master
 .text.keyboard_split_setup
                0x00000000000016ac       0x16 .build/obj_ergodash_mini_niko/quantum/split_common/split_util.o
                0x00000000000016ac                keyboard_split_setup
 .text.transport_master_init
                0x00000000000016c2        0xc .build/obj_ergodash_mini_niko/quantum/split_common/transport.o
                0x00000000000016c2                transport_master_init
 .text.transport_slave_init
                0x00000000000016ce        0xc .build/obj_ergodash_mini_niko/quantum/split_common/transport.o
                0x00000000000016ce                transport_slave_init
 .text.transport_master
                0x00000000000016da       0x36 .build/obj_ergodash_mini_niko/quantum/split_common/transport.o
                0x00000000000016da                transport_master
 .text.transport_slave
                0x0000000000001710       0x1e .build/obj_ergodash_mini_niko/quantum/split_common/transport.o
                0x0000000000001710                transport_slave
 .text.perform_space_cadet
                0x000000000000172e       0xe8 .build/obj_ergodash_mini_niko/quantum/process_keycode/process_space_cadet.o
                0x000000000000172e                perform_space_cadet
 .text.process_space_cadet
                0x0000000000001816       0x82 .build/obj_ergodash_mini_niko/quantum/process_keycode/process_space_cadet.o
                0x0000000000001816                process_space_cadet
 .text.sync_recv
                0x0000000000001898       0x10 .build/obj_ergodash_mini_niko/quantum/split_common/serial.a(serial.o)
 .text.sync_send
                0x00000000000018a8        0xc .build/obj_ergodash_mini_niko/quantum/split_common/serial.a(serial.o)
 .text.serial_read_chunk.constprop.0
                0x00000000000018b4       0x4c .build/obj_ergodash_mini_niko/quantum/split_common/serial.a(serial.o)
 .text.serial_recive_packet
                0x0000000000001900       0x4e .build/obj_ergodash_mini_niko/quantum/split_common/serial.a(serial.o)
 .text.soft_serial_initiator_init
                0x000000000000194e        0xe .build/obj_ergodash_mini_niko/quantum/split_common/serial.a(serial.o)
                0x000000000000194e                soft_serial_initiator_init
 .text.soft_serial_target_init
                0x000000000000195c       0x1a .build/obj_ergodash_mini_niko/quantum/split_common/serial.a(serial.o)
                0x000000000000195c                soft_serial_target_init
 .text.serial_write_chunk
                0x0000000000001976       0x40 .build/obj_ergodash_mini_niko/quantum/split_common/serial.a(serial.o)
                0x0000000000001976                serial_write_chunk
 .text.serial_send_packet
                0x00000000000019b6       0x34 .build/obj_ergodash_mini_niko/quantum/split_common/serial.a(serial.o)
 .text.__vector_1
                0x00000000000019ea       0xa2 .build/obj_ergodash_mini_niko/quantum/split_common/serial.a(serial.o)
                0x00000000000019ea                __vector_1
 .text.soft_serial_transaction
                0x0000000000001a8c       0x9a .build/obj_ergodash_mini_niko/quantum/split_common/serial.a(serial.o)
                0x0000000000001a8c                soft_serial_transaction
 .text.host_set_driver
                0x0000000000001b26        0xa .build/obj_ergodash_mini_niko/common/host.o
                0x0000000000001b26                host_set_driver
 .text.host_keyboard_leds
                0x0000000000001b30       0x18 .build/obj_ergodash_mini_niko/common/host.o
                0x0000000000001b30                host_keyboard_leds
 .text.host_keyboard_send
                0x0000000000001b48       0x16 .build/obj_ergodash_mini_niko/common/host.o
                0x0000000000001b48                host_keyboard_send
 .text.host_system_send
                0x0000000000001b5e       0x2c .build/obj_ergodash_mini_niko/common/host.o
                0x0000000000001b5e                host_system_send
 .text.host_consumer_send
                0x0000000000001b8a       0x2c .build/obj_ergodash_mini_niko/common/host.o
                0x0000000000001b8a                host_consumer_send
 .text.disable_jtag
                0x0000000000001bb6        0xe .build/obj_ergodash_mini_niko/common/keyboard.o
                0x0000000000001bb6                disable_jtag
 .text.keyboard_post_init_user
                0x0000000000001bc4        0x2 .build/obj_ergodash_mini_niko/common/keyboard.o
                0x0000000000001bc4                keyboard_post_init_user
 .text.keyboard_pre_init_user
                0x0000000000001bc6        0x4 .build/obj_ergodash_mini_niko/common/keyboard.o
                0x0000000000001bc6                keyboard_pre_init_user
 .text.keyboard_pre_init_kb
                0x0000000000001bca        0x4 .build/obj_ergodash_mini_niko/common/keyboard.o
                0x0000000000001bca                keyboard_pre_init_kb
 .text.matrix_setup
                0x0000000000001bce        0x4 .build/obj_ergodash_mini_niko/common/keyboard.o
                0x0000000000001bce                matrix_setup
 .text.keyboard_post_init_kb
                0x0000000000001bd2        0x4 .build/obj_ergodash_mini_niko/common/keyboard.o
                0x0000000000001bd2                keyboard_post_init_kb
 .text.keyboard_setup
                0x0000000000001bd6        0xc .build/obj_ergodash_mini_niko/common/keyboard.o
                0x0000000000001bd6                keyboard_setup
 .text.keyboard_init
                0x0000000000001be2       0x10 .build/obj_ergodash_mini_niko/common/keyboard.o
                0x0000000000001be2                keyboard_init
 .text.keyboard_task
                0x0000000000001bf2      0x14e .build/obj_ergodash_mini_niko/common/keyboard.o
                0x0000000000001bf2                keyboard_task
 .text.action_exec
                0x0000000000001d40       0x5c .build/obj_ergodash_mini_niko/common/action.o
                0x0000000000001d40                action_exec
 .text.process_record_tap_hint
                0x0000000000001d9c        0xc .build/obj_ergodash_mini_niko/common/action.o
                0x0000000000001d9c                process_record_tap_hint
 .text.register_code
                0x0000000000001da8      0x22e .build/obj_ergodash_mini_niko/common/action.o
                0x0000000000001da8                register_code
 .text.unregister_code
                0x0000000000001fd6       0xbe .build/obj_ergodash_mini_niko/common/action.o
                0x0000000000001fd6                unregister_code
 .text.tap_code
                0x0000000000002094       0x26 .build/obj_ergodash_mini_niko/common/action.o
                0x0000000000002094                tap_code
 .text.register_mods
                0x00000000000020ba        0xe .build/obj_ergodash_mini_niko/common/action.o
                0x00000000000020ba                register_mods
 .text.unregister_mods
                0x00000000000020c8        0xe .build/obj_ergodash_mini_niko/common/action.o
                0x00000000000020c8                unregister_mods
 .text.process_action
                0x00000000000020d6      0x422 .build/obj_ergodash_mini_niko/common/action.o
                0x00000000000020d6                process_action
 .text.process_record
                0x00000000000024f8       0x5c .build/obj_ergodash_mini_niko/common/action.o
                0x00000000000024f8                process_record
 .text.clear_keyboard_but_mods_and_keys
                0x0000000000002554       0x1c .build/obj_ergodash_mini_niko/common/action.o
                0x0000000000002554                clear_keyboard_but_mods_and_keys
 .text.clear_keyboard_but_mods
                0x0000000000002570       0x10 .build/obj_ergodash_mini_niko/common/action.o
                0x0000000000002570                clear_keyboard_but_mods
 .text.clear_keyboard
                0x0000000000002580        0x8 .build/obj_ergodash_mini_niko/common/action.o
                0x0000000000002580                clear_keyboard
 .text.is_tap_action
                0x0000000000002588       0x48 .build/obj_ergodash_mini_niko/common/action.o
                0x0000000000002588                is_tap_action
 .text.is_tap_key
                0x00000000000025d0        0xa .build/obj_ergodash_mini_niko/common/action.o
                0x00000000000025d0                is_tap_key
 .text.debug_event
                0x00000000000025da       0x1e .build/obj_ergodash_mini_niko/common/action.o
                0x00000000000025da                debug_event
 .text.debug_record
                0x00000000000025f8       0x20 .build/obj_ergodash_mini_niko/common/action.o
                0x00000000000025f8                debug_record
 .text.debug_waiting_buffer
                0x0000000000002618       0x42 .build/obj_ergodash_mini_niko/common/action_tapping.o
 .text.debug_tapping_key
                0x000000000000265a       0x1c .build/obj_ergodash_mini_niko/common/action_tapping.o
 .text.waiting_buffer_scan_tap
                0x0000000000002676       0xd0 .build/obj_ergodash_mini_niko/common/action_tapping.o
 .text.process_tapping
                0x0000000000002746      0x3da .build/obj_ergodash_mini_niko/common/action_tapping.o
 .text.action_tapping_process
                0x0000000000002b20      0x15c .build/obj_ergodash_mini_niko/common/action_tapping.o
                0x0000000000002b20                action_tapping_process
 .text.action_macro_play
                0x0000000000002c7c       0xfa .build/obj_ergodash_mini_niko/common/action_macro.o
                0x0000000000002c7c                action_macro_play
 .text.default_layer_debug
                0x0000000000002d76        0x2 .build/obj_ergodash_mini_niko/common/action_layer.o
                0x0000000000002d76                default_layer_debug
 .text.layer_state_set_user
                0x0000000000002d78        0x2 .build/obj_ergodash_mini_niko/common/action_layer.o
                0x0000000000002d78                layer_state_set_user
 .text.default_layer_state_set_user
                0x0000000000002d7a        0x4 .build/obj_ergodash_mini_niko/common/action_layer.o
                0x0000000000002d7a                default_layer_state_set_user
 .text.default_layer_state_set_kb
                0x0000000000002d7e        0x4 .build/obj_ergodash_mini_niko/common/action_layer.o
                0x0000000000002d7e                default_layer_state_set_kb
 .text.default_layer_state_set
                0x0000000000002d82       0x18 .build/obj_ergodash_mini_niko/common/action_layer.o
 .text.default_layer_set
                0x0000000000002d9a        0x4 .build/obj_ergodash_mini_niko/common/action_layer.o
                0x0000000000002d9a                default_layer_set
 .text.default_layer_or
                0x0000000000002d9e       0x24 .build/obj_ergodash_mini_niko/common/action_layer.o
                0x0000000000002d9e                default_layer_or
 .text.default_layer_and
                0x0000000000002dc2       0x24 .build/obj_ergodash_mini_niko/common/action_layer.o
                0x0000000000002dc2                default_layer_and
 .text.default_layer_xor
                0x0000000000002de6       0x24 .build/obj_ergodash_mini_niko/common/action_layer.o
                0x0000000000002de6                default_layer_xor
 .text.layer_state_set_kb
                0x0000000000002e0a        0x4 .build/obj_ergodash_mini_niko/common/action_layer.o
                0x0000000000002e0a                layer_state_set_kb
 .text.layer_state_set
                0x0000000000002e0e       0x18 .build/obj_ergodash_mini_niko/common/action_layer.o
                0x0000000000002e0e                layer_state_set
 .text.layer_clear
                0x0000000000002e26        0xa .build/obj_ergodash_mini_niko/common/action_layer.o
                0x0000000000002e26                layer_clear
 .text.layer_move
                0x0000000000002e30       0x2a .build/obj_ergodash_mini_niko/common/action_layer.o
                0x0000000000002e30                layer_move
 .text.layer_on
                0x0000000000002e5a       0x42 .build/obj_ergodash_mini_niko/common/action_layer.o
                0x0000000000002e5a                layer_on
 .text.layer_off
                0x0000000000002e9c       0x4a .build/obj_ergodash_mini_niko/common/action_layer.o
                0x0000000000002e9c                layer_off
 .text.layer_invert
                0x0000000000002ee6       0x42 .build/obj_ergodash_mini_niko/common/action_layer.o
                0x0000000000002ee6                layer_invert
 .text.layer_or
                0x0000000000002f28       0x24 .build/obj_ergodash_mini_niko/common/action_layer.o
                0x0000000000002f28                layer_or
 .text.layer_and
                0x0000000000002f4c       0x24 .build/obj_ergodash_mini_niko/common/action_layer.o
                0x0000000000002f4c                layer_and
 .text.layer_xor
                0x0000000000002f70       0x24 .build/obj_ergodash_mini_niko/common/action_layer.o
                0x0000000000002f70                layer_xor
 .text.layer_debug
                0x0000000000002f94        0x2 .build/obj_ergodash_mini_niko/common/action_layer.o
                0x0000000000002f94                layer_debug
 .text.update_source_layers_cache
                0x0000000000002f96       0x56 .build/obj_ergodash_mini_niko/common/action_layer.o
                0x0000000000002f96                update_source_layers_cache
 .text.read_source_layers_cache
                0x0000000000002fec       0x58 .build/obj_ergodash_mini_niko/common/action_layer.o
                0x0000000000002fec                read_source_layers_cache
 .text.layer_switch_get_layer
                0x0000000000003044       0x84 .build/obj_ergodash_mini_niko/common/action_layer.o
                0x0000000000003044                layer_switch_get_layer
 .text.layer_switch_get_action
                0x00000000000030c8       0x16 .build/obj_ergodash_mini_niko/common/action_layer.o
                0x00000000000030c8                layer_switch_get_action
 .text.store_or_get_action
                0x00000000000030de       0x46 .build/obj_ergodash_mini_niko/common/action_layer.o
                0x00000000000030de                store_or_get_action
 .text.get_oneshot_layer
                0x0000000000003124        0xc .build/obj_ergodash_mini_niko/common/action_util.o
                0x0000000000003124                get_oneshot_layer
 .text.get_oneshot_layer_state
                0x0000000000003130        0x8 .build/obj_ergodash_mini_niko/common/action_util.o
                0x0000000000003130                get_oneshot_layer_state
 .text.is_oneshot_layer_active
                0x0000000000003138        0xe .build/obj_ergodash_mini_niko/common/action_util.o
                0x0000000000003138                is_oneshot_layer_active
 .text.get_mods
                0x0000000000003146        0x6 .build/obj_ergodash_mini_niko/common/action_util.o
                0x0000000000003146                get_mods
 .text.add_mods
                0x000000000000314c        0xc .build/obj_ergodash_mini_niko/common/action_util.o
                0x000000000000314c                add_mods
 .text.del_mods
                0x0000000000003158        0xe .build/obj_ergodash_mini_niko/common/action_util.o
                0x0000000000003158                del_mods
 .text.clear_mods
                0x0000000000003166        0x6 .build/obj_ergodash_mini_niko/common/action_util.o
                0x0000000000003166                clear_mods
 .text.add_weak_mods
                0x000000000000316c        0xc .build/obj_ergodash_mini_niko/common/action_util.o
                0x000000000000316c                add_weak_mods
 .text.del_weak_mods
                0x0000000000003178        0xe .build/obj_ergodash_mini_niko/common/action_util.o
                0x0000000000003178                del_weak_mods
 .text.clear_weak_mods
                0x0000000000003186        0x6 .build/obj_ergodash_mini_niko/common/action_util.o
                0x0000000000003186                clear_weak_mods
 .text.add_macro_mods
                0x000000000000318c        0xc .build/obj_ergodash_mini_niko/common/action_util.o
                0x000000000000318c                add_macro_mods
 .text.del_macro_mods
                0x0000000000003198        0xe .build/obj_ergodash_mini_niko/common/action_util.o
                0x0000000000003198                del_macro_mods
 .text.clear_macro_mods
                0x00000000000031a6        0x6 .build/obj_ergodash_mini_niko/common/action_util.o
                0x00000000000031a6                clear_macro_mods
 .text.get_oneshot_mods
                0x00000000000031ac        0x6 .build/obj_ergodash_mini_niko/common/action_util.o
                0x00000000000031ac                get_oneshot_mods
 .text.oneshot_layer_changed_user
                0x00000000000031b2        0x2 .build/obj_ergodash_mini_niko/common/action_util.o
                0x00000000000031b2                oneshot_layer_changed_user
 .text.oneshot_mods_changed_user
                0x00000000000031b4        0x4 .build/obj_ergodash_mini_niko/common/action_util.o
                0x00000000000031b4                oneshot_mods_changed_user
 .text.oneshot_mods_changed_kb
                0x00000000000031b8        0x4 .build/obj_ergodash_mini_niko/common/action_util.o
                0x00000000000031b8                oneshot_mods_changed_kb
 .text.set_oneshot_mods
                0x00000000000031bc       0x12 .build/obj_ergodash_mini_niko/common/action_util.o
                0x00000000000031bc                set_oneshot_mods
 .text.clear_oneshot_mods
                0x00000000000031ce       0x14 .build/obj_ergodash_mini_niko/common/action_util.o
                0x00000000000031ce                clear_oneshot_mods
 .text.send_keyboard_report
                0x00000000000031e2       0x66 .build/obj_ergodash_mini_niko/common/action_util.o
                0x00000000000031e2                send_keyboard_report
 .text.oneshot_layer_changed_kb
                0x0000000000003248        0x4 .build/obj_ergodash_mini_niko/common/action_util.o
                0x0000000000003248                oneshot_layer_changed_kb
 .text.set_oneshot_layer
                0x000000000000324c       0x20 .build/obj_ergodash_mini_niko/common/action_util.o
                0x000000000000324c                set_oneshot_layer
 .text.reset_oneshot_layer
                0x000000000000326c        0xa .build/obj_ergodash_mini_niko/common/action_util.o
                0x000000000000326c                reset_oneshot_layer
 .text.clear_oneshot_layer_state
                0x0000000000003276       0x32 .build/obj_ergodash_mini_niko/common/action_util.o
                0x0000000000003276                clear_oneshot_layer_state
 .text.eeconfig_is_enabled
                0x00000000000032a8       0x16 .build/obj_ergodash_mini_niko/common/eeconfig.o
                0x00000000000032a8                eeconfig_is_enabled
 .text.eeconfig_read_debug
                0x00000000000032be        0x8 .build/obj_ergodash_mini_niko/common/eeconfig.o
                0x00000000000032be                eeconfig_read_debug
 .text.eeconfig_read_default_layer
                0x00000000000032c6        0x8 .build/obj_ergodash_mini_niko/common/eeconfig.o
                0x00000000000032c6                eeconfig_read_default_layer
 .text.eeconfig_read_keymap
                0x00000000000032ce       0x22 .build/obj_ergodash_mini_niko/common/eeconfig.o
                0x00000000000032ce                eeconfig_read_keymap
 .text.eeconfig_update_keymap
                0x00000000000032f0       0x1a .build/obj_ergodash_mini_niko/common/eeconfig.o
                0x00000000000032f0                eeconfig_update_keymap
 .text.eeconfig_update_kb
                0x000000000000330a        0xc .build/obj_ergodash_mini_niko/common/eeconfig.o
                0x000000000000330a                eeconfig_update_kb
 .text.eeconfig_update_user
                0x0000000000003316        0xc .build/obj_ergodash_mini_niko/common/eeconfig.o
                0x0000000000003316                eeconfig_update_user
 .text.eeconfig_init_user
                0x0000000000003322        0xa .build/obj_ergodash_mini_niko/common/eeconfig.o
                0x0000000000003322                eeconfig_init_user
 .text.eeconfig_init_kb
                0x000000000000332c        0xe .build/obj_ergodash_mini_niko/common/eeconfig.o
                0x000000000000332c                eeconfig_init_kb
 .text.eeconfig_init_quantum
                0x000000000000333a       0xae .build/obj_ergodash_mini_niko/common/eeconfig.o
                0x000000000000333a                eeconfig_init_quantum
 .text.eeconfig_init
                0x00000000000033e8        0x4 .build/obj_ergodash_mini_niko/common/eeconfig.o
                0x00000000000033e8                eeconfig_init
 .text.eeconfig_read_handedness
                0x00000000000033ec       0x14 .build/obj_ergodash_mini_niko/common/eeconfig.o
                0x00000000000033ec                eeconfig_read_handedness
 .text.eeconfig_update_handedness
                0x0000000000003400        0xa .build/obj_ergodash_mini_niko/common/eeconfig.o
                0x0000000000003400                eeconfig_update_handedness
 .text.has_anykey
                0x000000000000340a       0x18 .build/obj_ergodash_mini_niko/common/report.o
                0x000000000000340a                has_anykey
 .text.add_key_byte
                0x0000000000003422       0x34 .build/obj_ergodash_mini_niko/common/report.o
                0x0000000000003422                add_key_byte
 .text.del_key_byte
                0x0000000000003456       0x1a .build/obj_ergodash_mini_niko/common/report.o
                0x0000000000003456                del_key_byte
 .text.add_key_to_report
                0x0000000000003470        0x4 .build/obj_ergodash_mini_niko/common/report.o
                0x0000000000003470                add_key_to_report
 .text.del_key_from_report
                0x0000000000003474        0x4 .build/obj_ergodash_mini_niko/common/report.o
                0x0000000000003474                del_key_from_report
 .text.clear_keys_from_report
                0x0000000000003478        0xe .build/obj_ergodash_mini_niko/common/report.o
                0x0000000000003478                clear_keys_from_report
 .text.suspend_wakeup_init_user
                0x0000000000003486        0x2 .build/obj_ergodash_mini_niko/common/avr/suspend.o
                0x0000000000003486                suspend_wakeup_init_user
 .text.matrix_power_down
                0x0000000000003488        0x4 .build/obj_ergodash_mini_niko/common/avr/suspend.o
                0x0000000000003488                matrix_power_down
 .text.matrix_power_up
                0x000000000000348c        0x4 .build/obj_ergodash_mini_niko/common/avr/suspend.o
                0x000000000000348c                matrix_power_up
 .text.suspend_wakeup_condition
                0x0000000000003490       0x28 .build/obj_ergodash_mini_niko/common/avr/suspend.o
                0x0000000000003490                suspend_wakeup_condition
 .text.suspend_power_down_user
                0x00000000000034b8        0x4 .build/obj_ergodash_mini_niko/common/avr/suspend.o
                0x00000000000034b8                suspend_power_down_user
 .text.suspend_power_down_kb
                0x00000000000034bc        0x4 .build/obj_ergodash_mini_niko/common/avr/suspend.o
                0x00000000000034bc                suspend_power_down_kb
 .text.suspend_power_down
                0x00000000000034c0       0x60 .build/obj_ergodash_mini_niko/common/avr/suspend.o
                0x00000000000034c0                suspend_power_down
 .text.suspend_wakeup_init_kb
                0x0000000000003520        0x4 .build/obj_ergodash_mini_niko/common/avr/suspend.o
                0x0000000000003520                suspend_wakeup_init_kb
 .text.suspend_wakeup_init
                0x0000000000003524       0x10 .build/obj_ergodash_mini_niko/common/avr/suspend.o
                0x0000000000003524                suspend_wakeup_init
 .text.__vector_12
                0x0000000000003534       0x52 .build/obj_ergodash_mini_niko/common/avr/suspend.o
                0x0000000000003534                __vector_12
 .text.timer_init
                0x0000000000003586       0x12 .build/obj_ergodash_mini_niko/common/avr/timer.o
                0x0000000000003586                timer_init
 .text.timer_read
                0x0000000000003598       0x18 .build/obj_ergodash_mini_niko/common/avr/timer.o
                0x0000000000003598                timer_read
 .text.timer_elapsed
                0x00000000000035b0       0x54 .build/obj_ergodash_mini_niko/common/avr/timer.o
                0x00000000000035b0                timer_elapsed
 .text.__vector_21
                0x0000000000003604       0x4c .build/obj_ergodash_mini_niko/common/avr/timer.o
                0x0000000000003604                __vector_21
 .text.bootloader_jump
                0x0000000000003650       0x22 .build/obj_ergodash_mini_niko/common/avr/bootloader.o
                0x0000000000003650                bootloader_jump
 .text.magic    0x0000000000003672       0x30 .build/obj_ergodash_mini_niko/common/magic.o
                0x0000000000003672                magic
 .text.keyboard_leds
                0x00000000000036a2        0x6 .build/obj_ergodash_mini_niko/lufa.o
 .text.send_mouse
                0x00000000000036a8        0x2 .build/obj_ergodash_mini_niko/lufa.o
 .text.send_consumer
                0x00000000000036aa       0x76 .build/obj_ergodash_mini_niko/lufa.o
 .text.send_system
                0x0000000000003720       0x6c .build/obj_ergodash_mini_niko/lufa.o
 .text.send_keyboard
                0x000000000000378c       0x66 .build/obj_ergodash_mini_niko/lufa.o
 .text.EVENT_USB_Device_Connect
                0x00000000000037f2       0x1c .build/obj_ergodash_mini_niko/lufa.o
                0x00000000000037f2                EVENT_USB_Device_Connect
 .text.EVENT_USB_Device_Disconnect
                0x000000000000380e        0x6 .build/obj_ergodash_mini_niko/lufa.o
                0x000000000000380e                EVENT_USB_Device_Disconnect
 .text.EVENT_USB_Device_Reset
                0x0000000000003814        0x2 .build/obj_ergodash_mini_niko/lufa.o
                0x0000000000003814                EVENT_USB_Device_Reset
 .text.EVENT_USB_Device_Suspend
                0x0000000000003816        0x2 .build/obj_ergodash_mini_niko/lufa.o
                0x0000000000003816                EVENT_USB_Device_Suspend
 .text.EVENT_USB_Device_WakeUp
                0x0000000000003818        0x4 .build/obj_ergodash_mini_niko/lufa.o
                0x0000000000003818                EVENT_USB_Device_WakeUp
 .text.EVENT_USB_Device_ConfigurationChanged
                0x000000000000381c       0x14 .build/obj_ergodash_mini_niko/lufa.o
                0x000000000000381c                EVENT_USB_Device_ConfigurationChanged
 .text.EVENT_USB_Device_ControlRequest
                0x0000000000003830      0x17a .build/obj_ergodash_mini_niko/lufa.o
                0x0000000000003830                EVENT_USB_Device_ControlRequest
 .text.startup.main
                0x00000000000039aa       0x76 .build/obj_ergodash_mini_niko/lufa.o
                0x00000000000039aa                main
 .text.CALLBACK_USB_GetDescriptor
                0x0000000000003a20        0x4 .build/obj_ergodash_mini_niko/lufa.o
                0x0000000000003a20                CALLBACK_USB_GetDescriptor
 .text.get_usb_descriptor
                0x0000000000003a24       0xbe .build/obj_ergodash_mini_niko/usb_descriptor.o
                0x0000000000003a24                get_usb_descriptor
 .text.set_output_user
                0x0000000000003ae2        0x2 .build/obj_ergodash_mini_niko/outputselect.o
                0x0000000000003ae2                set_output_user
 .text.set_output
                0x0000000000003ae4       0x10 .build/obj_ergodash_mini_niko/outputselect.o
                0x0000000000003ae4                set_output
 .text.auto_detect_output
                0x0000000000003af4       0x10 .build/obj_ergodash_mini_niko/outputselect.o
                0x0000000000003af4                auto_detect_output
 .text.where_to_send
                0x0000000000003b04        0xe .build/obj_ergodash_mini_niko/outputselect.o
                0x0000000000003b04                where_to_send
 .text.USB_Device_SendRemoteWakeup
                0x0000000000003b12       0x2c .build/obj_ergodash_mini_niko/lib/lufa/LUFA/Drivers/USB/Core/AVR8/Device_AVR8.o
                0x0000000000003b12                USB_Device_SendRemoteWakeup
 .text.Endpoint_Write_Stream_LE
                0x0000000000003b3e       0x96 .build/obj_ergodash_mini_niko/lib/lufa/LUFA/Drivers/USB/Core/AVR8/EndpointStream_AVR8.o
                0x0000000000003b3e                Endpoint_Write_Stream_LE
 .text.Endpoint_Write_Control_Stream_LE
                0x0000000000003bd4       0xbc .build/obj_ergodash_mini_niko/lib/lufa/LUFA/Drivers/USB/Core/AVR8/EndpointStream_AVR8.o
                0x0000000000003bd4                Endpoint_Write_Control_Stream_LE
 .text.Endpoint_Write_Control_PStream_LE
                0x0000000000003c90       0xc2 .build/obj_ergodash_mini_niko/lib/lufa/LUFA/Drivers/USB/Core/AVR8/EndpointStream_AVR8.o
                0x0000000000003c90                Endpoint_Write_Control_PStream_LE
 .text.Endpoint_ConfigureEndpoint_Prv
                0x0000000000003d52       0x6a .build/obj_ergodash_mini_niko/lib/lufa/LUFA/Drivers/USB/Core/AVR8/Endpoint_AVR8.o
                0x0000000000003d52                Endpoint_ConfigureEndpoint_Prv
 .text.Endpoint_ClearStatusStage
                0x0000000000003dbc       0x3e .build/obj_ergodash_mini_niko/lib/lufa/LUFA/Drivers/USB/Core/AVR8/Endpoint_AVR8.o
                0x0000000000003dbc                Endpoint_ClearStatusStage
 .text.Endpoint_WaitUntilReady
                0x0000000000003dfa       0x66 .build/obj_ergodash_mini_niko/lib/lufa/LUFA/Drivers/USB/Core/AVR8/Endpoint_AVR8.o
                0x0000000000003dfa                Endpoint_WaitUntilReady
 .text.USB_Disable
                0x0000000000003e60       0x34 .build/obj_ergodash_mini_niko/lib/lufa/LUFA/Drivers/USB/Core/AVR8/USBController_AVR8.o
                0x0000000000003e60                USB_Disable
 .text.USB_ResetInterface
                0x0000000000003e94       0x86 .build/obj_ergodash_mini_niko/lib/lufa/LUFA/Drivers/USB/Core/AVR8/USBController_AVR8.o
                0x0000000000003e94                USB_ResetInterface
 .text.USB_Init
                0x0000000000003f1a       0x22 .build/obj_ergodash_mini_niko/lib/lufa/LUFA/Drivers/USB/Core/AVR8/USBController_AVR8.o
                0x0000000000003f1a                USB_Init
 .text.USB_INT_DisableAllInterrupts
                0x0000000000003f3c       0x10 .build/obj_ergodash_mini_niko/lib/lufa/LUFA/Drivers/USB/Core/AVR8/USBInterrupt_AVR8.o
                0x0000000000003f3c                USB_INT_DisableAllInterrupts
 .text.USB_INT_ClearAllInterrupts
                0x0000000000003f4c        0xa .build/obj_ergodash_mini_niko/lib/lufa/LUFA/Drivers/USB/Core/AVR8/USBInterrupt_AVR8.o
                0x0000000000003f4c                USB_INT_ClearAllInterrupts
 .text.__vector_10
                0x0000000000003f56      0x1a4 .build/obj_ergodash_mini_niko/lib/lufa/LUFA/Drivers/USB/Core/AVR8/USBInterrupt_AVR8.o
                0x0000000000003f56                __vector_10
 .text.__vector_11
                0x00000000000040fa       0x88 .build/obj_ergodash_mini_niko/lib/lufa/LUFA/Drivers/USB/Core/AVR8/USBInterrupt_AVR8.o
                0x00000000000040fa                __vector_11
 .text.USB_Device_ProcessControlRequest
                0x0000000000004182      0x2c0 .build/obj_ergodash_mini_niko/lib/lufa/LUFA/Drivers/USB/Core/DeviceStandardReq.o
                0x0000000000004182                USB_Device_ProcessControlRequest
 .text.USB_Event_Stub
                0x0000000000004442        0x2 .build/obj_ergodash_mini_niko/lib/lufa/LUFA/Drivers/USB/Core/Events.o
                0x0000000000004442                USB_Event_Stub
                0x0000000000004442                EVENT_USB_Device_StartOfFrame
 .text.USB_USBTask
                0x0000000000004444       0x36 .build/obj_ergodash_mini_niko/lib/lufa/LUFA/Drivers/USB/Core/USBTask.o
                0x0000000000004444                USB_USBTask
 .text.libgcc   0x000000000000447a        0xc /usr/lib/gcc/avr/5.4.0/avr5/libgcc.a(_tablejump2.o)
                0x000000000000447a                __tablejump2__
 .text.avr-libc
                0x0000000000004486       0x10 /usr/lib/gcc/avr/5.4.0/../../../avr/lib/avr5/libatmega32u4.a(eerd_byte.o)
                0x0000000000004486                eeprom_read_byte
 .text.avr-libc
                0x0000000000004496        0xc /usr/lib/gcc/avr/5.4.0/../../../avr/lib/avr5/libatmega32u4.a(eerd_word.o)
                0x0000000000004496                eeprom_read_word
 .text.avr-libc
                0x00000000000044a2       0x24 /usr/lib/gcc/avr/5.4.0/../../../avr/lib/avr5/libatmega32u4.a(eeupd_byte.o)
                0x00000000000044a2                eeprom_update_byte
                0x00000000000044a4                eeprom_update_r18
 .text.avr-libc
                0x00000000000044c6       0x18 /usr/lib/gcc/avr/5.4.0/../../../avr/lib/avr5/libatmega32u4.a(eeupd_dword.o)
                0x00000000000044c6                eeprom_update_dword
                0x00000000000044c6                eeprom_update_float
 .text.avr-libc
                0x00000000000044de        0xc /usr/lib/gcc/avr/5.4.0/../../../avr/lib/avr5/libatmega32u4.a(eeupd_word.o)
                0x00000000000044de                eeprom_update_word
 .text.avr-libc
                0x00000000000044ea       0x20 /usr/lib/gcc/avr/5.4.0/../../../avr/lib/avr5/libatmega32u4.a(eerd_block.o)
                0x00000000000044ea                eeprom_read_block
                0x00000000000044ee                eeprom_read_blraw
                0x000000000000450a                . = ALIGN (0x2)
 *(.fini9)
 .fini9         0x000000000000450a        0x0 /usr/lib/gcc/avr/5.4.0/avr5/libgcc.a(_exit.o)
                0x000000000000450a                exit
                0x000000000000450a                _exit
 *(.fini9)
 *(.fini8)
 *(.fini8)
 *(.fini7)
 *(.fini7)
 *(.fini6)
 *(.fini6)
 *(.fini5)
 *(.fini5)
 *(.fini4)
 *(.fini4)
 *(.fini3)
 *(.fini3)
 *(.fini2)
 *(.fini2)
 *(.fini1)
 *(.fini1)
 *(.fini0)
 .fini0         0x000000000000450a        0x4 /usr/lib/gcc/avr/5.4.0/avr5/libgcc.a(_exit.o)
 *(.fini0)
                0x000000000000450e                _etext = .

.data           0x0000000000800100       0x26 load address 0x000000000000450e
                0x0000000000800100                PROVIDE (__data_start, .)
 *(.data)
 *(.data*)
 .data.isLeftHand
                0x0000000000800100        0x1 .build/obj_ergodash_mini_niko/quantum/split_common/split_util.o
                0x0000000000800100                isLeftHand
 .data.transactions
                0x0000000000800101        0x8 .build/obj_ergodash_mini_niko/quantum/split_common/transport.o
                0x0000000000800101                transactions
 .data.keyboard_report
                0x0000000000800109        0x2 .build/obj_ergodash_mini_niko/common/action_util.o
                0x0000000000800109                keyboard_report
 .data.lufa_driver
                0x000000000080010b        0xa .build/obj_ergodash_mini_niko/lufa.o
                0x000000000080010b                lufa_driver
 .data.keyboard_protocol
                0x0000000000800115        0x1 .build/obj_ergodash_mini_niko/lufa.o
                0x0000000000800115                keyboard_protocol
 *(.rodata)
 *(.rodata*)
 .rodata.col_pins
                0x0000000000800116        0x7 .build/obj_ergodash_mini_niko/quantum/split_common/matrix.o
 .rodata.row_pins
                0x000000000080011d        0x8 .build/obj_ergodash_mini_niko/quantum/split_common/matrix.o
 *(.gnu.linkonce.d*)
                0x0000000000800126                . = ALIGN (0x2)
 *fill*         0x0000000000800125        0x1 
                0x0000000000800126                _edata = .
                0x0000000000800126                PROVIDE (__data_end, .)

.bss            0x0000000000800126       0xbe
                0x0000000000800126                PROVIDE (__bss_start, .)
 *(.bss)
 *(.bss*)
 .bss.grave_esc_was_shifted
                0x0000000000800126        0x1 .build/obj_ergodash_mini_niko/quantum/quantum.o
 .bss.error_count.3713
                0x0000000000800127        0x1 .build/obj_ergodash_mini_niko/quantum/split_common/matrix.o
 .bss.raw_matrix
                0x0000000000800128        0x4 .build/obj_ergodash_mini_niko/quantum/split_common/matrix.o
 .bss.matrix    0x000000000080012c        0x8 .build/obj_ergodash_mini_niko/quantum/split_common/matrix.o
 .bss.debouncing_time
                0x0000000000800134        0x2 .build/obj_ergodash_mini_niko/quantum/debounce/sym_g.o
 .bss.debouncing
                0x0000000000800136        0x1 .build/obj_ergodash_mini_niko/quantum/debounce/sym_g.o
 .bss.usbstate.3622
                0x0000000000800137        0x1 .build/obj_ergodash_mini_niko/quantum/split_common/split_util.o
 .bss.status0   0x0000000000800138        0x1 .build/obj_ergodash_mini_niko/quantum/split_common/transport.o
                0x0000000000800138                status0
 .bss.serial_m2s_buffer
                0x0000000000800139        0x0 .build/obj_ergodash_mini_niko/quantum/split_common/transport.o
                0x0000000000800139                serial_m2s_buffer
 .bss.serial_s2m_buffer
                0x0000000000800139        0x4 .build/obj_ergodash_mini_niko/quantum/split_common/transport.o
                0x0000000000800139                serial_s2m_buffer
 .bss.sc_timer  0x000000000080013d        0x2 .build/obj_ergodash_mini_niko/quantum/process_keycode/process_space_cadet.o
 .bss.sc_last   0x000000000080013f        0x1 .build/obj_ergodash_mini_niko/quantum/process_keycode/process_space_cadet.o
 .bss.Transaction_table
                0x0000000000800140        0x2 .build/obj_ergodash_mini_niko/quantum/split_common/serial.a(serial.o)
 .bss.last_consumer_report
                0x0000000000800142        0x2 .build/obj_ergodash_mini_niko/common/host.o
 .bss.last_system_report
                0x0000000000800144        0x2 .build/obj_ergodash_mini_niko/common/host.o
 .bss.driver    0x0000000000800146        0x2 .build/obj_ergodash_mini_niko/common/host.o
 .bss.led_status.2939
                0x0000000000800148        0x1 .build/obj_ergodash_mini_niko/common/keyboard.o
 .bss.matrix_prev.2938
                0x0000000000800149        0x8 .build/obj_ergodash_mini_niko/common/keyboard.o
 .bss.disable_action_cache
                0x0000000000800151        0x1 .build/obj_ergodash_mini_niko/common/action.o
                0x0000000000800151                disable_action_cache
 .bss.waiting_buffer_tail
                0x0000000000800152        0x1 .build/obj_ergodash_mini_niko/common/action_tapping.o
 .bss.waiting_buffer_head
                0x0000000000800153        0x1 .build/obj_ergodash_mini_niko/common/action_tapping.o
 .bss.waiting_buffer
                0x0000000000800154       0x30 .build/obj_ergodash_mini_niko/common/action_tapping.o
 .bss.tapping_key
                0x0000000000800184        0x6 .build/obj_ergodash_mini_niko/common/action_tapping.o
 .bss.source_layers_cache
                0x000000000080018a       0x23 .build/obj_ergodash_mini_niko/common/action_layer.o
                0x000000000080018a                source_layers_cache
 .bss.layer_state
                0x00000000008001ad        0x4 .build/obj_ergodash_mini_niko/common/action_layer.o
                0x00000000008001ad                layer_state
 .bss.default_layer_state
                0x00000000008001b1        0x4 .build/obj_ergodash_mini_niko/common/action_layer.o
                0x00000000008001b1                default_layer_state
 .bss.oneshot_layer_data
                0x00000000008001b5        0x1 .build/obj_ergodash_mini_niko/common/action_util.o
 .bss.oneshot_mods
                0x00000000008001b6        0x1 .build/obj_ergodash_mini_niko/common/action_util.o
 .bss.__compound_literal.0
                0x00000000008001b7        0x8 .build/obj_ergodash_mini_niko/common/action_util.o
 .bss.macro_mods
                0x00000000008001bf        0x1 .build/obj_ergodash_mini_niko/common/action_util.o
 .bss.weak_mods
                0x00000000008001c0        0x1 .build/obj_ergodash_mini_niko/common/action_util.o
 .bss.real_mods
                0x00000000008001c1        0x1 .build/obj_ergodash_mini_niko/common/action_util.o
 .bss.debug_config
                0x00000000008001c2        0x1 .build/obj_ergodash_mini_niko/common/debug.o
                0x00000000008001c2                debug_config
 .bss.wdt_timeout
                0x00000000008001c3        0x1 .build/obj_ergodash_mini_niko/common/avr/suspend.o
 .bss.keyboard_report_sent
                0x00000000008001c4        0x8 .build/obj_ergodash_mini_niko/lufa.o
 .bss.keyboard_led_stats
                0x00000000008001cc        0x1 .build/obj_ergodash_mini_niko/lufa.o
 .bss.keyboard_idle
                0x00000000008001cd        0x1 .build/obj_ergodash_mini_niko/lufa.o
                0x00000000008001cd                keyboard_idle
 .bss.desired_output
                0x00000000008001ce        0x1 .build/obj_ergodash_mini_niko/outputselect.o
                0x00000000008001ce                desired_output
 *(COMMON)
 COMMON         0x00000000008001cf        0x2 .build/obj_ergodash_mini_niko/quantum/split_common/matrix.o
                0x00000000008001cf                thatHand
                0x00000000008001d0                thisHand
 COMMON         0x00000000008001d1        0x4 .build/obj_ergodash_mini_niko/common/avr/timer.o
                0x00000000008001d1                timer_count
 COMMON         0x00000000008001d5        0x2 .build/obj_ergodash_mini_niko/common/magic.o
                0x00000000008001d5                keymap_config
 COMMON         0x00000000008001d7        0x3 .build/obj_ergodash_mini_niko/lib/lufa/LUFA/Drivers/USB/Core/DeviceStandardReq.o
                0x00000000008001d7                USB_Device_ConfigurationNumber
                0x00000000008001d8                USB_Device_CurrentlySelfPowered
                0x00000000008001d9                USB_Device_RemoteWakeupEnabled
 COMMON         0x00000000008001da        0xa .build/obj_ergodash_mini_niko/lib/lufa/LUFA/Drivers/USB/Core/USBTask.o
                0x00000000008001da                USB_IsInitialized
                0x00000000008001db                USB_DeviceState
                0x00000000008001dc                USB_ControlRequest
                0x00000000008001e4                PROVIDE (__bss_end, .)
                0x000000000000450e                __data_load_start = LOADADDR (.data)
                0x0000000000004534                __data_load_end = (__data_load_start + SIZEOF (.data))

.noinit         0x00000000008001e4        0x4
                [!provide]                        PROVIDE (__noinit_start, .)
 *(.noinit*)
 .noinit        0x00000000008001e4        0x4 .build/obj_ergodash_mini_niko/common/avr/bootloader.o
                0x00000000008001e4                reset_key
                [!provide]                        PROVIDE (__noinit_end, .)
                0x00000000008001e8                _end = .
                [!provide]                        PROVIDE (__heap_start, .)

.eeprom         0x0000000000810000        0x0
 *(.eeprom*)
                0x0000000000810000                __eeprom_end = .

.fuse
 *(.fuse)
 *(.lfuse)
 *(.hfuse)
 *(.efuse)

.lock
 *(.lock*)

.signature
 *(.signature*)

.user_signatures
 *(.user_signatures*)

.stab
 *(.stab)

.stabstr        0x0000000000000000       0x6d
 *(.stabstr)
 .stabstr       0x0000000000000000       0x6d .build/obj_ergodash_mini_niko/common/avr/xprintf.o

.stab.excl
 *(.stab.excl)

.stab.exclstr
 *(.stab.exclstr)

.stab.index
 *(.stab.index)

.stab.indexstr
 *(.stab.indexstr)

.comment        0x0000000000000000       0x11
 *(.comment)
 .comment       0x0000000000000000       0x11 .build/obj_ergodash_mini_niko/keyboards/ergodash/mini/keymaps/niko/keymap.o
                                         0x12 (size before relaxing)
 .comment       0x0000000000000011       0x12 .build/obj_ergodash_mini_niko/quantum/quantum.o
 .comment       0x0000000000000011       0x12 .build/obj_ergodash_mini_niko/quantum/keymap_common.o
 .comment       0x0000000000000011       0x12 .build/obj_ergodash_mini_niko/quantum/keycode_config.o
 .comment       0x0000000000000011       0x12 .build/obj_ergodash_mini_niko/quantum/split_common/matrix.o
 .comment       0x0000000000000011       0x12 .build/obj_ergodash_mini_niko/quantum/debounce/sym_g.o
 .comment       0x0000000000000011       0x12 .build/obj_ergodash_mini_niko/quantum/split_common/split_util.o
 .comment       0x0000000000000011       0x12 .build/obj_ergodash_mini_niko/quantum/split_common/transport.o
 .comment       0x0000000000000011       0x12 .build/obj_ergodash_mini_niko/quantum/process_keycode/process_space_cadet.o
 .comment       0x0000000000000011       0x12 .build/obj_ergodash_mini_niko/quantum/split_common/serial.a(serial.o)
 .comment       0x0000000000000011       0x12 .build/obj_ergodash_mini_niko/common/host.o
 .comment       0x0000000000000011       0x12 .build/obj_ergodash_mini_niko/common/keyboard.o
 .comment       0x0000000000000011       0x12 .build/obj_ergodash_mini_niko/common/action.o
 .comment       0x0000000000000011       0x12 .build/obj_ergodash_mini_niko/common/action_tapping.o
 .comment       0x0000000000000011       0x12 .build/obj_ergodash_mini_niko/common/action_macro.o
 .comment       0x0000000000000011       0x12 .build/obj_ergodash_mini_niko/common/action_layer.o
 .comment       0x0000000000000011       0x12 .build/obj_ergodash_mini_niko/common/action_util.o
 .comment       0x0000000000000011       0x12 .build/obj_ergodash_mini_niko/common/debug.o
 .comment       0x0000000000000011       0x12 .build/obj_ergodash_mini_niko/common/eeconfig.o
 .comment       0x0000000000000011       0x12 .build/obj_ergodash_mini_niko/common/report.o
 .comment       0x0000000000000011       0x12 .build/obj_ergodash_mini_niko/common/avr/suspend.o
 .comment       0x0000000000000011       0x12 .build/obj_ergodash_mini_niko/common/avr/timer.o
 .comment       0x0000000000000011       0x12 .build/obj_ergodash_mini_niko/common/avr/bootloader.o
 .comment       0x0000000000000011       0x12 .build/obj_ergodash_mini_niko/common/magic.o
 .comment       0x0000000000000011       0x12 .build/obj_ergodash_mini_niko/lufa.o
 .comment       0x0000000000000011       0x12 .build/obj_ergodash_mini_niko/usb_descriptor.o
 .comment       0x0000000000000011       0x12 .build/obj_ergodash_mini_niko/outputselect.o
 .comment       0x0000000000000011       0x12 .build/obj_ergodash_mini_niko/lib/lufa/LUFA/Drivers/USB/Core/AVR8/Device_AVR8.o
 .comment       0x0000000000000011       0x12 .build/obj_ergodash_mini_niko/lib/lufa/LUFA/Drivers/USB/Core/AVR8/EndpointStream_AVR8.o
 .comment       0x0000000000000011       0x12 .build/obj_ergodash_mini_niko/lib/lufa/LUFA/Drivers/USB/Core/AVR8/Endpoint_AVR8.o
 .comment       0x0000000000000011       0x12 .build/obj_ergodash_mini_niko/lib/lufa/LUFA/Drivers/USB/Core/AVR8/USBController_AVR8.o
 .comment       0x0000000000000011       0x12 .build/obj_ergodash_mini_niko/lib/lufa/LUFA/Drivers/USB/Core/AVR8/USBInterrupt_AVR8.o
 .comment       0x0000000000000011       0x12 .build/obj_ergodash_mini_niko/lib/lufa/LUFA/Drivers/USB/Core/DeviceStandardReq.o
 .comment       0x0000000000000011       0x12 .build/obj_ergodash_mini_niko/lib/lufa/LUFA/Drivers/USB/Core/Events.o
 .comment       0x0000000000000011       0x12 .build/obj_ergodash_mini_niko/lib/lufa/LUFA/Drivers/USB/Core/USBTask.o

.note.gnu.avr.deviceinfo
                0x0000000000000000       0x40
 .note.gnu.avr.deviceinfo
                0x0000000000000000       0x40 /usr/lib/gcc/avr/5.4.0/../../../avr/lib/avr5/crtatmega32u4.o

.note.gnu.build-id
 *(.note.gnu.build-id)

.debug
 *(.debug)

.line
 *(.line)

.debug_srcinfo
 *(.debug_srcinfo)

.debug_sfnames
 *(.debug_sfnames)

.debug_aranges  0x0000000000000000      0xc90
 *(.debug_aranges)
 .debug_aranges
                0x0000000000000000       0x18 .build/obj_ergodash_mini_niko/keyboards/ergodash/mini/keymaps/niko/keymap.o
 .debug_aranges
                0x0000000000000018      0x130 .build/obj_ergodash_mini_niko/quantum/quantum.o
 .debug_aranges
                0x0000000000000148       0x40 .build/obj_ergodash_mini_niko/quantum/keymap_common.o
 .debug_aranges
                0x0000000000000188       0x28 .build/obj_ergodash_mini_niko/quantum/keycode_config.o
 .debug_aranges
                0x00000000000001b0       0x80 .build/obj_ergodash_mini_niko/quantum/split_common/matrix.o
 .debug_aranges
                0x0000000000000230       0x30 .build/obj_ergodash_mini_niko/quantum/debounce/sym_g.o
 .debug_aranges
                0x0000000000000260       0x38 .build/obj_ergodash_mini_niko/quantum/split_common/split_util.o
 .debug_aranges
                0x0000000000000298       0x38 .build/obj_ergodash_mini_niko/quantum/split_common/transport.o
 .debug_aranges
                0x00000000000002d0       0x28 .build/obj_ergodash_mini_niko/quantum/process_keycode/process_space_cadet.o
 .debug_aranges
                0x00000000000002f8       0x68 .build/obj_ergodash_mini_niko/quantum/split_common/serial.a(serial.o)
 .debug_aranges
                0x0000000000000360       0x68 .build/obj_ergodash_mini_niko/common/host.o
 .debug_aranges
                0x00000000000003c8       0x60 .build/obj_ergodash_mini_niko/common/keyboard.o
 .debug_aranges
                0x0000000000000428       0xc0 .build/obj_ergodash_mini_niko/common/action.o
 .debug_aranges
                0x00000000000004e8       0x48 .build/obj_ergodash_mini_niko/common/action_tapping.o
 .debug_aranges
                0x0000000000000530       0x20 .build/obj_ergodash_mini_niko/common/action_macro.o
 .debug_aranges
                0x0000000000000550       0xe0 .build/obj_ergodash_mini_niko/common/action_layer.o
 .debug_aranges
                0x0000000000000630      0x140 .build/obj_ergodash_mini_niko/common/action_util.o
 .debug_aranges
                0x0000000000000770       0x18 .build/obj_ergodash_mini_niko/common/debug.o
 .debug_aranges
                0x0000000000000788       0xe8 .build/obj_ergodash_mini_niko/common/eeconfig.o
 .debug_aranges
                0x0000000000000870       0x50 .build/obj_ergodash_mini_niko/common/report.o
 .debug_aranges
                0x00000000000008c0       0x58 .build/obj_ergodash_mini_niko/common/avr/suspend.o
 .debug_aranges
                0x0000000000000918       0x50 .build/obj_ergodash_mini_niko/common/avr/timer.o
 .debug_aranges
                0x0000000000000968       0x28 .build/obj_ergodash_mini_niko/common/avr/bootloader.o
 .debug_aranges
                0x0000000000000990       0x20 .build/obj_ergodash_mini_niko/common/magic.o
 .debug_aranges
                0x00000000000009b0       0x88 .build/obj_ergodash_mini_niko/lufa.o
 .debug_aranges
                0x0000000000000a38       0x20 .build/obj_ergodash_mini_niko/usb_descriptor.o
 .debug_aranges
                0x0000000000000a58       0x38 .build/obj_ergodash_mini_niko/outputselect.o
 .debug_aranges
                0x0000000000000a90       0x20 .build/obj_ergodash_mini_niko/lib/lufa/LUFA/Drivers/USB/Core/AVR8/Device_AVR8.o
 .debug_aranges
                0x0000000000000ab0       0xc8 .build/obj_ergodash_mini_niko/lib/lufa/LUFA/Drivers/USB/Core/AVR8/EndpointStream_AVR8.o
 .debug_aranges
                0x0000000000000b78       0x40 .build/obj_ergodash_mini_niko/lib/lufa/LUFA/Drivers/USB/Core/AVR8/Endpoint_AVR8.o
 .debug_aranges
                0x0000000000000bb8       0x30 .build/obj_ergodash_mini_niko/lib/lufa/LUFA/Drivers/USB/Core/AVR8/USBController_AVR8.o
 .debug_aranges
                0x0000000000000be8       0x38 .build/obj_ergodash_mini_niko/lib/lufa/LUFA/Drivers/USB/Core/AVR8/USBInterrupt_AVR8.o
 .debug_aranges
                0x0000000000000c20       0x20 .build/obj_ergodash_mini_niko/lib/lufa/LUFA/Drivers/USB/Core/DeviceStandardReq.o
 .debug_aranges
                0x0000000000000c40       0x30 .build/obj_ergodash_mini_niko/lib/lufa/LUFA/Drivers/USB/Core/Events.o
 .debug_aranges
                0x0000000000000c70       0x20 .build/obj_ergodash_mini_niko/lib/lufa/LUFA/Drivers/USB/Core/USBTask.o

.debug_pubnames
 *(.debug_pubnames)

.debug_info     0x0000000000000000    0x1439f
 *(.debug_info .gnu.linkonce.wi.*)
 .debug_info    0x0000000000000000      0x9f4 /usr/lib/gcc/avr/5.4.0/../../../avr/lib/avr5/crtatmega32u4.o
 .debug_info    0x00000000000009f4      0xed2 .build/obj_ergodash_mini_niko/keyboards/ergodash/mini/keymaps/niko/keymap.o
 .debug_info    0x00000000000018c6     0x24a7 .build/obj_ergodash_mini_niko/quantum/quantum.o
 .debug_info    0x0000000000003d6d     0x18d0 .build/obj_ergodash_mini_niko/quantum/keymap_common.o
 .debug_info    0x000000000000563d      0x61f .build/obj_ergodash_mini_niko/quantum/keycode_config.o
 .debug_info    0x0000000000005c5c      0x758 .build/obj_ergodash_mini_niko/quantum/split_common/matrix.o
 .debug_info    0x00000000000063b4      0x223 .build/obj_ergodash_mini_niko/quantum/debounce/sym_g.o
 .debug_info    0x00000000000065d7      0x360 .build/obj_ergodash_mini_niko/quantum/split_common/split_util.o
 .debug_info    0x0000000000006937      0x373 .build/obj_ergodash_mini_niko/quantum/split_common/transport.o
 .debug_info    0x0000000000006caa     0x113d .build/obj_ergodash_mini_niko/quantum/process_keycode/process_space_cadet.o
 .debug_info    0x0000000000007de7      0xa62 .build/obj_ergodash_mini_niko/quantum/split_common/serial.a(serial.o)
 .debug_info    0x0000000000008849      0x4fd .build/obj_ergodash_mini_niko/common/host.o
 .debug_info    0x0000000000008d46      0x49a .build/obj_ergodash_mini_niko/common/keyboard.o
 .debug_info    0x00000000000091e0     0x1d41 .build/obj_ergodash_mini_niko/common/action.o
 .debug_info    0x000000000000af21      0xe95 .build/obj_ergodash_mini_niko/common/action_tapping.o
 .debug_info    0x000000000000bdb6      0x7fd .build/obj_ergodash_mini_niko/common/action_macro.o
 .debug_info    0x000000000000c5b3      0xbcf .build/obj_ergodash_mini_niko/common/action_layer.o
 .debug_info    0x000000000000d182      0x838 .build/obj_ergodash_mini_niko/common/action_util.o
 .debug_info    0x000000000000d9ba       0xfc .build/obj_ergodash_mini_niko/common/debug.o
 .debug_info    0x000000000000dab6      0x8da .build/obj_ergodash_mini_niko/common/eeconfig.o
 .debug_info    0x000000000000e390      0x304 .build/obj_ergodash_mini_niko/common/report.o
 .debug_info    0x000000000000e694      0x350 .build/obj_ergodash_mini_niko/common/avr/suspend.o
 .debug_info    0x000000000000e9e4      0x3a2 .build/obj_ergodash_mini_niko/common/avr/timer.o
 .debug_info    0x000000000000ed86      0x199 .build/obj_ergodash_mini_niko/common/avr/bootloader.o
 .debug_info    0x000000000000ef1f      0x2c3 .build/obj_ergodash_mini_niko/common/magic.o
 .debug_info    0x000000000000f1e2      0xf6a .build/obj_ergodash_mini_niko/lufa.o
 .debug_info    0x000000000001014c      0x79d .build/obj_ergodash_mini_niko/usb_descriptor.o
 .debug_info    0x00000000000108e9      0x1af .build/obj_ergodash_mini_niko/outputselect.o
 .debug_info    0x0000000000010a98       0xd2 .build/obj_ergodash_mini_niko/lib/lufa/LUFA/Drivers/USB/Core/AVR8/Device_AVR8.o
 .debug_info    0x0000000000010b6a     0x17b6 .build/obj_ergodash_mini_niko/lib/lufa/LUFA/Drivers/USB/Core/AVR8/EndpointStream_AVR8.o
 .debug_info    0x0000000000012320      0x620 .build/obj_ergodash_mini_niko/lib/lufa/LUFA/Drivers/USB/Core/AVR8/Endpoint_AVR8.o
 .debug_info    0x0000000000012940      0x4e7 .build/obj_ergodash_mini_niko/lib/lufa/LUFA/Drivers/USB/Core/AVR8/USBController_AVR8.o
 .debug_info    0x0000000000012e27      0x7e7 .build/obj_ergodash_mini_niko/lib/lufa/LUFA/Drivers/USB/Core/AVR8/USBInterrupt_AVR8.o
 .debug_info    0x000000000001360e      0xa41 .build/obj_ergodash_mini_niko/lib/lufa/LUFA/Drivers/USB/Core/DeviceStandardReq.o
 .debug_info    0x000000000001404f       0xde .build/obj_ergodash_mini_niko/lib/lufa/LUFA/Drivers/USB/Core/Events.o
 .debug_info    0x000000000001412d      0x272 .build/obj_ergodash_mini_niko/lib/lufa/LUFA/Drivers/USB/Core/USBTask.o

.debug_abbrev   0x0000000000000000     0x4a85
 *(.debug_abbrev)
 .debug_abbrev  0x0000000000000000      0x96a /usr/lib/gcc/avr/5.4.0/../../../avr/lib/avr5/crtatmega32u4.o
 .debug_abbrev  0x000000000000096a       0xd7 .build/obj_ergodash_mini_niko/keyboards/ergodash/mini/keymaps/niko/keymap.o
 .debug_abbrev  0x0000000000000a41      0x3ed .build/obj_ergodash_mini_niko/quantum/quantum.o
 .debug_abbrev  0x0000000000000e2e      0x256 .build/obj_ergodash_mini_niko/quantum/keymap_common.o
 .debug_abbrev  0x0000000000001084       0xe1 .build/obj_ergodash_mini_niko/quantum/keycode_config.o
 .debug_abbrev  0x0000000000001165      0x347 .build/obj_ergodash_mini_niko/quantum/split_common/matrix.o
 .debug_abbrev  0x00000000000014ac      0x163 .build/obj_ergodash_mini_niko/quantum/debounce/sym_g.o
 .debug_abbrev  0x000000000000160f      0x1fc .build/obj_ergodash_mini_niko/quantum/split_common/split_util.o
 .debug_abbrev  0x000000000000180b      0x18d .build/obj_ergodash_mini_niko/quantum/split_common/transport.o
 .debug_abbrev  0x0000000000001998      0x19f .build/obj_ergodash_mini_niko/quantum/process_keycode/process_space_cadet.o
 .debug_abbrev  0x0000000000001b37      0x2fd .build/obj_ergodash_mini_niko/quantum/split_common/serial.a(serial.o)
 .debug_abbrev  0x0000000000001e34      0x189 .build/obj_ergodash_mini_niko/common/host.o
 .debug_abbrev  0x0000000000001fbd      0x224 .build/obj_ergodash_mini_niko/common/keyboard.o
 .debug_abbrev  0x00000000000021e1      0x37a .build/obj_ergodash_mini_niko/common/action.o
 .debug_abbrev  0x000000000000255b      0x2df .build/obj_ergodash_mini_niko/common/action_tapping.o
 .debug_abbrev  0x000000000000283a      0x1aa .build/obj_ergodash_mini_niko/common/action_macro.o
 .debug_abbrev  0x00000000000029e4      0x297 .build/obj_ergodash_mini_niko/common/action_layer.o
 .debug_abbrev  0x0000000000002c7b      0x240 .build/obj_ergodash_mini_niko/common/action_util.o
 .debug_abbrev  0x0000000000002ebb       0x87 .build/obj_ergodash_mini_niko/common/debug.o
 .debug_abbrev  0x0000000000002f42      0x117 .build/obj_ergodash_mini_niko/common/eeconfig.o
 .debug_abbrev  0x0000000000003059      0x14d .build/obj_ergodash_mini_niko/common/report.o
 .debug_abbrev  0x00000000000031a6      0x1ee .build/obj_ergodash_mini_niko/common/avr/suspend.o
 .debug_abbrev  0x0000000000003394      0x175 .build/obj_ergodash_mini_niko/common/avr/timer.o
 .debug_abbrev  0x0000000000003509      0x12d .build/obj_ergodash_mini_niko/common/avr/bootloader.o
 .debug_abbrev  0x0000000000003636       0xf2 .build/obj_ergodash_mini_niko/common/magic.o
 .debug_abbrev  0x0000000000003728      0x3dc .build/obj_ergodash_mini_niko/lufa.o
 .debug_abbrev  0x0000000000003b04      0x184 .build/obj_ergodash_mini_niko/usb_descriptor.o
 .debug_abbrev  0x0000000000003c88      0x129 .build/obj_ergodash_mini_niko/outputselect.o
 .debug_abbrev  0x0000000000003db1       0x80 .build/obj_ergodash_mini_niko/lib/lufa/LUFA/Drivers/USB/Core/AVR8/Device_AVR8.o
 .debug_abbrev  0x0000000000003e31      0x1ea .build/obj_ergodash_mini_niko/lib/lufa/LUFA/Drivers/USB/Core/AVR8/EndpointStream_AVR8.o
 .debug_abbrev  0x000000000000401b      0x226 .build/obj_ergodash_mini_niko/lib/lufa/LUFA/Drivers/USB/Core/AVR8/Endpoint_AVR8.o
 .debug_abbrev  0x0000000000004241      0x191 .build/obj_ergodash_mini_niko/lib/lufa/LUFA/Drivers/USB/Core/AVR8/USBController_AVR8.o
 .debug_abbrev  0x00000000000043d2      0x213 .build/obj_ergodash_mini_niko/lib/lufa/LUFA/Drivers/USB/Core/AVR8/USBInterrupt_AVR8.o
 .debug_abbrev  0x00000000000045e5      0x29c .build/obj_ergodash_mini_niko/lib/lufa/LUFA/Drivers/USB/Core/DeviceStandardReq.o
 .debug_abbrev  0x0000000000004881       0x99 .build/obj_ergodash_mini_niko/lib/lufa/LUFA/Drivers/USB/Core/Events.o
 .debug_abbrev  0x000000000000491a      0x16b .build/obj_ergodash_mini_niko/lib/lufa/LUFA/Drivers/USB/Core/USBTask.o

.debug_line     0x0000000000000000     0x7a54
 *(.debug_line .debug_line.* .debug_line_end)
 .debug_line    0x0000000000000000       0x1a /usr/lib/gcc/avr/5.4.0/../../../avr/lib/avr5/crtatmega32u4.o
 .debug_line    0x000000000000001a       0xc4 .build/obj_ergodash_mini_niko/keyboards/ergodash/mini/keymaps/niko/keymap.o
 .debug_line    0x00000000000000de      0xaf4 .build/obj_ergodash_mini_niko/quantum/quantum.o
 .debug_line    0x0000000000000bd2      0x391 .build/obj_ergodash_mini_niko/quantum/keymap_common.o
 .debug_line    0x0000000000000f63      0x235 .build/obj_ergodash_mini_niko/quantum/keycode_config.o
 .debug_line    0x0000000000001198      0x359 .build/obj_ergodash_mini_niko/quantum/split_common/matrix.o
 .debug_line    0x00000000000014f1      0x129 .build/obj_ergodash_mini_niko/quantum/debounce/sym_g.o
 .debug_line    0x000000000000161a      0x19a .build/obj_ergodash_mini_niko/quantum/split_common/split_util.o
 .debug_line    0x00000000000017b4      0x140 .build/obj_ergodash_mini_niko/quantum/split_common/transport.o
 .debug_line    0x00000000000018f4      0x1fb .build/obj_ergodash_mini_niko/quantum/process_keycode/process_space_cadet.o
 .debug_line    0x0000000000001aef      0x440 .build/obj_ergodash_mini_niko/quantum/split_common/serial.a(serial.o)
 .debug_line    0x0000000000001f2f      0x1bb .build/obj_ergodash_mini_niko/common/host.o
 .debug_line    0x00000000000020ea      0x23b .build/obj_ergodash_mini_niko/common/keyboard.o
 .debug_line    0x0000000000002325      0xa34 .build/obj_ergodash_mini_niko/common/action.o
 .debug_line    0x0000000000002d59      0x53a .build/obj_ergodash_mini_niko/common/action_tapping.o
 .debug_line    0x0000000000003293      0x180 .build/obj_ergodash_mini_niko/common/action_macro.o
 .debug_line    0x0000000000003413      0x396 .build/obj_ergodash_mini_niko/common/action_layer.o
 .debug_line    0x00000000000037a9      0x4ba .build/obj_ergodash_mini_niko/common/action_util.o
 .debug_line    0x0000000000003c63       0x61 .build/obj_ergodash_mini_niko/common/debug.o
 .debug_line    0x0000000000003cc4      0x343 .build/obj_ergodash_mini_niko/common/eeconfig.o
 .debug_line    0x0000000000004007      0x17e .build/obj_ergodash_mini_niko/common/report.o
 .debug_line    0x0000000000004185      0x283 .build/obj_ergodash_mini_niko/common/avr/suspend.o
 .debug_line    0x0000000000004408      0x220 .build/obj_ergodash_mini_niko/common/avr/timer.o
 .debug_line    0x0000000000004628      0x115 .build/obj_ergodash_mini_niko/common/avr/bootloader.o
 .debug_line    0x000000000000473d       0xd1 .build/obj_ergodash_mini_niko/common/magic.o
 .debug_line    0x000000000000480e      0x74c .build/obj_ergodash_mini_niko/lufa.o
 .debug_line    0x0000000000004f5a      0x219 .build/obj_ergodash_mini_niko/usb_descriptor.o
 .debug_line    0x0000000000005173      0x157 .build/obj_ergodash_mini_niko/outputselect.o
 .debug_line    0x00000000000052ca      0x10a .build/obj_ergodash_mini_niko/lib/lufa/LUFA/Drivers/USB/Core/AVR8/Device_AVR8.o
 .debug_line    0x00000000000053d4     0x13cb .build/obj_ergodash_mini_niko/lib/lufa/LUFA/Drivers/USB/Core/AVR8/EndpointStream_AVR8.o
 .debug_line    0x000000000000679f      0x475 .build/obj_ergodash_mini_niko/lib/lufa/LUFA/Drivers/USB/Core/AVR8/Endpoint_AVR8.o
 .debug_line    0x0000000000006c14      0x2da .build/obj_ergodash_mini_niko/lib/lufa/LUFA/Drivers/USB/Core/AVR8/USBController_AVR8.o
 .debug_line    0x0000000000006eee      0x50a .build/obj_ergodash_mini_niko/lib/lufa/LUFA/Drivers/USB/Core/AVR8/USBInterrupt_AVR8.o
 .debug_line    0x00000000000073f8      0x469 .build/obj_ergodash_mini_niko/lib/lufa/LUFA/Drivers/USB/Core/DeviceStandardReq.o
 .debug_line    0x0000000000007861       0x96 .build/obj_ergodash_mini_niko/lib/lufa/LUFA/Drivers/USB/Core/Events.o
 .debug_line    0x00000000000078f7      0x15d .build/obj_ergodash_mini_niko/lib/lufa/LUFA/Drivers/USB/Core/USBTask.o

.debug_frame    0x0000000000000000     0x204c
 *(.debug_frame)
 .debug_frame   0x0000000000000000      0x448 .build/obj_ergodash_mini_niko/quantum/quantum.o
 .debug_frame   0x0000000000000448       0x70 .build/obj_ergodash_mini_niko/quantum/keymap_common.o
 .debug_frame   0x00000000000004b8       0x34 .build/obj_ergodash_mini_niko/quantum/keycode_config.o
 .debug_frame   0x00000000000004ec      0x180 .build/obj_ergodash_mini_niko/quantum/split_common/matrix.o
 .debug_frame   0x000000000000066c       0x64 .build/obj_ergodash_mini_niko/quantum/debounce/sym_g.o
 .debug_frame   0x00000000000006d0       0x54 .build/obj_ergodash_mini_niko/quantum/split_common/split_util.o
 .debug_frame   0x0000000000000724       0x60 .build/obj_ergodash_mini_niko/quantum/split_common/transport.o
 .debug_frame   0x0000000000000784       0x4c .build/obj_ergodash_mini_niko/quantum/process_keycode/process_space_cadet.o
 .debug_frame   0x00000000000007d0      0x16c .build/obj_ergodash_mini_niko/quantum/split_common/serial.a(serial.o)
 .debug_frame   0x000000000000093c       0xb4 .build/obj_ergodash_mini_niko/common/host.o
 .debug_frame   0x00000000000009f0      0x100 .build/obj_ergodash_mini_niko/common/keyboard.o
 .debug_frame   0x0000000000000af0      0x1f0 .build/obj_ergodash_mini_niko/common/action.o
 .debug_frame   0x0000000000000ce0       0xec .build/obj_ergodash_mini_niko/common/action_tapping.o
 .debug_frame   0x0000000000000dcc       0x48 .build/obj_ergodash_mini_niko/common/action_macro.o
 .debug_frame   0x0000000000000e14      0x294 .build/obj_ergodash_mini_niko/common/action_layer.o
 .debug_frame   0x00000000000010a8      0x284 .build/obj_ergodash_mini_niko/common/action_util.o
 .debug_frame   0x000000000000132c      0x1c4 .build/obj_ergodash_mini_niko/common/eeconfig.o
 .debug_frame   0x00000000000014f0       0x84 .build/obj_ergodash_mini_niko/common/report.o
 .debug_frame   0x0000000000001574       0xf0 .build/obj_ergodash_mini_niko/common/avr/suspend.o
 .debug_frame   0x0000000000001664       0xf0 .build/obj_ergodash_mini_niko/common/avr/timer.o
 .debug_frame   0x0000000000001754       0x34 .build/obj_ergodash_mini_niko/common/avr/bootloader.o
 .debug_frame   0x0000000000001788       0x24 .build/obj_ergodash_mini_niko/common/magic.o
 .debug_frame   0x00000000000017ac      0x144 .build/obj_ergodash_mini_niko/lufa.o
 .debug_frame   0x00000000000018f0       0x24 .build/obj_ergodash_mini_niko/usb_descriptor.o
 .debug_frame   0x0000000000001914       0x5c .build/obj_ergodash_mini_niko/outputselect.o
 .debug_frame   0x0000000000001970       0x24 .build/obj_ergodash_mini_niko/lib/lufa/LUFA/Drivers/USB/Core/AVR8/Device_AVR8.o
 .debug_frame   0x0000000000001994      0x42c .build/obj_ergodash_mini_niko/lib/lufa/LUFA/Drivers/USB/Core/AVR8/EndpointStream_AVR8.o
 .debug_frame   0x0000000000001dc0       0x7c .build/obj_ergodash_mini_niko/lib/lufa/LUFA/Drivers/USB/Core/AVR8/Endpoint_AVR8.o
 .debug_frame   0x0000000000001e3c       0x5c .build/obj_ergodash_mini_niko/lib/lufa/LUFA/Drivers/USB/Core/AVR8/USBController_AVR8.o
 .debug_frame   0x0000000000001e98      0x108 .build/obj_ergodash_mini_niko/lib/lufa/LUFA/Drivers/USB/Core/AVR8/USBInterrupt_AVR8.o
 .debug_frame   0x0000000000001fa0       0x3c .build/obj_ergodash_mini_niko/lib/lufa/LUFA/Drivers/USB/Core/DeviceStandardReq.o
 .debug_frame   0x0000000000001fdc       0x44 .build/obj_ergodash_mini_niko/lib/lufa/LUFA/Drivers/USB/Core/Events.o
 .debug_frame   0x0000000000002020       0x2c .build/obj_ergodash_mini_niko/lib/lufa/LUFA/Drivers/USB/Core/USBTask.o

.debug_str      0x0000000000000000     0x59b2
 *(.debug_str)
 .debug_str     0x0000000000000000      0x371 /usr/lib/gcc/avr/5.4.0/../../../avr/lib/avr5/crtatmega32u4.o
 .debug_str     0x0000000000000371     0x15a1 .build/obj_ergodash_mini_niko/keyboards/ergodash/mini/keymaps/niko/keymap.o
                                       0x1608 (size before relaxing)
 .debug_str     0x0000000000001912      0x6fd .build/obj_ergodash_mini_niko/quantum/quantum.o
                                       0x1da8 (size before relaxing)
 .debug_str     0x000000000000200f      0x6e1 .build/obj_ergodash_mini_niko/quantum/keymap_common.o
                                       0x1db5 (size before relaxing)
 .debug_str     0x00000000000026f0       0x6a .build/obj_ergodash_mini_niko/quantum/keycode_config.o
                                        0x885 (size before relaxing)
 .debug_str     0x000000000000275a      0x1f5 .build/obj_ergodash_mini_niko/quantum/split_common/matrix.o
                                        0x469 (size before relaxing)
 .debug_str     0x000000000000294f       0x5d .build/obj_ergodash_mini_niko/quantum/debounce/sym_g.o
                                        0x25c (size before relaxing)
 .debug_str     0x00000000000029ac       0xcb .build/obj_ergodash_mini_niko/quantum/split_common/split_util.o
                                        0x317 (size before relaxing)
 .debug_str     0x0000000000002a77      0x170 .build/obj_ergodash_mini_niko/quantum/split_common/transport.o
                                        0x3c0 (size before relaxing)
 .debug_str     0x0000000000002be7       0x72 .build/obj_ergodash_mini_niko/quantum/process_keycode/process_space_cadet.o
                                       0x1700 (size before relaxing)
 .debug_str     0x0000000000002c59      0x27f .build/obj_ergodash_mini_niko/quantum/split_common/serial.a(serial.o)
                                        0x43f (size before relaxing)
 .debug_str     0x0000000000002ed8      0x12b .build/obj_ergodash_mini_niko/common/host.o
                                        0x39c (size before relaxing)
 .debug_str     0x0000000000003003      0x105 .build/obj_ergodash_mini_niko/common/keyboard.o
                                        0x375 (size before relaxing)
 .debug_str     0x0000000000003108      0x3be .build/obj_ergodash_mini_niko/common/action.o
                                       0x135e (size before relaxing)
 .debug_str     0x00000000000034c6       0xf7 .build/obj_ergodash_mini_niko/common/action_tapping.o
                                        0xb6b (size before relaxing)
 .debug_str     0x00000000000035bd       0x74 .build/obj_ergodash_mini_niko/common/action_macro.o
                                        0x8ac (size before relaxing)
 .debug_str     0x0000000000003631       0xdf .build/obj_ergodash_mini_niko/common/action_layer.o
                                        0x566 (size before relaxing)
 .debug_str     0x0000000000003710      0x19b .build/obj_ergodash_mini_niko/common/action_util.o
                                        0x5a4 (size before relaxing)
 .debug_str     0x00000000000038ab       0x18 .build/obj_ergodash_mini_niko/common/debug.o
                                        0x1d6 (size before relaxing)
 .debug_str     0x00000000000038c3      0x202 .build/obj_ergodash_mini_niko/common/eeconfig.o
                                        0x455 (size before relaxing)
 .debug_str     0x0000000000003ac5       0x47 .build/obj_ergodash_mini_niko/common/report.o
                                        0x255 (size before relaxing)
 .debug_str     0x0000000000003b0c      0x1a4 .build/obj_ergodash_mini_niko/common/avr/suspend.o
                                        0x395 (size before relaxing)
 .debug_str     0x0000000000003cb0       0x84 .build/obj_ergodash_mini_niko/common/avr/timer.o
                                        0x241 (size before relaxing)
 .debug_str     0x0000000000003d34       0x6e .build/obj_ergodash_mini_niko/common/avr/bootloader.o
                                        0x245 (size before relaxing)
 .debug_str     0x0000000000003da2       0x18 .build/obj_ergodash_mini_niko/common/magic.o
                                        0x344 (size before relaxing)
 .debug_str     0x0000000000003dba      0x5c7 .build/obj_ergodash_mini_niko/lufa.o
                                        0xa23 (size before relaxing)
 .debug_str     0x0000000000004381      0x6bc .build/obj_ergodash_mini_niko/usb_descriptor.o
                                        0x970 (size before relaxing)
 .debug_str     0x0000000000004a3d       0x58 .build/obj_ergodash_mini_niko/outputselect.o
                                        0x2fc (size before relaxing)
 .debug_str     0x0000000000004a95       0x5e .build/obj_ergodash_mini_niko/lib/lufa/LUFA/Drivers/USB/Core/AVR8/Device_AVR8.o
                                        0x1ff (size before relaxing)
 .debug_str     0x0000000000004af3      0x4a3 .build/obj_ergodash_mini_niko/lib/lufa/LUFA/Drivers/USB/Core/AVR8/EndpointStream_AVR8.o
                                        0x861 (size before relaxing)
 .debug_str     0x0000000000004f96      0x254 .build/obj_ergodash_mini_niko/lib/lufa/LUFA/Drivers/USB/Core/AVR8/Endpoint_AVR8.o
                                        0x621 (size before relaxing)
 .debug_str     0x00000000000051ea      0x1c0 .build/obj_ergodash_mini_niko/lib/lufa/LUFA/Drivers/USB/Core/AVR8/USBController_AVR8.o
                                        0x560 (size before relaxing)
 .debug_str     0x00000000000053aa      0x15d .build/obj_ergodash_mini_niko/lib/lufa/LUFA/Drivers/USB/Core/AVR8/USBInterrupt_AVR8.o
                                        0x5df (size before relaxing)
 .debug_str     0x0000000000005507      0x40d .build/obj_ergodash_mini_niko/lib/lufa/LUFA/Drivers/USB/Core/DeviceStandardReq.o
                                        0x9b0 (size before relaxing)
 .debug_str     0x0000000000005914       0x59 .build/obj_ergodash_mini_niko/lib/lufa/LUFA/Drivers/USB/Core/Events.o
                                        0x1cf (size before relaxing)
 .debug_str     0x000000000000596d       0x45 .build/obj_ergodash_mini_niko/lib/lufa/LUFA/Drivers/USB/Core/USBTask.o
                                        0x386 (size before relaxing)

.debug_loc      0x0000000000000000     0x8dbf
 *(.debug_loc)
 .debug_loc     0x0000000000000000     0x1269 .build/obj_ergodash_mini_niko/quantum/quantum.o
 .debug_loc     0x0000000000001269      0x77a .build/obj_ergodash_mini_niko/quantum/keymap_common.o
 .debug_loc     0x00000000000019e3      0x16d .build/obj_ergodash_mini_niko/quantum/keycode_config.o
 .debug_loc     0x0000000000001b50      0x497 .build/obj_ergodash_mini_niko/quantum/split_common/matrix.o