Archive member included to satisfy reference by file (symbol)

/usr/local/Cellar/avr-gcc@8/8.4.0/lib/avr-gcc/8/gcc/avr/8.4.0/avr35/libgcc.a(_mulqi3.o)
                              .build/obj_minim_default/common/action_layer.o (__mulqi3)
/usr/local/Cellar/avr-gcc@8/8.4.0/lib/avr-gcc/8/gcc/avr/8.4.0/avr35/libgcc.a(_mulhi3.o)
                              .build/obj_minim_default/quantum/keymap_common.o (__mulhi3)
/usr/local/Cellar/avr-gcc@8/8.4.0/lib/avr-gcc/8/gcc/avr/8.4.0/avr35/libgcc.a(_udivmodqi4.o)
                              .build/obj_minim_default/lufa.o (__udivmodqi4)
/usr/local/Cellar/avr-gcc@8/8.4.0/lib/avr-gcc/8/gcc/avr/8.4.0/avr35/libgcc.a(_divmodhi4.o)
                              .build/obj_minim_default/quantum/quantum.o (__divmodhi4)
/usr/local/Cellar/avr-gcc@8/8.4.0/lib/avr-gcc/8/gcc/avr/8.4.0/avr35/libgcc.a(_exit.o)
                              /usr/local/Cellar/avr-gcc@8/8.4.0/lib/avr-gcc/8/gcc/avr/8.4.0/../../../../../../avr/lib/avr35/crtatmega32u2.o (exit)
/usr/local/Cellar/avr-gcc@8/8.4.0/lib/avr-gcc/8/gcc/avr/8.4.0/avr35/libgcc.a(_tablejump2.o)
                              .build/obj_minim_default/common/action.o (__tablejump2__)
/usr/local/Cellar/avr-gcc@8/8.4.0/lib/avr-gcc/8/gcc/avr/8.4.0/avr35/libgcc.a(_copy_data.o)
                              .build/obj_minim_default/quantum/matrix.o (__do_copy_data)
/usr/local/Cellar/avr-gcc@8/8.4.0/lib/avr-gcc/8/gcc/avr/8.4.0/avr35/libgcc.a(_clear_bss.o)
                              .build/obj_minim_default/quantum/quantum.o (__do_clear_bss)
/usr/local/Cellar/avr-gcc@8/8.4.0/lib/avr-gcc/8/gcc/avr/8.4.0/avr35/libgcc.a(_udivmodhi4.o)
                              /usr/local/Cellar/avr-gcc@8/8.4.0/lib/avr-gcc/8/gcc/avr/8.4.0/avr35/libgcc.a(_divmodhi4.o) (__udivmodhi4)
/usr/local/Cellar/avr-gcc@8/8.4.0/lib/avr-gcc/8/gcc/avr/8.4.0/../../../../../../avr/lib/avr35/libc.a(rand.o)
                              .build/obj_minim_default/quantum/quantum.o (rand)
/usr/local/Cellar/avr-gcc@8/8.4.0/lib/avr-gcc/8/gcc/avr/8.4.0/../../../../../../avr/lib/avr35/libatmega32u2.a(eerd_byte.o)
                              .build/obj_minim_default/common/eeconfig.o (eeprom_read_byte)
/usr/local/Cellar/avr-gcc@8/8.4.0/lib/avr-gcc/8/gcc/avr/8.4.0/../../../../../../avr/lib/avr35/libatmega32u2.a(eerd_dword.o)
                              .build/obj_minim_default/common/eeconfig.o (eeprom_read_dword)
/usr/local/Cellar/avr-gcc@8/8.4.0/lib/avr-gcc/8/gcc/avr/8.4.0/../../../../../../avr/lib/avr35/libatmega32u2.a(eerd_word.o)
                              .build/obj_minim_default/common/eeconfig.o (eeprom_read_word)
/usr/local/Cellar/avr-gcc@8/8.4.0/lib/avr-gcc/8/gcc/avr/8.4.0/../../../../../../avr/lib/avr35/libatmega32u2.a(eeupd_byte.o)
                              .build/obj_minim_default/common/eeconfig.o (eeprom_update_byte)
/usr/local/Cellar/avr-gcc@8/8.4.0/lib/avr-gcc/8/gcc/avr/8.4.0/../../../../../../avr/lib/avr35/libatmega32u2.a(eeupd_dword.o)
                              .build/obj_minim_default/common/eeconfig.o (eeprom_update_dword)
/usr/local/Cellar/avr-gcc@8/8.4.0/lib/avr-gcc/8/gcc/avr/8.4.0/../../../../../../avr/lib/avr35/libatmega32u2.a(eeupd_word.o)
                              .build/obj_minim_default/common/eeconfig.o (eeprom_update_word)
/usr/local/Cellar/avr-gcc@8/8.4.0/lib/avr-gcc/8/gcc/avr/8.4.0/../../../../../../avr/lib/avr35/libatmega32u2.a(eerd_block.o)
                              /usr/local/Cellar/avr-gcc@8/8.4.0/lib/avr-gcc/8/gcc/avr/8.4.0/../../../../../../avr/lib/avr35/libatmega32u2.a(eerd_dword.o) (eeprom_read_blraw)
/usr/local/Cellar/avr-gcc@8/8.4.0/lib/avr-gcc/8/gcc/avr/8.4.0/avr35/libgcc.a(_mulsi3.o)
                              /usr/local/Cellar/avr-gcc@8/8.4.0/lib/avr-gcc/8/gcc/avr/8.4.0/../../../../../../avr/lib/avr35/libc.a(rand.o) (__mulsi3)
/usr/local/Cellar/avr-gcc@8/8.4.0/lib/avr-gcc/8/gcc/avr/8.4.0/avr35/libgcc.a(_divmodsi4.o)
                              /usr/local/Cellar/avr-gcc@8/8.4.0/lib/avr-gcc/8/gcc/avr/8.4.0/../../../../../../avr/lib/avr35/libc.a(rand.o) (__divmodsi4)
/usr/local/Cellar/avr-gcc@8/8.4.0/lib/avr-gcc/8/gcc/avr/8.4.0/avr35/libgcc.a(_negsi2.o)
                              /usr/local/Cellar/avr-gcc@8/8.4.0/lib/avr-gcc/8/gcc/avr/8.4.0/avr35/libgcc.a(_divmodsi4.o) (__negsi2)
/usr/local/Cellar/avr-gcc@8/8.4.0/lib/avr-gcc/8/gcc/avr/8.4.0/avr35/libgcc.a(_udivmodsi4.o)
                              /usr/local/Cellar/avr-gcc@8/8.4.0/lib/avr-gcc/8/gcc/avr/8.4.0/avr35/libgcc.a(_divmodsi4.o) (__udivmodsi4)

Allocating common symbols
Common symbol       size              file

USB_IsInitialized   0x1               .build/obj_minim_default/lib/lufa/LUFA/Drivers/USB/Core/USBTask.o
keymap_config       0x2               .build/obj_minim_default/common/magic.o
USB_DeviceState     0x1               .build/obj_minim_default/lib/lufa/LUFA/Drivers/USB/Core/USBTask.o
USB_Device_ConfigurationNumber
                    0x1               .build/obj_minim_default/lib/lufa/LUFA/Drivers/USB/Core/DeviceStandardReq.o
[...]
Memory Configuration

Name             Origin             Length             Attributes
text             0x0000000000000000 0x0000000000010000 xr
data             0x0000000000800060 0x000000000000ffa0 rw !x
eeprom           0x0000000000810000 0x0000000000010000 rw !x
fuse             0x0000000000820000 0x0000000000000400 rw !x
lock             0x0000000000830000 0x0000000000000400 rw !x
signature        0x0000000000840000 0x0000000000000400 rw !x
user_signatures  0x0000000000850000 0x0000000000000400 rw !x
*default*        0x0000000000000000 0xffffffffffffffff

Linker script and memory map

Address of section .data set to 0x800100
LOAD /usr/local/Cellar/avr-gcc@8/8.4.0/lib/avr-gcc/8/gcc/avr/8.4.0/../../../../../../avr/lib/avr35/crtatmega32u2.o
LOAD .build/obj_minim_default/keyboards/minim/minim.o
LOAD .build/obj_minim_default/keyboards/minim/keymaps/default/keymap.o
LOAD .build/obj_minim_default/quantum/quantum.o
LOAD .build/obj_minim_default/quantum/keymap_common.o
LOAD .build/obj_minim_default/quantum/keycode_config.o
LOAD .build/obj_minim_default/quantum/matrix.o
LOAD .build/obj_minim_default/quantum/debounce/sym_g.o
LOAD .build/obj_minim_default/quantum/process_keycode/process_space_cadet.o
LOAD .build/obj_minim_default/common/host.o
LOAD .build/obj_minim_default/common/keyboard.o
LOAD .build/obj_minim_default/common/action.o
LOAD .build/obj_minim_default/common/action_tapping.o
LOAD .build/obj_minim_default/common/action_macro.o
LOAD .build/obj_minim_default/common/action_layer.o
LOAD .build/obj_minim_default/common/action_util.o
LOAD .build/obj_minim_default/common/print.o
LOAD .build/obj_minim_default/common/debug.o
LOAD .build/obj_minim_default/common/util.o
LOAD .build/obj_minim_default/common/eeconfig.o
LOAD .build/obj_minim_default/common/report.o
LOAD .build/obj_minim_default/common/avr/suspend.o
LOAD .build/obj_minim_default/common/avr/timer.o
LOAD .build/obj_minim_default/common/avr/bootloader.o
LOAD .build/obj_minim_default/common/avr/xprintf.o
LOAD .build/obj_minim_default/common/magic.o
LOAD .build/obj_minim_default/common/mousekey.o
LOAD .build/obj_minim_default/common/command.o
LOAD .build/obj_minim_default/lufa.o
LOAD .build/obj_minim_default/usb_descriptor.o
LOAD .build/obj_minim_default/outputselect.o
LOAD .build/obj_minim_default/lib/lufa/LUFA/Drivers/USB/Class/Common/HIDParser.o
LOAD .build/obj_minim_default/lib/lufa/LUFA/Drivers/USB/Core/AVR8/Device_AVR8.o
LOAD .build/obj_minim_default/lib/lufa/LUFA/Drivers/USB/Core/AVR8/EndpointStream_AVR8.o
LOAD .build/obj_minim_default/lib/lufa/LUFA/Drivers/USB/Core/AVR8/Endpoint_AVR8.o
LOAD .build/obj_minim_default/lib/lufa/LUFA/Drivers/USB/Core/AVR8/Host_AVR8.o
LOAD .build/obj_minim_default/lib/lufa/LUFA/Drivers/USB/Core/AVR8/PipeStream_AVR8.o
LOAD .build/obj_minim_default/lib/lufa/LUFA/Drivers/USB/Core/AVR8/Pipe_AVR8.o
LOAD .build/obj_minim_default/lib/lufa/LUFA/Drivers/USB/Core/AVR8/USBController_AVR8.o
LOAD .build/obj_minim_default/lib/lufa/LUFA/Drivers/USB/Core/AVR8/USBInterrupt_AVR8.o
LOAD .build/obj_minim_default/lib/lufa/LUFA/Drivers/USB/Core/ConfigDescriptors.o
LOAD .build/obj_minim_default/lib/lufa/LUFA/Drivers/USB/Core/DeviceStandardReq.o
LOAD .build/obj_minim_default/lib/lufa/LUFA/Drivers/USB/Core/Events.o
LOAD .build/obj_minim_default/lib/lufa/LUFA/Drivers/USB/Core/HostStandardReq.o
LOAD .build/obj_minim_default/lib/lufa/LUFA/Drivers/USB/Core/USBTask.o
LOAD /usr/local/Cellar/avr-gcc@8/8.4.0/lib/avr-gcc/8/gcc/avr/8.4.0/../../../../../../avr/lib/avr35/libm.a
START GROUP
LOAD /usr/local/Cellar/avr-gcc@8/8.4.0/lib/avr-gcc/8/gcc/avr/8.4.0/avr35/libgcc.a
LOAD /usr/local/Cellar/avr-gcc@8/8.4.0/lib/avr-gcc/8/gcc/avr/8.4.0/../../../../../../avr/lib/avr35/libm.a
LOAD /usr/local/Cellar/avr-gcc@8/8.4.0/lib/avr-gcc/8/gcc/avr/8.4.0/../../../../../../avr/lib/avr35/libc.a
LOAD /usr/local/Cellar/avr-gcc@8/8.4.0/lib/avr-gcc/8/gcc/avr/8.4.0/../../../../../../avr/lib/avr35/libatmega32u2.a
END GROUP
                0x0000000000010000                __TEXT_REGION_LENGTH__ = DEFINED (__TEXT_REGION_LENGTH__)?__TEXT_REGION_LENGTH__:0x10000
                0x000000000000ffa0                __DATA_REGION_LENGTH__ = DEFINED (__DATA_REGION_LENGTH__)?__DATA_REGION_LENGTH__:0xffa0
                0x0000000000010000                __EEPROM_REGION_LENGTH__ = DEFINED (__EEPROM_REGION_LENGTH__)?__EEPROM_REGION_LENGTH__:0x10000
                0x0000000000000400                __FUSE_REGION_LENGTH__ = DEFINED (__FUSE_REGION_LENGTH__)?__FUSE_REGION_LENGTH__:0x400
                0x0000000000000400                __LOCK_REGION_LENGTH__ = DEFINED (__LOCK_REGION_LENGTH__)?__LOCK_REGION_LENGTH__:0x400
                0x0000000000000400                __SIGNATURE_REGION_LENGTH__ = DEFINED (__SIGNATURE_REGION_LENGTH__)?__SIGNATURE_REGION_LENGTH__:0x400
                0x0000000000000400                __USER_SIGNATURE_REGION_LENGTH__ = DEFINED (__USER_SIGNATURE_REGION_LENGTH__)?__USER_SIGNATURE_REGION_LENGTH__:0x400

.hash
 *(.hash)

.dynsym
 *(.dynsym)

.dynstr
 *(.dynstr)

.gnu.version
 *(.gnu.version)

.gnu.version_d
 *(.gnu.version_d)

.gnu.version_r
 *(.gnu.version_r)

.rel.init
 *(.rel.init)

.rela.init
 *(.rela.init)

.rel.text
 *(.rel.text)
 *(.rel.text.*)
 *(.rel.gnu.linkonce.t*)

.rela.text
 *(.rela.text)
 *(.rela.text.*)
 *(.rela.gnu.linkonce.t*)

.rel.fini
 *(.rel.fini)

.rela.fini
 *(.rela.fini)

.rel.rodata
 *(.rel.rodata)
 *(.rel.rodata.*)
 *(.rel.gnu.linkonce.r*)

.rela.rodata
 *(.rela.rodata)
 *(.rela.rodata.*)
 *(.rela.gnu.linkonce.r*)

.rel.data
 *(.rel.data)
 *(.rel.data.*)
 *(.rel.gnu.linkonce.d*)

.rela.data
 *(.rela.data)
 *(.rela.data.*)
 *(.rela.gnu.linkonce.d*)

.rel.ctors
 *(.rel.ctors)

.rela.ctors
 *(.rela.ctors)

.rel.dtors
 *(.rel.dtors)

.rela.dtors
 *(.rela.dtors)

.rel.got
 *(.rel.got)

.rela.got
 *(.rela.got)

.rel.bss
 *(.rel.bss)

.rela.bss
 *(.rela.bss)

.rel.plt
 *(.rel.plt)

.rela.plt
 *(.rela.plt)

.text           0x0000000000000000     0x5e82
 *(.vectors)
 .vectors       0x0000000000000000       0x74 /usr/local/Cellar/avr-gcc@8/8.4.0/lib/avr-gcc/8/gcc/avr/8.4.0/../../../../../../avr/lib/avr35/crtatmega32u2.o
                0x0000000000000000                __vectors
                0x0000000000000000                __vector_default
 *(.vectors)
 *(.progmem.gcc*)
                0x0000000000000074                . = ALIGN (0x2)
                0x0000000000000074                __trampolines_start = .
 *(.trampolines)
 .trampolines   0x0000000000000074        0x0 linker stubs
 *(.trampolines*)
                0x0000000000000074                __trampolines_end = .
 *libprintf_flt.a:*(.progmem.data)
 *libc.a:*(.progmem.data)
 *(.progmem.*)
 .progmem.data.keymaps
                0x0000000000000074      0x6e8 .build/obj_minim_default/keyboards/minim/keymaps/default/keymap.o
                0x0000000000000074                keymaps
 .progmem.data.__c.3446
                0x000000000000075c       0x12 .build/obj_minim_default/quantum/quantum.o
 .progmem.data.__c.3444
                0x000000000000076e       0x11 .build/obj_minim_default/quantum/quantum.o
 .progmem.data.fn_actions
                0x000000000000077f        0x0 .build/obj_minim_default/quantum/keymap_common.o
                0x000000000000077f                fn_actions
 .progmem.data.__c.3410
                0x000000000000077f        0x2 .build/obj_minim_default/quantum/matrix.o
 .progmem.data.__c.3408
                0x0000000000000781        0x6 .build/obj_minim_default/quantum/matrix.o
 .progmem.data.__c.3406
                0x0000000000000787        0x3 .build/obj_minim_default/quantum/matrix.o
 .progmem.data.__c.3404
                0x000000000000078a        0x5 .build/obj_minim_default/quantum/matrix.o
 .progmem.data.__c.3401
                0x000000000000078f       0x17 .build/obj_minim_default/quantum/matrix.o
 .progmem.data.__c.2111
                0x00000000000007a6        0x2 .build/obj_minim_default/common/host.o
 .progmem.data.__c.2106
                0x00000000000007a8        0x6 .build/obj_minim_default/common/host.o
 .progmem.data.__c.2103
                0x00000000000007ae       0x12 .build/obj_minim_default/common/host.o
 .progmem.data.__c.2943
                0x00000000000007c0        0x2 .build/obj_minim_default/common/keyboard.o
 .progmem.data.__c.2941
                0x00000000000007c2        0x5 .build/obj_minim_default/common/keyboard.o
 .progmem.data.__c.2939
                0x00000000000007c7       0x13 .build/obj_minim_default/common/keyboard.o
 .progmem.data.__c.2191
                0x00000000000007da        0x3 .build/obj_minim_default/common/mousekey.o
 .progmem.data.__c.2189
                0x00000000000007dd        0x3 .build/obj_minim_default/common/mousekey.o
 .progmem.data.__c.2187
                0x00000000000007e0        0x2 .build/obj_minim_default/common/mousekey.o
 .progmem.data.__c.2185
                0x00000000000007e2        0x3 .build/obj_minim_default/common/mousekey.o
 .progmem.data.__c.2183
                0x00000000000007e5        0x3 .build/obj_minim_default/common/mousekey.o
 .progmem.data.__c.2181
                0x00000000000007e8        0x3 .build/obj_minim_default/common/mousekey.o
 .progmem.data.__c.2179
                0x00000000000007eb        0x2 .build/obj_minim_default/common/mousekey.o
 .progmem.data.__c.2177
                0x00000000000007ed        0x3 .build/obj_minim_default/common/mousekey.o
 .progmem.data.__c.2175
                0x00000000000007f0        0x2 .build/obj_minim_default/common/mousekey.o
 .progmem.data.__c.2173
                0x00000000000007f2        0x3 .build/obj_minim_default/common/mousekey.o
 .progmem.data.__c.2171
                0x00000000000007f5        0x2 .build/obj_minim_default/common/mousekey.o
 .progmem.data.__c.2169
                0x00000000000007f7        0x3 .build/obj_minim_default/common/mousekey.o
 .progmem.data.__c.2167
                0x00000000000007fa        0x2 .build/obj_minim_default/common/mousekey.o
 .progmem.data.__c.2165
                0x00000000000007fc        0x5 .build/obj_minim_default/common/mousekey.o
 .progmem.data.__c.2163
                0x0000000000000801       0x23 .build/obj_minim_default/common/mousekey.o
 .progmem.data.__c.3716
                0x0000000000000824       0x1b .build/obj_minim_default/common/command.o
 .progmem.data.__c.3713
                0x000000000000083f       0x19 .build/obj_minim_default/common/command.o
 .progmem.data.__c.3710
                0x0000000000000858       0x15 .build/obj_minim_default/common/command.o
 .progmem.data.__c.3707
                0x000000000000086d       0x13 .build/obj_minim_default/common/command.o
 .progmem.data.__c.3704
                0x0000000000000880       0x12 .build/obj_minim_default/common/command.o
 .progmem.data.__c.3700
                0x0000000000000892        0xf .build/obj_minim_default/common/command.o
 .progmem.data.__c.3693
                0x00000000000008a1       0x1b .build/obj_minim_default/common/command.o
 .progmem.data.__c.3690
                0x00000000000008bc       0x19 .build/obj_minim_default/common/command.o
 .progmem.data.__c.3687
                0x00000000000008d5       0x15 .build/obj_minim_default/common/command.o
 .progmem.data.__c.3684
                0x00000000000008ea       0x13 .build/obj_minim_default/common/command.o
 .progmem.data.__c.3681
                0x00000000000008fd       0x12 .build/obj_minim_default/common/command.o
 .progmem.data.__c.3677
                0x000000000000090f        0xf .build/obj_minim_default/common/command.o
 .progmem.data.__c.3670
                0x000000000000091e        0x2 .build/obj_minim_default/common/command.o
 .progmem.data.__c.3668
                0x0000000000000920        0x3 .build/obj_minim_default/common/command.o
 .progmem.data.__c.3666
                0x0000000000000923       0x17 .build/obj_minim_default/common/command.o
 .progmem.data.__c.3664
                0x000000000000093a        0x2 .build/obj_minim_default/common/command.o
 .progmem.data.__c.3662
                0x000000000000093c        0x3 .build/obj_minim_default/common/command.o
 .progmem.data.__c.3660
                0x000000000000093f       0x15 .build/obj_minim_default/common/command.o
 .progmem.data.__c.3658
                0x0000000000000954        0x2 .build/obj_minim_default/common/command.o
 .progmem.data.__c.3656
                0x0000000000000956        0x3 .build/obj_minim_default/common/command.o
 .progmem.data.__c.3654
                0x0000000000000959       0x11 .build/obj_minim_default/common/command.o
 .progmem.data.__c.3652
                0x000000000000096a        0x2 .build/obj_minim_default/common/command.o
 .progmem.data.__c.3650
                0x000000000000096c        0x3 .build/obj_minim_default/common/command.o
 .progmem.data.__c.3648
                0x000000000000096f        0xf .build/obj_minim_default/common/command.o
 .progmem.data.__c.3646
                0x000000000000097e        0x2 .build/obj_minim_default/common/command.o
 .progmem.data.__c.3644
                0x0000000000000980        0x3 .build/obj_minim_default/common/command.o
 .progmem.data.__c.3642
                0x0000000000000983       0x12 .build/obj_minim_default/common/command.o
 .progmem.data.__c.3640
                0x0000000000000995        0x2 .build/obj_minim_default/common/command.o
 .progmem.data.__c.3638
                0x0000000000000997        0x3 .build/obj_minim_default/common/command.o
 .progmem.data.__c.3636
                0x000000000000099a       0x12 .build/obj_minim_default/common/command.o
 .progmem.data.__c.3634
                0x00000000000009ac        0xe .build/obj_minim_default/common/command.o
 .progmem.data.__c.3754
                0x00000000000009ba        0x3 .build/obj_minim_default/common/command.o
 .progmem.data.__c.3752
                0x00000000000009bd        0x6 .build/obj_minim_default/common/command.o
 .progmem.data.__c.3750
                0x00000000000009c3        0x2 .build/obj_minim_default/common/command.o
 .progmem.data.__c.3747
                0x00000000000009c5        0xd .build/obj_minim_default/common/command.o
 .progmem.data.__c.3733
                0x00000000000009d2        0x4 .build/obj_minim_default/common/command.o
 .progmem.data.__c.3723
                0x00000000000009d6       0x4e .build/obj_minim_default/common/command.o
 .progmem.data.__c.3721
                0x0000000000000a24       0xfb .build/obj_minim_default/common/command.o
 .progmem.data.__c.3626
                0x0000000000000b1f        0x2 .build/obj_minim_default/common/command.o
 .progmem.data.__c.3623
                0x0000000000000b21        0x4 .build/obj_minim_default/common/command.o
 .progmem.data.__c.3628
                0x0000000000000b25        0x4 .build/obj_minim_default/common/command.o
 .progmem.data.__c.3772
                0x0000000000000b29        0x5 .build/obj_minim_default/common/command.o
 .progmem.data.__c.3451
                0x0000000000000b2e       0x17 .build/obj_minim_default/common/command.o
 .progmem.data.__c.3449
                0x0000000000000b45       0x13 .build/obj_minim_default/common/command.o
 .progmem.data.__c.3447
                0x0000000000000b58       0x17 .build/obj_minim_default/common/command.o
 .progmem.data.__c.3445
                0x0000000000000b6f       0x1a .build/obj_minim_default/common/command.o
 .progmem.data.__c.3443
                0x0000000000000b89        0xe .build/obj_minim_default/common/command.o
 .progmem.data.__c.3438
                0x0000000000000b97       0x2c .build/obj_minim_default/common/command.o
 .progmem.data.__c.3436
                0x0000000000000bc3       0x36 .build/obj_minim_default/common/command.o
 .progmem.data.__c.3434
                0x0000000000000bf9       0x28 .build/obj_minim_default/common/command.o
 .progmem.data.__c.3432
                0x0000000000000c21       0x33 .build/obj_minim_default/common/command.o
 .progmem.data.__c.3430
                0x0000000000000c54       0x19 .build/obj_minim_default/common/command.o
 .progmem.data.__c.3428
                0x0000000000000c6d        0xf .build/obj_minim_default/common/command.o
 .progmem.data.__c.3612
                0x0000000000000c7c       0x27 .build/obj_minim_default/common/command.o
 .progmem.data.__c.3423
                0x0000000000000ca3      0x1a3 .build/obj_minim_default/common/command.o
 .progmem.data.__c.3558
                0x0000000000000e46        0x2 .build/obj_minim_default/common/command.o
 .progmem.data.__c.3556
                0x0000000000000e48        0x3 .build/obj_minim_default/common/command.o
 .progmem.data.__c.3554
                0x0000000000000e4b        0x8 .build/obj_minim_default/common/command.o
 .progmem.data.__c.3552
                0x0000000000000e53        0x2 .build/obj_minim_default/common/command.o
 .progmem.data.__c.3550
                0x0000000000000e55        0x3 .build/obj_minim_default/common/command.o
 .progmem.data.__c.3548
                0x0000000000000e58       0x1c .build/obj_minim_default/common/command.o
 .progmem.data.__c.3546
                0x0000000000000e74        0x2 .build/obj_minim_default/common/command.o
 .progmem.data.__c.3544
                0x0000000000000e76        0x3 .build/obj_minim_default/common/command.o
 .progmem.data.__c.3542
                0x0000000000000e79       0x12 .build/obj_minim_default/common/command.o
 .progmem.data.__c.3540
                0x0000000000000e8b        0x2 .build/obj_minim_default/common/command.o
 .progmem.data.__c.3538
                0x0000000000000e8d        0x3 .build/obj_minim_default/common/command.o
 .progmem.data.__c.3536
                0x0000000000000e90        0xa .build/obj_minim_default/common/command.o
 .progmem.data.__c.3534
                0x0000000000000e9a        0x2 .build/obj_minim_default/common/command.o
 .progmem.data.__c.3532
                0x0000000000000e9c        0x3 .build/obj_minim_default/common/command.o
 .progmem.data.__c.3530
                0x0000000000000e9f       0x12 .build/obj_minim_default/common/command.o
 .progmem.data.__c.3528
                0x0000000000000eb1        0x2 .build/obj_minim_default/common/command.o
 .progmem.data.__c.3526
                0x0000000000000eb3        0x3 .build/obj_minim_default/common/command.o
 .progmem.data.__c.3524
                0x0000000000000eb6       0x12 .build/obj_minim_default/common/command.o
 .progmem.data.__c.3522
                0x0000000000000ec8        0x2 .build/obj_minim_default/common/command.o
 .progmem.data.__c.3520
                0x0000000000000eca        0x3 .build/obj_minim_default/common/command.o
 .progmem.data.__c.3518
                0x0000000000000ecd       0x12 .build/obj_minim_default/common/command.o
 .progmem.data.__c.3516
                0x0000000000000edf        0x2 .build/obj_minim_default/common/command.o
 .progmem.data.__c.3514
                0x0000000000000ee1        0x3 .build/obj_minim_default/common/command.o
 .progmem.data.__c.3512
                0x0000000000000ee4       0x12 .build/obj_minim_default/common/command.o
 .progmem.data.__c.3510
                0x0000000000000ef6        0x2 .build/obj_minim_default/common/command.o
 .progmem.data.__c.3508
                0x0000000000000ef8        0x3 .build/obj_minim_default/common/command.o
 .progmem.data.__c.3506
                0x0000000000000efb       0x17 .build/obj_minim_default/common/command.o
 .progmem.data.__c.3504
                0x0000000000000f12        0x2 .build/obj_minim_default/common/command.o
 .progmem.data.__c.3502
                0x0000000000000f14        0x3 .build/obj_minim_default/common/command.o
 .progmem.data.__c.3500
                0x0000000000000f17       0x19 .build/obj_minim_default/common/command.o
 .progmem.data.__c.3498
                0x0000000000000f30        0x2 .build/obj_minim_default/common/command.o
 .progmem.data.__c.3496
                0x0000000000000f32        0x5 .build/obj_minim_default/common/command.o
 .progmem.data.__c.3494
                0x0000000000000f37       0x14 .build/obj_minim_default/common/command.o
 .progmem.data.__c.3491
                0x0000000000000f4b        0x2 .build/obj_minim_default/common/command.o
 .progmem.data.__c.3489
                0x0000000000000f4d        0x3 .build/obj_minim_default/common/command.o
 .progmem.data.__c.3487
                0x0000000000000f50        0x9 .build/obj_minim_default/common/command.o
 .progmem.data.__c.3485
                0x0000000000000f59        0x2 .build/obj_minim_default/common/command.o
 .progmem.data.__c.3483
                0x0000000000000f5b        0x3 .build/obj_minim_default/common/command.o
 .progmem.data.__c.3481
                0x0000000000000f5e        0xc .build/obj_minim_default/common/command.o
 .progmem.data.__c.3479
                0x0000000000000f6a        0x2 .build/obj_minim_default/common/command.o
 .progmem.data.__c.3477
                0x0000000000000f6c        0x3 .build/obj_minim_default/common/command.o
 .progmem.data.__c.3475
                0x0000000000000f6f        0xa .build/obj_minim_default/common/command.o
 .progmem.data.__c.3473
                0x0000000000000f79        0x2 .build/obj_minim_default/common/command.o
 .progmem.data.__c.3471
                0x0000000000000f7b        0x3 .build/obj_minim_default/common/command.o
 .progmem.data.__c.3469
                0x0000000000000f7e        0xa .build/obj_minim_default/common/command.o
 .progmem.data.__c.3467
                0x0000000000000f88        0x2 .build/obj_minim_default/common/command.o
 .progmem.data.__c.3465
                0x0000000000000f8a        0x5 .build/obj_minim_default/common/command.o
 .progmem.data.__c.3463
                0x0000000000000f8f       0x13 .build/obj_minim_default/common/command.o
 .progmem.data.__c.3460
                0x0000000000000fa2        0x2 .build/obj_minim_default/common/command.o
 .progmem.data.__c.3458
                0x0000000000000fa4        0x3 .build/obj_minim_default/common/command.o
 .progmem.data.__c.3456
                0x0000000000000fa7       0x10 .build/obj_minim_default/common/command.o
 .progmem.data.__c.3607
                0x0000000000000fb7        0x2 .build/obj_minim_default/common/command.o
 .progmem.data.__c.3597
                0x0000000000000fb9        0xd .build/obj_minim_default/common/command.o
 .progmem.data.__c.3595
                0x0000000000000fc6        0xc .build/obj_minim_default/common/command.o
 .progmem.data.__c.3592
                0x0000000000000fd2       0x10 .build/obj_minim_default/common/command.o
 .progmem.data.__c.3590
                0x0000000000000fe2        0xf .build/obj_minim_default/common/command.o
 .progmem.data.__c.3587
                0x0000000000000ff1        0xe .build/obj_minim_default/common/command.o
 .progmem.data.__c.3585
                0x0000000000000fff        0xd .build/obj_minim_default/common/command.o
 .progmem.data.__c.3582
                0x000000000000100c        0xd .build/obj_minim_default/common/command.o
 .progmem.data.__c.3580
                0x0000000000001019        0xc .build/obj_minim_default/common/command.o
 .progmem.data.__c.3577
                0x0000000000001025       0x1c .build/obj_minim_default/common/command.o
 .progmem.data.__c.3573
                0x0000000000001041        0x4 .build/obj_minim_default/common/command.o
 .progmem.data.__c.3568
                0x0000000000001045       0x11 .build/obj_minim_default/common/command.o
 .progmem.data.__c.3564
                0x0000000000001056        0xb .build/obj_minim_default/common/command.o
 .progmem.data.__c.6061
                0x0000000000001061        0x4 .build/obj_minim_default/lufa.o
 .progmem.data.__c.6059
                0x0000000000001065       0x11 .build/obj_minim_default/lufa.o
 .progmem.data.__c.5949
                0x0000000000001076        0x4 .build/obj_minim_default/lufa.o
 .progmem.data.__c.5945
                0x000000000000107a        0x4 .build/obj_minim_default/lufa.o
 .progmem.data.__c.5941
                0x000000000000107e        0x4 .build/obj_minim_default/lufa.o
 .progmem.data.SerialNumberString
                0x0000000000001082        0x6 .build/obj_minim_default/usb_descriptor.o
                0x0000000000001082                SerialNumberString
 .progmem.data.ProductString
                0x0000000000001088        0xe .build/obj_minim_default/usb_descriptor.o
                0x0000000000001088                ProductString
 .progmem.data.ManufacturerString
                0x0000000000001096        0xe .build/obj_minim_default/usb_descriptor.o
                0x0000000000001096                ManufacturerString
 .progmem.data.LanguageString
                0x00000000000010a4        0x4 .build/obj_minim_default/usb_descriptor.o
                0x00000000000010a4                LanguageString
 .progmem.data.ConfigurationDescriptor
                0x00000000000010a8       0x5b .build/obj_minim_default/usb_descriptor.o
                0x00000000000010a8                ConfigurationDescriptor
 .progmem.data.DeviceDescriptor
                0x0000000000001103       0x12 .build/obj_minim_default/usb_descriptor.o
                0x0000000000001103                DeviceDescriptor
 .progmem.data.ConsoleReport
                0x0000000000001115       0x22 .build/obj_minim_default/usb_descriptor.o
                0x0000000000001115                ConsoleReport
 .progmem.data.SharedReport
                0x0000000000001137       0x85 .build/obj_minim_default/usb_descriptor.o
                0x0000000000001137                SharedReport
 .progmem.data.KeyboardReport
                0x00000000000011bc       0x40 .build/obj_minim_default/usb_descriptor.o
                0x00000000000011bc                KeyboardReport
                0x00000000000011fc                . = ALIGN (0x2)
 *(.lowtext)
 *(.lowtext*)
                0x00000000000011fc                __ctors_start = .
 *(.ctors)
                0x00000000000011fc                __ctors_end = .
                0x00000000000011fc                __dtors_start = .
 *(.dtors)
                0x00000000000011fc                __dtors_end = .
 SORT_BY_NAME(*)(.ctors)
 SORT_BY_NAME(*)(.dtors)
 *(.init0)
 .init0         0x00000000000011fc        0x0 /usr/local/Cellar/avr-gcc@8/8.4.0/lib/avr-gcc/8/gcc/avr/8.4.0/../../../../../../avr/lib/avr35/crtatmega32u2.o
                0x00000000000011fc                __init
 *(.init0)
 *(.init1)
 *(.init1)
 *(.init2)
 .init2         0x00000000000011fc        0xc /usr/local/Cellar/avr-gcc@8/8.4.0/lib/avr-gcc/8/gcc/avr/8.4.0/../../../../../../avr/lib/avr35/crtatmega32u2.o
 *(.init2)
 *(.init3)
 .init3         0x0000000000001208       0x54 .build/obj_minim_default/common/avr/bootloader.o
                0x0000000000001208                bootloader_jump_after_watchdog_reset
 *(.init3)
 *(.init4)
 .init4         0x000000000000125c       0x16 /usr/local/Cellar/avr-gcc@8/8.4.0/lib/avr-gcc/8/gcc/avr/8.4.0/avr35/libgcc.a(_copy_data.o)
                0x000000000000125c                __do_copy_data
 .init4         0x0000000000001272       0x10 /usr/local/Cellar/avr-gcc@8/8.4.0/lib/avr-gcc/8/gcc/avr/8.4.0/avr35/libgcc.a(_clear_bss.o)
                0x0000000000001272                __do_clear_bss
 *(.init4)
 *(.init5)
 *(.init5)
 *(.init6)
 *(.init6)
 *(.init7)
 *(.init7)
 *(.init8)
 *(.init8)
 *(.init9)
 .init9         0x0000000000001282        0x8 /usr/local/Cellar/avr-gcc@8/8.4.0/lib/avr-gcc/8/gcc/avr/8.4.0/../../../../../../avr/lib/avr35/crtatmega32u2.o
 *(.init9)
 *(.text)
 .text          0x000000000000128a        0x4 /usr/local/Cellar/avr-gcc@8/8.4.0/lib/avr-gcc/8/gcc/avr/8.4.0/../../../../../../avr/lib/avr35/crtatmega32u2.o
                0x000000000000128a                __vector_20
                0x000000000000128a                __vector_28
                0x000000000000128a                __vector_1
                0x000000000000128a                __vector_24
                0x000000000000128a                __bad_interrupt
                0x000000000000128a                __vector_6
                0x000000000000128a                __vector_3
                0x000000000000128a                __vector_23
                0x000000000000128a                __vector_25
                0x000000000000128a                __vector_17
                0x000000000000128a                __vector_7
                0x000000000000128a                __vector_27
                0x000000000000128a                __vector_5
                0x000000000000128a                __vector_4
                0x000000000000128a                __vector_9
                0x000000000000128a                __vector_2
                0x000000000000128a                __vector_21
                0x000000000000128a                __vector_15
                0x000000000000128a                __vector_8
                0x000000000000128a                __vector_26
                0x000000000000128a                __vector_14
                0x000000000000128a                __vector_10
                0x000000000000128a                __vector_16
                0x000000000000128a                __vector_18
                0x000000000000128a                __vector_22
 .text          0x000000000000128e      0x15c .build/obj_minim_default/common/avr/xprintf.o
                0x000000000000128e                xputc
                0x00000000000012a6                xputs
                0x00000000000012b4                xitoa
                0x00000000000013d8                __xprintf
                0x00000000000013ea                . = ALIGN (0x2)
 *(.text.*)
 .text.matrix_init_user
                0x00000000000013ea        0x2 .build/obj_minim_default/keyboards/minim/keymaps/default/keymap.o
                0x00000000000013ea                matrix_init_user
 .text.matrix_scan_user
                0x00000000000013ec        0x2 .build/obj_minim_default/keyboards/minim/keymaps/default/keymap.o
                0x00000000000013ec                matrix_scan_user
 .text.led_set_user
                0x00000000000013ee        0x2 .build/obj_minim_default/keyboards/minim/keymaps/default/keymap.o
                0x00000000000013ee                led_set_user
 .text.process_action_kb
                0x00000000000013f0        0x4 .build/obj_minim_default/quantum/quantum.o
                0x00000000000013f0                process_action_kb
 .text.process_record_user
                0x00000000000013f4        0x4 .build/obj_minim_default/quantum/quantum.o
                0x00000000000013f4                process_record_user
 .text.process_record_kb
                0x00000000000013f8        0x4 .build/obj_minim_default/quantum/quantum.o
                0x00000000000013f8                process_record_kb
 .text.get_event_keycode
                0x00000000000013fc       0x62 .build/obj_minim_default/quantum/quantum.o
                0x00000000000013fc                get_event_keycode
 .text.get_record_keycode
                0x000000000000145e       0x10 .build/obj_minim_default/quantum/quantum.o
                0x000000000000145e                get_record_keycode
 .text.matrix_init_quantum
                0x000000000000146e       0x10 .build/obj_minim_default/quantum/quantum.o
                0x000000000000146e                matrix_init_quantum
 .text.matrix_scan_quantum
                0x000000000000147e        0x4 .build/obj_minim_default/quantum/quantum.o
                0x000000000000147e                matrix_scan_quantum
 .text.led_set_kb
                0x0000000000001482        0x4 .build/obj_minim_default/quantum/quantum.o
                0x0000000000001482                led_set_kb
 .text.led_update_user
                0x0000000000001486        0x4 .build/obj_minim_default/quantum/quantum.o
                0x0000000000001486                led_update_user
 .text.led_update_kb
                0x000000000000148a        0x4 .build/obj_minim_default/quantum/quantum.o
                0x000000000000148a                led_update_kb
 .text.led_set  0x000000000000148e       0x10 .build/obj_minim_default/quantum/quantum.o
                0x000000000000148e                led_set
 .text.shutdown_user
                0x000000000000149e        0x2 .build/obj_minim_default/quantum/quantum.o
                0x000000000000149e                shutdown_user
 .text.reset_keyboard
                0x00000000000014a0       0x1e .build/obj_minim_default/quantum/quantum.o
                0x00000000000014a0                reset_keyboard
 .text.process_record_quantum
                0x00000000000014be      0x352 .build/obj_minim_default/quantum/quantum.o
                0x00000000000014be                process_record_quantum
 .text.action_get_macro
                0x0000000000001810        0x6 .build/obj_minim_default/quantum/keymap_common.o
                0x0000000000001810                action_get_macro
 .text.action_function
                0x0000000000001816        0x2 .build/obj_minim_default/quantum/keymap_common.o
                0x0000000000001816                action_function
 .text.keymap_key_to_keycode
                0x0000000000001818       0x34 .build/obj_minim_default/quantum/keymap_common.o
                0x0000000000001818                keymap_key_to_keycode
 .text.keymap_function_id_to_action
                0x000000000000184c       0x10 .build/obj_minim_default/quantum/keymap_common.o
                0x000000000000184c                keymap_function_id_to_action
 .text.action_for_key
                0x000000000000185c      0x37c .build/obj_minim_default/quantum/keymap_common.o
                0x000000000000185c                action_for_key
 .text.keycode_config
                0x0000000000001bd8      0x12e .build/obj_minim_default/quantum/keycode_config.o
                0x0000000000001bd8                keycode_config
 .text.mod_config
                0x0000000000001d06       0x86 .build/obj_minim_default/quantum/keycode_config.o
                0x0000000000001d06                mod_config
 .text.matrix_init_kb
                0x0000000000001d8c        0x4 .build/obj_minim_default/quantum/matrix.o
                0x0000000000001d8c                matrix_init_kb
 .text.matrix_scan_kb
                0x0000000000001d90        0x4 .build/obj_minim_default/quantum/matrix.o
                0x0000000000001d90                matrix_scan_kb
 .text.matrix_get_row
                0x0000000000001d94       0x12 .build/obj_minim_default/quantum/matrix.o
                0x0000000000001d94                matrix_get_row
 .text.matrix_print
                0x0000000000001da6       0x8e .build/obj_minim_default/quantum/matrix.o
                0x0000000000001da6                matrix_print
 .text.matrix_init
                0x0000000000001e34       0xc2 .build/obj_minim_default/quantum/matrix.o
                0x0000000000001e34                matrix_init
 .text.matrix_scan
                0x0000000000001ef6      0x12c .build/obj_minim_default/quantum/matrix.o
                0x0000000000001ef6                matrix_scan
 .text.debounce_init
                0x0000000000002022        0x2 .build/obj_minim_default/quantum/debounce/sym_g.o
                0x0000000000002022                debounce_init
 .text.debounce
                0x0000000000002024       0x72 .build/obj_minim_default/quantum/debounce/sym_g.o
                0x0000000000002024                debounce
 .text.perform_space_cadet
                0x0000000000002096       0xda .build/obj_minim_default/quantum/process_keycode/process_space_cadet.o
                0x0000000000002096                perform_space_cadet
 .text.process_space_cadet
                0x0000000000002170       0x82 .build/obj_minim_default/quantum/process_keycode/process_space_cadet.o
                0x0000000000002170                process_space_cadet
 .text.host_set_driver
                0x00000000000021f2        0xa .build/obj_minim_default/common/host.o
                0x00000000000021f2                host_set_driver
 .text.host_keyboard_leds
                0x00000000000021fc       0x18 .build/obj_minim_default/common/host.o
                0x00000000000021fc                host_keyboard_leds
 .text.host_keyboard_send
                0x0000000000002214       0x98 .build/obj_minim_default/common/host.o
                0x0000000000002214                host_keyboard_send
 .text.host_mouse_send
                0x00000000000022ac       0x1c .build/obj_minim_default/common/host.o
                0x00000000000022ac                host_mouse_send
 .text.host_system_send
                0x00000000000022c8       0x2c .build/obj_minim_default/common/host.o
                0x00000000000022c8                host_system_send
 .text.host_consumer_send
                0x00000000000022f4       0x2c .build/obj_minim_default/common/host.o
                0x00000000000022f4                host_consumer_send
 .text.keyboard_pre_init_user
                0x0000000000002320        0x2 .build/obj_minim_default/common/keyboard.o
                0x0000000000002320                keyboard_pre_init_user
 .text.matrix_setup
                0x0000000000002322        0x2 .build/obj_minim_default/common/keyboard.o
                0x0000000000002322                matrix_setup
 .text.keyboard_pre_init_kb
                0x0000000000002324        0x4 .build/obj_minim_default/common/keyboard.o
                0x0000000000002324                keyboard_pre_init_kb
 .text.keyboard_post_init_user
                0x0000000000002328        0x2 .build/obj_minim_default/common/keyboard.o
                0x0000000000002328                keyboard_post_init_user
 .text.keyboard_post_init_kb
                0x000000000000232a        0x4 .build/obj_minim_default/common/keyboard.o
                0x000000000000232a                keyboard_post_init_kb
 .text.keyboard_setup
                0x000000000000232e        0x8 .build/obj_minim_default/common/keyboard.o
                0x000000000000232e                keyboard_setup
 .text.is_keyboard_master
                0x0000000000002336        0x4 .build/obj_minim_default/common/keyboard.o
                0x0000000000002336                is_keyboard_master
 .text.keyboard_init
                0x000000000000233a       0x10 .build/obj_minim_default/common/keyboard.o
                0x000000000000233a                keyboard_init
 .text.keyboard_set_leds
                0x000000000000234a       0x50 .build/obj_minim_default/common/keyboard.o
                0x000000000000234a                keyboard_set_leds
 .text.keyboard_task
                0x000000000000239a      0x174 .build/obj_minim_default/common/keyboard.o
                0x000000000000239a                keyboard_task
 .text.action_exec
                0x000000000000250e       0x54 .build/obj_minim_default/common/action.o
                0x000000000000250e                action_exec
 .text.process_record_tap_hint
                0x0000000000002562        0xa .build/obj_minim_default/common/action.o
                0x0000000000002562                process_record_tap_hint
 .text.register_code
                0x000000000000256c      0x1da .build/obj_minim_default/common/action.o
                0x000000000000256c                register_code
 .text.unregister_code
                0x0000000000002746       0xac .build/obj_minim_default/common/action.o
                0x0000000000002746                unregister_code
 .text.tap_code
                0x00000000000027f2       0x26 .build/obj_minim_default/common/action.o
                0x00000000000027f2                tap_code
 .text.register_mods
                0x0000000000002818        0xe .build/obj_minim_default/common/action.o
                0x0000000000002818                register_mods
 .text.unregister_mods
                0x0000000000002826        0xe .build/obj_minim_default/common/action.o
                0x0000000000002826                unregister_mods
 .text.process_action
                0x0000000000002834      0x498 .build/obj_minim_default/common/action.o
                0x0000000000002834                process_action
 .text.process_record
                0x0000000000002ccc       0x54 .build/obj_minim_default/common/action.o
                0x0000000000002ccc                process_record
 .text.clear_keyboard_but_mods_and_keys
                0x0000000000002d20       0x24 .build/obj_minim_default/common/action.o
                0x0000000000002d20                clear_keyboard_but_mods_and_keys
 .text.clear_keyboard_but_mods
                0x0000000000002d44        0x8 .build/obj_minim_default/common/action.o
                0x0000000000002d44                clear_keyboard_but_mods
 .text.clear_keyboard
                0x0000000000002d4c        0x8 .build/obj_minim_default/common/action.o
                0x0000000000002d4c                clear_keyboard
 .text.is_tap_action
                0x0000000000002d54       0x3e .build/obj_minim_default/common/action.o
                0x0000000000002d54                is_tap_action
 .text.is_tap_key
                0x0000000000002d92        0x8 .build/obj_minim_default/common/action.o
                0x0000000000002d92                is_tap_key
 .text.debug_event
                0x0000000000002d9a       0x1e .build/obj_minim_default/common/action.o
                0x0000000000002d9a                debug_event
 .text.debug_record
                0x0000000000002db8       0x20 .build/obj_minim_default/common/action.o
                0x0000000000002db8                debug_record
 .text.debug_waiting_buffer
                0x0000000000002dd8       0x3e .build/obj_minim_default/common/action_tapping.o
 .text.debug_tapping_key
                0x0000000000002e16       0x1c .build/obj_minim_default/common/action_tapping.o
 .text.waiting_buffer_scan_tap
                0x0000000000002e32       0xe0 .build/obj_minim_default/common/action_tapping.o
 .text.process_tapping
                0x0000000000002f12      0x394 .build/obj_minim_default/common/action_tapping.o
 .text.action_tapping_process
                0x00000000000032a6      0x13c .build/obj_minim_default/common/action_tapping.o
                0x00000000000032a6                action_tapping_process
 .text.action_macro_play
                0x00000000000033e2       0xf0 .build/obj_minim_default/common/action_macro.o
                0x00000000000033e2                action_macro_play
 .text.default_layer_state_set_user
                0x00000000000034d2        0x2 .build/obj_minim_default/common/action_layer.o
                0x00000000000034d2                default_layer_state_set_user
 .text.default_layer_state_set_kb
                0x00000000000034d4        0x4 .build/obj_minim_default/common/action_layer.o
                0x00000000000034d4                default_layer_state_set_kb
 .text.default_layer_state_set
                0x00000000000034d8       0x18 .build/obj_minim_default/common/action_layer.o
 .text.default_layer_debug
                0x00000000000034f0        0x2 .build/obj_minim_default/common/action_layer.o
                0x00000000000034f0                default_layer_debug
 .text.default_layer_set
                0x00000000000034f2        0x4 .build/obj_minim_default/common/action_layer.o
                0x00000000000034f2                default_layer_set
 .text.default_layer_or
                0x00000000000034f6       0x24 .build/obj_minim_default/common/action_layer.o
                0x00000000000034f6                default_layer_or
 .text.default_layer_and
                0x000000000000351a       0x24 .build/obj_minim_default/common/action_layer.o
                0x000000000000351a                default_layer_and
 .text.default_layer_xor
                0x000000000000353e       0x24 .build/obj_minim_default/common/action_layer.o
                0x000000000000353e                default_layer_xor
 .text.layer_state_set_user
                0x0000000000003562        0x4 .build/obj_minim_default/common/action_layer.o
                0x0000000000003562                layer_state_set_user
 .text.layer_state_set_kb
                0x0000000000003566        0x4 .build/obj_minim_default/common/action_layer.o
                0x0000000000003566                layer_state_set_kb
 .text.layer_state_set
                0x000000000000356a       0x18 .build/obj_minim_default/common/action_layer.o
                0x000000000000356a                layer_state_set
 .text.layer_clear
                0x0000000000003582        0xa .build/obj_minim_default/common/action_layer.o
                0x0000000000003582                layer_clear
 .text.layer_move
                0x000000000000358c       0x2a .build/obj_minim_default/common/action_layer.o
                0x000000000000358c                layer_move
 .text.layer_on
                0x00000000000035b6       0x42 .build/obj_minim_default/common/action_layer.o
                0x00000000000035b6                layer_on
 .text.layer_off
                0x00000000000035f8       0x46 .build/obj_minim_default/common/action_layer.o
                0x00000000000035f8                layer_off
 .text.layer_invert
                0x000000000000363e       0x42 .build/obj_minim_default/common/action_layer.o
                0x000000000000363e                layer_invert
 .text.layer_or
                0x0000000000003680       0x24 .build/obj_minim_default/common/action_layer.o
                0x0000000000003680                layer_or
 .text.layer_and
                0x00000000000036a4       0x24 .build/obj_minim_default/common/action_layer.o
                0x00000000000036a4                layer_and
 .text.layer_xor
                0x00000000000036c8       0x24 .build/obj_minim_default/common/action_layer.o
                0x00000000000036c8                layer_xor
 .text.layer_debug
                0x00000000000036ec        0x2 .build/obj_minim_default/common/action_layer.o
                0x00000000000036ec                layer_debug
 .text.update_source_layers_cache
                0x00000000000036ee       0x6e .build/obj_minim_default/common/action_layer.o
                0x00000000000036ee                update_source_layers_cache
 .text.read_source_layers_cache
                0x000000000000375c       0x58 .build/obj_minim_default/common/action_layer.o
                0x000000000000375c                read_source_layers_cache
 .text.layer_switch_get_layer
                0x00000000000037b4       0x84 .build/obj_minim_default/common/action_layer.o
                0x00000000000037b4                layer_switch_get_layer
 .text.layer_switch_get_action
                0x0000000000003838       0x14 .build/obj_minim_default/common/action_layer.o
                0x0000000000003838                layer_switch_get_action
 .text.store_or_get_action
                0x000000000000384c       0x48 .build/obj_minim_default/common/action_layer.o
                0x000000000000384c                store_or_get_action
 .text.add_key  0x0000000000003894        0xe .build/obj_minim_default/common/action_util.o
                0x0000000000003894                add_key
 .text.del_key  0x00000000000038a2        0xe .build/obj_minim_default/common/action_util.o
                0x00000000000038a2                del_key
 .text.clear_keys
                0x00000000000038b0        0xc .build/obj_minim_default/common/action_util.o
                0x00000000000038b0                clear_keys
 .text.get_oneshot_layer
                0x00000000000038bc        0xc .build/obj_minim_default/common/action_util.o
                0x00000000000038bc                get_oneshot_layer
 .text.get_oneshot_layer_state
                0x00000000000038c8        0x8 .build/obj_minim_default/common/action_util.o
                0x00000000000038c8                get_oneshot_layer_state
 .text.is_oneshot_layer_active
                0x00000000000038d0        0xe .build/obj_minim_default/common/action_util.o
                0x00000000000038d0                is_oneshot_layer_active
 .text.get_mods
                0x00000000000038de        0x6 .build/obj_minim_default/common/action_util.o
                0x00000000000038de                get_mods
 .text.add_mods
                0x00000000000038e4        0xc .build/obj_minim_default/common/action_util.o
                0x00000000000038e4                add_mods
 .text.del_mods
                0x00000000000038f0        0xe .build/obj_minim_default/common/action_util.o
                0x00000000000038f0                del_mods
 .text.clear_mods
                0x00000000000038fe        0x6 .build/obj_minim_default/common/action_util.o
                0x00000000000038fe                clear_mods
 .text.add_weak_mods
                0x0000000000003904        0xc .build/obj_minim_default/common/action_util.o
                0x0000000000003904                add_weak_mods
 .text.del_weak_mods
                0x0000000000003910        0xe .build/obj_minim_default/common/action_util.o
                0x0000000000003910                del_weak_mods
 .text.clear_weak_mods
                0x000000000000391e        0x6 .build/obj_minim_default/common/action_util.o
                0x000000000000391e                clear_weak_mods
 .text.add_macro_mods
                0x0000000000003924        0xc .build/obj_minim_default/common/action_util.o
                0x0000000000003924                add_macro_mods
 .text.del_macro_mods
                0x0000000000003930        0xe .build/obj_minim_default/common/action_util.o
                0x0000000000003930                del_macro_mods
 .text.clear_macro_mods
                0x000000000000393e        0x6 .build/obj_minim_default/common/action_util.o
                0x000000000000393e                clear_macro_mods
 .text.get_oneshot_mods
                0x0000000000003944        0x6 .build/obj_minim_default/common/action_util.o
                0x0000000000003944                get_oneshot_mods
 .text.oneshot_mods_changed_user
                0x000000000000394a        0x2 .build/obj_minim_default/common/action_util.o
                0x000000000000394a                oneshot_mods_changed_user
 .text.oneshot_mods_changed_kb
                0x000000000000394c        0x4 .build/obj_minim_default/common/action_util.o
                0x000000000000394c                oneshot_mods_changed_kb
 .text.set_oneshot_mods
                0x0000000000003950       0x12 .build/obj_minim_default/common/action_util.o
                0x0000000000003950                set_oneshot_mods
 .text.clear_oneshot_mods
                0x0000000000003962       0x14 .build/obj_minim_default/common/action_util.o
                0x0000000000003962                clear_oneshot_mods
 .text.send_keyboard_report
                0x0000000000003976       0x66 .build/obj_minim_default/common/action_util.o
                0x0000000000003976                send_keyboard_report
 .text.oneshot_layer_changed_user
                0x00000000000039dc        0x2 .build/obj_minim_default/common/action_util.o
                0x00000000000039dc                oneshot_layer_changed_user
 .text.oneshot_layer_changed_kb
                0x00000000000039de        0x4 .build/obj_minim_default/common/action_util.o
                0x00000000000039de                oneshot_layer_changed_kb
 .text.set_oneshot_layer
                0x00000000000039e2       0x20 .build/obj_minim_default/common/action_util.o
                0x00000000000039e2                set_oneshot_layer
 .text.reset_oneshot_layer
                0x0000000000003a02        0xa .build/obj_minim_default/common/action_util.o
                0x0000000000003a02                reset_oneshot_layer
 .text.clear_oneshot_layer_state
                0x0000000000003a0c       0x30 .build/obj_minim_default/common/action_util.o
                0x0000000000003a0c                clear_oneshot_layer_state
 .text.print_set_sendchar
                0x0000000000003a3c        0xa .build/obj_minim_default/common/print.o
                0x0000000000003a3c                print_set_sendchar
 .text.bitrev   0x0000000000003a46       0x30 .build/obj_minim_default/common/util.o
                0x0000000000003a46                bitrev
 .text.bitrev16
                0x0000000000003a76       0x1a .build/obj_minim_default/common/util.o
                0x0000000000003a76                bitrev16
 .text.eeconfig_is_enabled
                0x0000000000003a90       0x16 .build/obj_minim_default/common/eeconfig.o
                0x0000000000003a90                eeconfig_is_enabled
 .text.eeconfig_read_debug
                0x0000000000003aa6        0x8 .build/obj_minim_default/common/eeconfig.o
                0x0000000000003aa6                eeconfig_read_debug
 .text.eeconfig_read_default_layer
                0x0000000000003aae        0x8 .build/obj_minim_default/common/eeconfig.o
                0x0000000000003aae                eeconfig_read_default_layer
 .text.eeconfig_read_keymap
                0x0000000000003ab6       0x1c .build/obj_minim_default/common/eeconfig.o
                0x0000000000003ab6                eeconfig_read_keymap
 .text.eeconfig_update_keymap
                0x0000000000003ad2       0x1a .build/obj_minim_default/common/eeconfig.o
                0x0000000000003ad2                eeconfig_update_keymap
 .text.eeconfig_update_kb
                0x0000000000003aec        0xc .build/obj_minim_default/common/eeconfig.o
                0x0000000000003aec                eeconfig_update_kb
 .text.eeconfig_update_user
                0x0000000000003af8        0xc .build/obj_minim_default/common/eeconfig.o
                0x0000000000003af8                eeconfig_update_user
 .text.eeconfig_init_user
                0x0000000000003b04        0xa .build/obj_minim_default/common/eeconfig.o
                0x0000000000003b04                eeconfig_init_user
 .text.eeconfig_init_kb
                0x0000000000003b0e        0xe .build/obj_minim_default/common/eeconfig.o
                0x0000000000003b0e                eeconfig_init_kb
 .text.eeconfig_init_quantum
                0x0000000000003b1c       0xae .build/obj_minim_default/common/eeconfig.o
                0x0000000000003b1c                eeconfig_init_quantum
 .text.eeconfig_init
                0x0000000000003bca        0x4 .build/obj_minim_default/common/eeconfig.o
                0x0000000000003bca                eeconfig_init
 .text.eeconfig_update_handedness
                0x0000000000003bce        0xa .build/obj_minim_default/common/eeconfig.o
                0x0000000000003bce                eeconfig_update_handedness
 .text.has_anykey
                0x0000000000003bd8       0x24 .build/obj_minim_default/common/report.o
                0x0000000000003bd8                has_anykey
 .text.add_key_byte
                0x0000000000003bfc       0x34 .build/obj_minim_default/common/report.o
                0x0000000000003bfc                add_key_byte
 .text.del_key_byte
                0x0000000000003c30       0x1a .build/obj_minim_default/common/report.o
                0x0000000000003c30                del_key_byte
 .text.add_key_to_report
                0x0000000000003c4a        0x4 .build/obj_minim_default/common/report.o
                0x0000000000003c4a                add_key_to_report
 .text.del_key_from_report
                0x0000000000003c4e        0x4 .build/obj_minim_default/common/report.o
                0x0000000000003c4e                del_key_from_report
 .text.clear_keys_from_report
                0x0000000000003c52        0xe .build/obj_minim_default/common/report.o
                0x0000000000003c52                clear_keys_from_report
 .text.matrix_power_up
                0x0000000000003c60        0x2 .build/obj_minim_default/common/avr/suspend.o
                0x0000000000003c60                matrix_power_up
 .text.suspend_power_down_user
                0x0000000000003c62        0x2 .build/obj_minim_default/common/avr/suspend.o
                0x0000000000003c62                suspend_power_down_user
 .text.suspend_power_down_kb
                0x0000000000003c64        0x4 .build/obj_minim_default/common/avr/suspend.o
                0x0000000000003c64                suspend_power_down_kb
 .text.suspend_power_down
                0x0000000000003c68       0x60 .build/obj_minim_default/common/avr/suspend.o
                0x0000000000003c68                suspend_power_down
 .text.matrix_power_down
                0x0000000000003cc8        0x2 .build/obj_minim_default/common/avr/suspend.o
                0x0000000000003cc8                matrix_power_down
 .text.suspend_wakeup_condition
                0x0000000000003cca       0x2a .build/obj_minim_default/common/avr/suspend.o
                0x0000000000003cca                suspend_wakeup_condition
 .text.suspend_wakeup_init_user
                0x0000000000003cf4        0x2 .build/obj_minim_default/common/avr/suspend.o
                0x0000000000003cf4                suspend_wakeup_init_user
 .text.suspend_wakeup_init_kb
                0x0000000000003cf6        0x4 .build/obj_minim_default/common/avr/suspend.o
                0x0000000000003cf6                suspend_wakeup_init_kb
 .text.suspend_wakeup_init
                0x0000000000003cfa       0x10 .build/obj_minim_default/common/avr/suspend.o
                0x0000000000003cfa                suspend_wakeup_init
 .text.__vector_13
                0x0000000000003d0a       0x4e .build/obj_minim_default/common/avr/suspend.o
                0x0000000000003d0a                __vector_13
 .text.timer_init
                0x0000000000003d58       0x12 .build/obj_minim_default/common/avr/timer.o
                0x0000000000003d58                timer_init
 .text.timer_read
                0x0000000000003d6a       0x18 .build/obj_minim_default/common/avr/timer.o
                0x0000000000003d6a                timer_read
 .text.timer_read32
                0x0000000000003d82       0x18 .build/obj_minim_default/common/avr/timer.o
                0x0000000000003d82                timer_read32
 .text.timer_elapsed
                0x0000000000003d9a       0x54 .build/obj_minim_default/common/avr/timer.o
                0x0000000000003d9a                timer_elapsed
 .text.__vector_19
                0x0000000000003dee       0x48 .build/obj_minim_default/common/avr/timer.o
                0x0000000000003dee                __vector_19
 .text.bootloader_jump
                0x0000000000003e36       0x48 .build/obj_minim_default/common/avr/bootloader.o
                0x0000000000003e36                bootloader_jump
 .text.magic    0x0000000000003e7e       0x30 .build/obj_minim_default/common/magic.o
                0x0000000000003e7e                magic
 .text.move_unit
                0x0000000000003eae       0x98 .build/obj_minim_default/common/mousekey.o
 .text.wheel_unit
                0x0000000000003f46       0x76 .build/obj_minim_default/common/mousekey.o
 .text.mousekey_on
                0x0000000000003fbc       0xd0 .build/obj_minim_default/common/mousekey.o
                0x0000000000003fbc                mousekey_on
 .text.mousekey_off
                0x000000000000408c       0xfe .build/obj_minim_default/common/mousekey.o
                0x000000000000408c                mousekey_off
 .text.mousekey_send
                0x000000000000418a      0x11a .build/obj_minim_default/common/mousekey.o
                0x000000000000418a                mousekey_send
 .text.mousekey_task
                0x00000000000042a4      0x13c .build/obj_minim_default/common/mousekey.o
                0x00000000000042a4                mousekey_task
 .text.mousekey_clear
                0x00000000000043e0       0x18 .build/obj_minim_default/common/mousekey.o
                0x00000000000043e0                mousekey_clear
 .text.mousekey_console_help
                0x00000000000043f8       0x2e .build/obj_minim_default/common/command.o
 .text.mousekey_param_inc
                0x0000000000004426      0x148 .build/obj_minim_default/common/command.o
 .text.mousekey_param_dec
                0x000000000000456e       0xfe .build/obj_minim_default/common/command.o
 .text.switch_default_layer
                0x000000000000466c       0x3c .build/obj_minim_default/common/command.o
 .text.command_common
                0x00000000000046a8      0x4de .build/obj_minim_default/common/command.o
 .text.command_extra
                0x0000000000004b86        0x4 .build/obj_minim_default/common/command.o
                0x0000000000004b86                command_extra
 .text.command_console_extra
                0x0000000000004b8a        0x4 .build/obj_minim_default/common/command.o
                0x0000000000004b8a                command_console_extra
 .text.numkey2num
                0x0000000000004b8e       0x16 .build/obj_minim_default/common/command.o
                0x0000000000004b8e                numkey2num
 .text.command_proc
                0x0000000000004ba4      0x286 .build/obj_minim_default/common/command.o
                0x0000000000004ba4                command_proc
 .text.keyboard_leds
                0x0000000000004e2a        0x6 .build/obj_minim_default/lufa.o
 .text.sendchar
                0x0000000000004e30       0xc4 .build/obj_minim_default/lufa.o
                0x0000000000004e30                sendchar
 .text.send_consumer
                0x0000000000004ef4       0x76 .build/obj_minim_default/lufa.o
 .text.send_system
                0x0000000000004f6a       0x6c .build/obj_minim_default/lufa.o
 .text.send_mouse
                0x0000000000004fd6       0x56 .build/obj_minim_default/lufa.o
 .text.send_keyboard
                0x000000000000502c       0x66 .build/obj_minim_default/lufa.o
 .text.EVENT_USB_Device_Reset
                0x0000000000005092        0x8 .build/obj_minim_default/lufa.o
                0x0000000000005092                EVENT_USB_Device_Reset
 .text.EVENT_USB_Device_Suspend
                0x000000000000509a        0x8 .build/obj_minim_default/lufa.o
                0x000000000000509a                EVENT_USB_Device_Suspend
 .text.EVENT_USB_Device_WakeUp
                0x00000000000050a2        0xc .build/obj_minim_default/lufa.o
                0x00000000000050a2                EVENT_USB_Device_WakeUp
 .text.EVENT_USB_Device_StartOfFrame
                0x00000000000050ae       0x82 .build/obj_minim_default/lufa.o
                0x00000000000050ae                EVENT_USB_Device_StartOfFrame
 .text.EVENT_USB_Device_ConfigurationChanged
                0x0000000000005130       0x1e .build/obj_minim_default/lufa.o
                0x0000000000005130                EVENT_USB_Device_ConfigurationChanged
 .text.EVENT_USB_Device_ControlRequest
                0x000000000000514e      0x16a .build/obj_minim_default/lufa.o
                0x000000000000514e                EVENT_USB_Device_ControlRequest
 .text.startup.main
                0x00000000000052b8       0x8e .build/obj_minim_default/lufa.o
                0x00000000000052b8                main
 .text.CALLBACK_USB_GetDescriptor
                0x0000000000005346        0x4 .build/obj_minim_default/lufa.o
                0x0000000000005346                CALLBACK_USB_GetDescriptor
 .text.get_usb_descriptor
                0x000000000000534a       0xba .build/obj_minim_default/usb_descriptor.o
                0x000000000000534a                get_usb_descriptor
 .text.set_output_user
                0x0000000000005404        0x2 .build/obj_minim_default/outputselect.o
                0x0000000000005404                set_output_user
 .text.set_output
                0x0000000000005406       0x10 .build/obj_minim_default/outputselect.o
                0x0000000000005406                set_output
 .text.auto_detect_output
                0x0000000000005416       0x10 .build/obj_minim_default/outputselect.o
                0x0000000000005416                auto_detect_output
 .text.where_to_send
                0x0000000000005426        0xe .build/obj_minim_default/outputselect.o
                0x0000000000005426                where_to_send
 .text.USB_Device_SendRemoteWakeup
                0x0000000000005434       0x2c .build/obj_minim_default/lib/lufa/LUFA/Drivers/USB/Core/AVR8/Device_AVR8.o
                0x0000000000005434                USB_Device_SendRemoteWakeup
 .text.Endpoint_Write_Stream_LE
                0x0000000000005460       0x9e .build/obj_minim_default/lib/lufa/LUFA/Drivers/USB/Core/AVR8/EndpointStream_AVR8.o
                0x0000000000005460                Endpoint_Write_Stream_LE
 .text.Endpoint_Write_Control_Stream_LE
                0x00000000000054fe       0xb8 .build/obj_minim_default/lib/lufa/LUFA/Drivers/USB/Core/AVR8/EndpointStream_AVR8.o
                0x00000000000054fe                Endpoint_Write_Control_Stream_LE
 .text.Endpoint_Write_Control_PStream_LE
                0x00000000000055b6       0xba .build/obj_minim_default/lib/lufa/LUFA/Drivers/USB/Core/AVR8/EndpointStream_AVR8.o
                0x00000000000055b6                Endpoint_Write_Control_PStream_LE
 .text.Endpoint_ConfigureEndpoint_Prv
                0x0000000000005670       0x68 .build/obj_minim_default/lib/lufa/LUFA/Drivers/USB/Core/AVR8/Endpoint_AVR8.o
                0x0000000000005670                Endpoint_ConfigureEndpoint_Prv
 .text.Endpoint_ClearStatusStage
                0x00000000000056d8       0x3e .build/obj_minim_default/lib/lufa/LUFA/Drivers/USB/Core/AVR8/Endpoint_AVR8.o
                0x00000000000056d8                Endpoint_ClearStatusStage
 .text.Endpoint_WaitUntilReady
                0x0000000000005716       0x62 .build/obj_minim_default/lib/lufa/LUFA/Drivers/USB/Core/AVR8/Endpoint_AVR8.o
                0x0000000000005716                Endpoint_WaitUntilReady
 .text.USB_Disable
                0x0000000000005778       0x2e .build/obj_minim_default/lib/lufa/LUFA/Drivers/USB/Core/AVR8/USBController_AVR8.o
                0x0000000000005778                USB_Disable
 .text.USB_ResetInterface
                0x00000000000057a6       0x78 .build/obj_minim_default/lib/lufa/LUFA/Drivers/USB/Core/AVR8/USBController_AVR8.o
                0x00000000000057a6                USB_ResetInterface
 .text.USB_Init
                0x000000000000581e       0x14 .build/obj_minim_default/lib/lufa/LUFA/Drivers/USB/Core/AVR8/USBController_AVR8.o
                0x000000000000581e                USB_Init
 .text.USB_INT_DisableAllInterrupts
                0x0000000000005832        0x6 .build/obj_minim_default/lib/lufa/LUFA/Drivers/USB/Core/AVR8/USBInterrupt_AVR8.o
                0x0000000000005832                USB_INT_DisableAllInterrupts
 .text.USB_INT_ClearAllInterrupts
                0x0000000000005838        0x6 .build/obj_minim_default/lib/lufa/LUFA/Drivers/USB/Core/AVR8/USBInterrupt_AVR8.o
                0x0000000000005838                USB_INT_ClearAllInterrupts
 .text.__vector_11
                0x000000000000583e      0x162 .build/obj_minim_default/lib/lufa/LUFA/Drivers/USB/Core/AVR8/USBInterrupt_AVR8.o
                0x000000000000583e                __vector_11
 .text.__vector_12
                0x00000000000059a0       0x88 .build/obj_minim_default/lib/lufa/LUFA/Drivers/USB/Core/AVR8/USBInterrupt_AVR8.o
                0x00000000000059a0                __vector_12
 .text.USB_Device_ProcessControlRequest
                0x0000000000005a28      0x2a4 .build/obj_minim_default/lib/lufa/LUFA/Drivers/USB/Core/DeviceStandardReq.o
                0x0000000000005a28                USB_Device_ProcessControlRequest
 .text.USB_USBTask
                0x0000000000005ccc       0x36 .build/obj_minim_default/lib/lufa/LUFA/Drivers/USB/Core/USBTask.o
                0x0000000000005ccc                USB_USBTask
 .text.libgcc.mul
                0x0000000000005d02       0x12 /usr/local/Cellar/avr-gcc@8/8.4.0/lib/avr-gcc/8/gcc/avr/8.4.0/avr35/libgcc.a(_mulqi3.o)
                0x0000000000005d02                __mulqi3
 .text.libgcc.mul
                0x0000000000005d14       0x22 /usr/local/Cellar/avr-gcc@8/8.4.0/lib/avr-gcc/8/gcc/avr/8.4.0/avr35/libgcc.a(_mulhi3.o)
                0x0000000000005d14                __mulhi3
 .text.libgcc.div
                0x0000000000005d36       0x18 /usr/local/Cellar/avr-gcc@8/8.4.0/lib/avr-gcc/8/gcc/avr/8.4.0/avr35/libgcc.a(_udivmodqi4.o)
                0x0000000000005d36                __udivmodqi4
 .text.libgcc.div
                0x0000000000005d4e       0x28 /usr/local/Cellar/avr-gcc@8/8.4.0/lib/avr-gcc/8/gcc/avr/8.4.0/avr35/libgcc.a(_divmodhi4.o)
                0x0000000000005d4e                __divmodhi4
                0x0000000000005d4e                _div
 .text.libgcc   0x0000000000005d76        0xc /usr/local/Cellar/avr-gcc@8/8.4.0/lib/avr-gcc/8/gcc/avr/8.4.0/avr35/libgcc.a(_tablejump2.o)
                0x0000000000005d76                __tablejump2__
 .text.libgcc.div
                0x0000000000005d82       0x28 /usr/local/Cellar/avr-gcc@8/8.4.0/lib/avr-gcc/8/gcc/avr/8.4.0/avr35/libgcc.a(_udivmodhi4.o)
                0x0000000000005d82                __udivmodhi4
 .text.avr-libc
                0x0000000000005daa       0x10 /usr/local/Cellar/avr-gcc@8/8.4.0/lib/avr-gcc/8/gcc/avr/8.4.0/../../../../../../avr/lib/avr35/libatmega32u2.a(eerd_byte.o)
                0x0000000000005daa                eeprom_read_byte
 .text.avr-libc
                0x0000000000005dba        0xc /usr/local/Cellar/avr-gcc@8/8.4.0/lib/avr-gcc/8/gcc/avr/8.4.0/../../../../../../avr/lib/avr35/libatmega32u2.a(eerd_word.o)
                0x0000000000005dba                eeprom_read_word
 .text.avr-libc
                0x0000000000005dc6       0x24 /usr/local/Cellar/avr-gcc@8/8.4.0/lib/avr-gcc/8/gcc/avr/8.4.0/../../../../../../avr/lib/avr35/libatmega32u2.a(eeupd_byte.o)
                0x0000000000005dc6                eeprom_update_byte
                0x0000000000005dc8                eeprom_update_r18
 .text.avr-libc
                0x0000000000005dea       0x18 /usr/local/Cellar/avr-gcc@8/8.4.0/lib/avr-gcc/8/gcc/avr/8.4.0/../../../../../../avr/lib/avr35/libatmega32u2.a(eeupd_dword.o)
                0x0000000000005dea                eeprom_update_dword
                0x0000000000005dea                eeprom_update_float
 .text.avr-libc
                0x0000000000005e02        0xc /usr/local/Cellar/avr-gcc@8/8.4.0/lib/avr-gcc/8/gcc/avr/8.4.0/../../../../../../avr/lib/avr35/libatmega32u2.a(eeupd_word.o)
                0x0000000000005e02                eeprom_update_word
 .text.avr-libc
                0x0000000000005e0e       0x20 /usr/local/Cellar/avr-gcc@8/8.4.0/lib/avr-gcc/8/gcc/avr/8.4.0/../../../../../../avr/lib/avr35/libatmega32u2.a(eerd_block.o)
                0x0000000000005e0e                eeprom_read_block
                0x0000000000005e12                eeprom_read_blraw
                0x0000000000005e2e                . = ALIGN (0x2)
 *(.fini9)
 .fini9         0x0000000000005e2e        0x0 /usr/local/Cellar/avr-gcc@8/8.4.0/lib/avr-gcc/8/gcc/avr/8.4.0/avr35/libgcc.a(_exit.o)
                0x0000000000005e2e                exit
                0x0000000000005e2e                _exit
 *(.fini9)
 *(.fini8)
 *(.fini8)
 *(.fini7)
 *(.fini7)
 *(.fini6)
 *(.fini6)
 *(.fini5)
 *(.fini5)
 *(.fini4)
 *(.fini4)
 *(.fini3)
 *(.fini3)
 *(.fini2)
 *(.fini2)
 *(.fini1)
 *(.fini1)
 *(.fini0)
 .fini0         0x0000000000005e2e        0x4 /usr/local/Cellar/avr-gcc@8/8.4.0/lib/avr-gcc/8/gcc/avr/8.4.0/avr35/libgcc.a(_exit.o)
 *(.fini0)
 *(.hightext)
 *(.hightext*)
 *(.progmemx.*)
                0x0000000000005e32                . = ALIGN (0x2)
 *(.jumptables)
 *(.jumptables*)
 .jumptables.gcc.process_action
                0x0000000000005e32       0x20 .build/obj_minim_default/common/action.o
 .jumptables.gcc.is_tap_action
                0x0000000000005e52       0x1c .build/obj_minim_default/common/action.o
 .jumptables.gcc.USB_Device_ProcessControlRequest
                0x0000000000005e6e       0x14 .build/obj_minim_default/lib/lufa/LUFA/Drivers/USB/Core/DeviceStandardReq.o
                0x0000000000005e82                _etext = .

.data           0x0000000000800100       0x3e load address 0x0000000000005e82
                0x0000000000800100                PROVIDE (__data_start = .)
 *(.data)
 *(.data*)
 .data.keyboard_report
                0x0000000000800100        0x2 .build/obj_minim_default/common/action_util.o
                0x0000000000800100                keyboard_report
 .data.mk_wheel_time_to_max
                0x0000000000800102        0x1 .build/obj_minim_default/common/mousekey.o
                0x0000000000800102                mk_wheel_time_to_max
 .data.mk_wheel_max_speed
                0x0000000000800103        0x1 .build/obj_minim_default/common/mousekey.o
                0x0000000000800103                mk_wheel_max_speed
 .data.mk_time_to_max
                0x0000000000800104        0x1 .build/obj_minim_default/common/mousekey.o
                0x0000000000800104                mk_time_to_max
 .data.mk_max_speed
                0x0000000000800105        0x1 .build/obj_minim_default/common/mousekey.o
                0x0000000000800105                mk_max_speed
 .data.mk_interval
                0x0000000000800106        0x1 .build/obj_minim_default/common/mousekey.o
                0x0000000000800106                mk_interval
 .data.mk_delay
                0x0000000000800107        0x1 .build/obj_minim_default/common/mousekey.o
                0x0000000000800107                mk_delay
 .data.lufa_driver
                0x0000000000800108        0xa .build/obj_minim_default/lufa.o
                0x0000000000800108                lufa_driver
 .data.keyboard_protocol
                0x0000000000800112        0x1 .build/obj_minim_default/lufa.o
                0x0000000000800112                keyboard_protocol
 *(.gnu.linkonce.d*)
 *(.rodata)
 *(.rodata*)
 .rodata.col_pins
                0x0000000000800113        0xd .build/obj_minim_default/quantum/matrix.o
 .rodata.row_pins
                0x0000000000800120        0x4 .build/obj_minim_default/quantum/matrix.o
 .rodata.CSWTCH.55
                0x0000000000800124        0xa .build/obj_minim_default/common/command.o
 .rodata.CSWTCH.2
                0x000000000080012e        0x3 .build/obj_minim_default/usb_descriptor.o
 .rodata.CSWTCH.1
                0x0000000000800131        0x6 .build/obj_minim_default/usb_descriptor.o
 .rodata.CSWTCH.0
                0x0000000000800137        0x6 .build/obj_minim_default/usb_descriptor.o
 *(.gnu.linkonce.r*)
                0x000000000080013e                . = ALIGN (0x2)
 *fill*         0x000000000080013d        0x1 
                0x000000000080013e                _edata = .
                0x000000000080013e                PROVIDE (__data_end = .)

.bss            0x000000000080013e       0xca
                0x000000000080013e                PROVIDE (__bss_start = .)
 *(.bss)
 .bss           0x000000000080013e        0x2 .build/obj_minim_default/common/avr/xprintf.o
                0x000000000080013e                xfunc_out
 *(.bss*)
 .bss.grave_esc_was_shifted
                0x0000000000800140        0x1 .build/obj_minim_default/quantum/quantum.o
 .bss.matrix    0x0000000000800141        0x8 .build/obj_minim_default/quantum/matrix.o
 .bss.raw_matrix
                0x0000000000800149        0x8 .build/obj_minim_default/quantum/matrix.o
 .bss.debouncing_time
                0x0000000000800151        0x2 .build/obj_minim_default/quantum/debounce/sym_g.o
 .bss.debouncing
                0x0000000000800153        0x1 .build/obj_minim_default/quantum/debounce/sym_g.o
 .bss.sc_timer  0x0000000000800154        0x2 .build/obj_minim_default/quantum/process_keycode/process_space_cadet.o
 .bss.sc_last   0x0000000000800156        0x1 .build/obj_minim_default/quantum/process_keycode/process_space_cadet.o
 .bss.last_consumer_report
                0x0000000000800157        0x2 .build/obj_minim_default/common/host.o
 .bss.last_system_report
                0x0000000000800159        0x2 .build/obj_minim_default/common/host.o
 .bss.driver    0x000000000080015b        0x2 .build/obj_minim_default/common/host.o
 .bss.led_status.2920
                0x000000000080015d        0x1 .build/obj_minim_default/common/keyboard.o
 .bss.matrix_prev.2919
                0x000000000080015e        0x8 .build/obj_minim_default/common/keyboard.o
 .bss.disable_action_cache
                0x0000000000800166        0x1 .build/obj_minim_default/common/action.o
                0x0000000000800166                disable_action_cache
 .bss.waiting_buffer_tail
                0x0000000000800167        0x1 .build/obj_minim_default/common/action_tapping.o
 .bss.waiting_buffer_head
                0x0000000000800168        0x1 .build/obj_minim_default/common/action_tapping.o
 .bss.waiting_buffer
                0x0000000000800169       0x30 .build/obj_minim_default/common/action_tapping.o
 .bss.tapping_key
                0x0000000000800199        0x6 .build/obj_minim_default/common/action_tapping.o
 .bss.source_layers_cache
                0x000000000080019f       0x23 .build/obj_minim_default/common/action_layer.o
                0x000000000080019f                source_layers_cache
 .bss.layer_state
                0x00000000008001c2        0x4 .build/obj_minim_default/common/action_layer.o
                0x00000000008001c2                layer_state
 .bss.default_layer_state
                0x00000000008001c6        0x4 .build/obj_minim_default/common/action_layer.o
                0x00000000008001c6                default_layer_state
 .bss.oneshot_layer_data
                0x00000000008001ca        0x1 .build/obj_minim_default/common/action_util.o
 .bss.oneshot_mods
                0x00000000008001cb        0x1 .build/obj_minim_default/common/action_util.o
 .bss.__compound_literal.0
                0x00000000008001cc        0x8 .build/obj_minim_default/common/action_util.o
 .bss.macro_mods
                0x00000000008001d4        0x1 .build/obj_minim_default/common/action_util.o
 .bss.weak_mods
                0x00000000008001d5        0x1 .build/obj_minim_default/common/action_util.o
 .bss.real_mods
                0x00000000008001d6        0x1 .build/obj_minim_default/common/action_util.o
 .bss.debug_config
                0x00000000008001d7        0x1 .build/obj_minim_default/common/debug.o
                0x00000000008001d7                debug_config
 .bss.wdt_timeout
                0x00000000008001d8        0x1 .build/obj_minim_default/common/avr/suspend.o
 .bss.last_timer
                0x00000000008001d9        0x2 .build/obj_minim_default/common/mousekey.o
 .bss.mousekey_repeat
                0x00000000008001db        0x1 .build/obj_minim_default/common/mousekey.o
 .bss.mousekey_accel
                0x00000000008001dc        0x1 .build/obj_minim_default/common/mousekey.o
 .bss.mouse_report
                0x00000000008001dd        0x6 .build/obj_minim_default/common/mousekey.o
 .bss.mousekey_param
                0x00000000008001e3        0x1 .build/obj_minim_default/common/command.o
 .bss.command_state
                0x00000000008001e4        0x1 .build/obj_minim_default/common/command.o
                0x00000000008001e4                command_state
 .bss.timeouted.6028
                0x00000000008001e5        0x1 .build/obj_minim_default/lufa.o
 .bss.count.5955
                0x00000000008001e6        0x1 .build/obj_minim_default/lufa.o
 .bss.console_flush
                0x00000000008001e7        0x1 .build/obj_minim_default/lufa.o
 .bss.keyboard_report_sent
                0x00000000008001e8        0x8 .build/obj_minim_default/lufa.o
 .bss.keyboard_led_stats
                0x00000000008001f0        0x1 .build/obj_minim_default/lufa.o
 .bss.keyboard_idle
                0x00000000008001f1        0x1 .build/obj_minim_default/lufa.o
                0x00000000008001f1                keyboard_idle
 .bss.desired_output
                0x00000000008001f2        0x1 .build/obj_minim_default/outputselect.o
                0x00000000008001f2                desired_output
 *(COMMON)
 COMMON         0x00000000008001f3        0x2 .build/obj_minim_default/common/action.o
                0x00000000008001f3                tp_buttons
 COMMON         0x00000000008001f5        0x4 .build/obj_minim_default/common/avr/timer.o
                0x00000000008001f5                timer_count
 COMMON         0x00000000008001f9        0x2 .build/obj_minim_default/common/magic.o
                0x00000000008001f9                keymap_config
 COMMON         0x00000000008001fb        0x3 .build/obj_minim_default/lib/lufa/LUFA/Drivers/USB/Core/DeviceStandardReq.o
                0x00000000008001fb                USB_Device_ConfigurationNumber
                0x00000000008001fc                USB_Device_CurrentlySelfPowered
                0x00000000008001fd                USB_Device_RemoteWakeupEnabled
 COMMON         0x00000000008001fe        0xa .build/obj_minim_default/lib/lufa/LUFA/Drivers/USB/Core/USBTask.o
                0x00000000008001fe                USB_IsInitialized
                0x00000000008001ff                USB_DeviceState
                0x0000000000800200                USB_ControlRequest
                0x0000000000800208                PROVIDE (__bss_end = .)
                0x0000000000005e82                __data_load_start = LOADADDR (.data)
                0x0000000000005ec0                __data_load_end = (__data_load_start + SIZEOF (.data))

.noinit         0x0000000000800208        0x4
                [!provide]                        PROVIDE (__noinit_start = .)
 *(.noinit*)
 .noinit        0x0000000000800208        0x4 .build/obj_minim_default/common/avr/bootloader.o
                0x0000000000800208                reset_key
                [!provide]                        PROVIDE (__noinit_end = .)
                0x000000000080020c                _end = .
                [!provide]                        PROVIDE (__heap_start = .)

.eeprom         0x0000000000810000        0x0
 *(.eeprom*)
                0x0000000000810000                __eeprom_end = .

.fuse
 *(.fuse)
 *(.lfuse)
 *(.hfuse)
 *(.efuse)

.lock
 *(.lock*)

.signature
 *(.signature*)

.stab           0x0000000000000000      0x8b8
 *(.stab)
 .stab          0x0000000000000000      0x8b8 .build/obj_minim_default/common/avr/xprintf.o

.stabstr        0x0000000000000000       0x9a
 *(.stabstr)
 .stabstr       0x0000000000000000       0x9a .build/obj_minim_default/common/avr/xprintf.o

.stab.excl
 *(.stab.excl)

.stab.exclstr
 *(.stab.exclstr)

.stab.index
 *(.stab.index)

.stab.indexstr
 *(.stab.indexstr)

.comment        0x0000000000000000       0x24
 *(.comment)
 .comment       0x0000000000000000       0x24 .build/obj_minim_default/keyboards/minim/keymaps/default/keymap.o
                                         0x25 (size before relaxing)
 .comment       0x0000000000000024       0x25 .build/obj_minim_default/quantum/quantum.o
 .comment       0x0000000000000024       0x25 .build/obj_minim_default/quantum/keymap_common.o
 .comment       0x0000000000000024       0x25 .build/obj_minim_default/quantum/keycode_config.o
 .comment       0x0000000000000024       0x25 .build/obj_minim_default/quantum/matrix.o
 .comment       0x0000000000000024       0x25 .build/obj_minim_default/quantum/debounce/sym_g.o
 .comment       0x0000000000000024       0x25 .build/obj_minim_default/quantum/process_keycode/process_space_cadet.o
 .comment       0x0000000000000024       0x25 .build/obj_minim_default/common/host.o
 .comment       0x0000000000000024       0x25 .build/obj_minim_default/common/keyboard.o
 .comment       0x0000000000000024       0x25 .build/obj_minim_default/common/action.o
 .comment       0x0000000000000024       0x25 .build/obj_minim_default/common/action_tapping.o
 .comment       0x0000000000000024       0x25 .build/obj_minim_default/common/action_macro.o
 .comment       0x0000000000000024       0x25 .build/obj_minim_default/common/action_layer.o
 .comment       0x0000000000000024       0x25 .build/obj_minim_default/common/action_util.o
 .comment       0x0000000000000024       0x25 .build/obj_minim_default/common/print.o
 .comment       0x0000000000000024       0x25 .build/obj_minim_default/common/debug.o
 .comment       0x0000000000000024       0x25 .build/obj_minim_default/common/util.o
 .comment       0x0000000000000024       0x25 .build/obj_minim_default/common/eeconfig.o
 .comment       0x0000000000000024       0x25 .build/obj_minim_default/common/report.o
 .comment       0x0000000000000024       0x25 .build/obj_minim_default/common/avr/suspend.o
 .comment       0x0000000000000024       0x25 .build/obj_minim_default/common/avr/timer.o
 .comment       0x0000000000000024       0x25 .build/obj_minim_default/common/avr/bootloader.o
 .comment       0x0000000000000024       0x25 .build/obj_minim_default/common/magic.o
 .comment       0x0000000000000024       0x25 .build/obj_minim_default/common/mousekey.o
 .comment       0x0000000000000024       0x25 .build/obj_minim_default/common/command.o
 .comment       0x0000000000000024       0x25 .build/obj_minim_default/lufa.o
 .comment       0x0000000000000024       0x25 .build/obj_minim_default/usb_descriptor.o
 .comment       0x0000000000000024       0x25 .build/obj_minim_default/outputselect.o
 .comment       0x0000000000000024       0x25 .build/obj_minim_default/lib/lufa/LUFA/Drivers/USB/Core/AVR8/Device_AVR8.o
 .comment       0x0000000000000024       0x25 .build/obj_minim_default/lib/lufa/LUFA/Drivers/USB/Core/AVR8/EndpointStream_AVR8.o
 .comment       0x0000000000000024       0x25 .build/obj_minim_default/lib/lufa/LUFA/Drivers/USB/Core/AVR8/Endpoint_AVR8.o
 .comment       0x0000000000000024       0x25 .build/obj_minim_default/lib/lufa/LUFA/Drivers/USB/Core/AVR8/USBController_AVR8.o
 .comment       0x0000000000000024       0x25 .build/obj_minim_default/lib/lufa/LUFA/Drivers/USB/Core/AVR8/USBInterrupt_AVR8.o
 .comment       0x0000000000000024       0x25 .build/obj_minim_default/lib/lufa/LUFA/Drivers/USB/Core/DeviceStandardReq.o
 .comment       0x0000000000000024       0x25 .build/obj_minim_default/lib/lufa/LUFA/Drivers/USB/Core/USBTask.o

.note.gnu.avr.deviceinfo
                0x0000000000000000       0x40
 .note.gnu.avr.deviceinfo
                0x0000000000000000       0x40 /usr/local/Cellar/avr-gcc@8/8.4.0/lib/avr-gcc/8/gcc/avr/8.4.0/../../../../../../avr/lib/avr35/crtatmega32u2.o

.note.gnu.build-id
 *(.note.gnu.build-id)

.debug
 *(.debug)

.line
 *(.line)

.debug_srcinfo
 *(.debug_srcinfo)

.debug_sfnames
 *(.debug_sfnames)

.debug_aranges  0x0000000000000000      0xdf8
 *(.debug_aranges)
 .debug_aranges
                0x0000000000000000       0x28 .build/obj_minim_default/keyboards/minim/keymaps/default/keymap.o
 .debug_aranges
                0x0000000000000028      0x130 .build/obj_minim_default/quantum/quantum.o
 .debug_aranges
                0x0000000000000158       0x40 .build/obj_minim_default/quantum/keymap_common.o
 .debug_aranges
                0x0000000000000198       0x28 .build/obj_minim_default/quantum/keycode_config.o
 .debug_aranges
                0x00000000000001c0       0x88 .build/obj_minim_default/quantum/matrix.o
 .debug_aranges
                0x0000000000000248       0x30 .build/obj_minim_default/quantum/debounce/sym_g.o
 .debug_aranges
                0x0000000000000278       0x28 .build/obj_minim_default/quantum/process_keycode/process_space_cadet.o
 .debug_aranges
                0x00000000000002a0       0x68 .build/obj_minim_default/common/host.o
 .debug_aranges
                0x0000000000000308       0x60 .build/obj_minim_default/common/keyboard.o
 .debug_aranges
                0x0000000000000368       0xc0 .build/obj_minim_default/common/action.o
 .debug_aranges
                0x0000000000000428       0x48 .build/obj_minim_default/common/action_tapping.o
 .debug_aranges
                0x0000000000000470       0x20 .build/obj_minim_default/common/action_macro.o
 .debug_aranges
                0x0000000000000490       0xe0 .build/obj_minim_default/common/action_layer.o
 .debug_aranges
                0x0000000000000570      0x140 .build/obj_minim_default/common/action_util.o
 .debug_aranges
                0x00000000000006b0       0x20 .build/obj_minim_default/common/print.o
 .debug_aranges
                0x00000000000006d0       0x18 .build/obj_minim_default/common/debug.o
 .debug_aranges
                0x00000000000006e8       0x60 .build/obj_minim_default/common/util.o
 .debug_aranges
                0x0000000000000748       0xe8 .build/obj_minim_default/common/eeconfig.o
 .debug_aranges
                0x0000000000000830       0x50 .build/obj_minim_default/common/report.o
 .debug_aranges
                0x0000000000000880       0x58 .build/obj_minim_default/common/avr/suspend.o
 .debug_aranges
                0x00000000000008d8       0x50 .build/obj_minim_default/common/avr/timer.o
 .debug_aranges
                0x0000000000000928       0x28 .build/obj_minim_default/common/avr/bootloader.o
 .debug_aranges
                0x0000000000000950       0x20 .build/obj_minim_default/common/magic.o
 .debug_aranges
                0x0000000000000970       0x50 .build/obj_minim_default/common/mousekey.o
 .debug_aranges
                0x00000000000009c0       0x58 .build/obj_minim_default/common/command.o
 .debug_aranges
                0x0000000000000a18       0x98 .build/obj_minim_default/lufa.o
 .debug_aranges
                0x0000000000000ab0       0x20 .build/obj_minim_default/usb_descriptor.o
 .debug_aranges
                0x0000000000000ad0       0x38 .build/obj_minim_default/outputselect.o
 .debug_aranges
                0x0000000000000b08       0x20 .build/obj_minim_default/lib/lufa/LUFA/Drivers/USB/Core/AVR8/Device_AVR8.o
 .debug_aranges
                0x0000000000000b28       0xc8 .build/obj_minim_default/lib/lufa/LUFA/Drivers/USB/Core/AVR8/EndpointStream_AVR8.o
 .debug_aranges
                0x0000000000000bf0       0x40 .build/obj_minim_default/lib/lufa/LUFA/Drivers/USB/Core/AVR8/Endpoint_AVR8.o
 .debug_aranges
                0x0000000000000c30       0x30 .build/obj_minim_default/lib/lufa/LUFA/Drivers/USB/Core/AVR8/USBController_AVR8.o
 .debug_aranges
                0x0000000000000c60       0x38 .build/obj_minim_default/lib/lufa/LUFA/Drivers/USB/Core/AVR8/USBInterrupt_AVR8.o
 .debug_aranges
                0x0000000000000c98       0x20 .build/obj_minim_default/lib/lufa/LUFA/Drivers/USB/Core/DeviceStandardReq.o
 .debug_aranges
                0x0000000000000cb8       0x20 .build/obj_minim_default/lib/lufa/LUFA/Drivers/USB/Core/USBTask.o
 .debug_aranges
                0x0000000000000cd8       0x20 /usr/local/Cellar/avr-gcc@8/8.4.0/lib/avr-gcc/8/gcc/avr/8.4.0/avr35/libgcc.a(_mulqi3.o)
 .debug_aranges
                0x0000000000000cf8       0x20 /usr/local/Cellar/avr-gcc@8/8.4.0/lib/avr-gcc/8/gcc/avr/8.4.0/avr35/libgcc.a(_mulhi3.o)
 .debug_aranges
                0x0000000000000d18       0x20 /usr/local/Cellar/avr-gcc@8/8.4.0/lib/avr-gcc/8/gcc/avr/8.4.0/avr35/libgcc.a(_udivmodqi4.o)
 .debug_aranges
                0x0000000000000d38       0x20 /usr/local/Cellar/avr-gcc@8/8.4.0/lib/avr-gcc/8/gcc/avr/8.4.0/avr35/libgcc.a(_divmodhi4.o)
 .debug_aranges
                0x0000000000000d58       0x20 /usr/local/Cellar/avr-gcc@8/8.4.0/lib/avr-gcc/8/gcc/avr/8.4.0/avr35/libgcc.a(_exit.o)
 .debug_aranges
                0x0000000000000d78       0x20 /usr/local/Cellar/avr-gcc@8/8.4.0/lib/avr-gcc/8/gcc/avr/8.4.0/avr35/libgcc.a(_tablejump2.o)
 .debug_aranges
                0x0000000000000d98       0x20 /usr/local/Cellar/avr-gcc@8/8.4.0/lib/avr-gcc/8/gcc/avr/8.4.0/avr35/libgcc.a(_copy_data.o)
 .debug_aranges
                0x0000000000000db8       0x20 /usr/local/Cellar/avr-gcc@8/8.4.0/lib/avr-gcc/8/gcc/avr/8.4.0/avr35/libgcc.a(_clear_bss.o)
 .debug_aranges
                0x0000000000000dd8       0x20 /usr/local/Cellar/avr-gcc@8/8.4.0/lib/avr-gcc/8/gcc/avr/8.4.0/avr35/libgcc.a(_udivmodhi4.o)

.debug_pubnames
 *(.debug_pubnames)

.debug_info     0x0000000000000000    0x1aa64
 *(.debug_info .gnu.linkonce.wi.*)
 .debug_info    0x0000000000000000      0x6ba /usr/local/Cellar/avr-gcc@8/8.4.0/lib/avr-gcc/8/gcc/avr/8.4.0/../../../../../../avr/lib/avr35/crtatmega32u2.o
 .debug_info    0x00000000000006ba     0x13e4 .build/obj_minim_default/keyboards/minim/keymaps/default/keymap.o
 .debug_info    0x0000000000001a9e     0x2878 .build/obj_minim_default/quantum/quantum.o
 .debug_info    0x0000000000004316     0x1d21 .build/obj_minim_default/quantum/keymap_common.o
 .debug_info    0x0000000000006037      0x63c .build/obj_minim_default/quantum/keycode_config.o
 .debug_info    0x0000000000006673      0xb9a .build/obj_minim_default/quantum/matrix.o
 .debug_info    0x000000000000720d      0x552 .build/obj_minim_default/quantum/debounce/sym_g.o
 .debug_info    0x000000000000775f     0x147b .build/obj_minim_default/quantum/process_keycode/process_space_cadet.o
 .debug_info    0x0000000000008bda      0x6b6 .build/obj_minim_default/common/host.o
 .debug_info    0x0000000000009290      0x83b .build/obj_minim_default/common/keyboard.o
 .debug_info    0x0000000000009acb     0x1f86 .build/obj_minim_default/common/action.o
 .debug_info    0x000000000000ba51     0x1050 .build/obj_minim_default/common/action_tapping.o
 .debug_info    0x000000000000caa1      0x951 .build/obj_minim_default/common/action_macro.o
 .debug_info    0x000000000000d3f2      0xd5f .build/obj_minim_default/common/action_layer.o
 .debug_info    0x000000000000e151      0xb97 .build/obj_minim_default/common/action_util.o
 .debug_info    0x000000000000ece8       0xdf .build/obj_minim_default/common/print.o
 .debug_info    0x000000000000edc7      0x130 .build/obj_minim_default/common/debug.o
 .debug_info    0x000000000000eef7      0x2f9 .build/obj_minim_default/common/util.o
 .debug_info    0x000000000000f1f0      0x8c1 .build/obj_minim_default/common/eeconfig.o
 .debug_info    0x000000000000fab1      0x532 .build/obj_minim_default/common/report.o
 .debug_info    0x000000000000ffe3      0x729 .build/obj_minim_default/common/avr/suspend.o
 .debug_info    0x000000000001070c      0x43e .build/obj_minim_default/common/avr/timer.o
 .debug_info    0x0000000000010b4a      0x3c7 .build/obj_minim_default/common/avr/bootloader.o
 .debug_info    0x0000000000010f11      0x3a1 .build/obj_minim_default/common/magic.o
 .debug_info    0x00000000000112b2      0x776 .build/obj_minim_default/common/mousekey.o
 .debug_info    0x0000000000011a28     0x1c4a .build/obj_minim_default/common/command.o
 .debug_info    0x0000000000013672     0x1e68 .build/obj_minim_default/lufa.o
 .debug_info    0x00000000000154da      0xa29 .build/obj_minim_default/usb_descriptor.o
 .debug_info    0x0000000000015f03      0x52a .build/obj_minim_default/outputselect.o
 .debug_info    0x000000000001642d      0x1c0 .build/obj_minim_default/lib/lufa/LUFA/Drivers/USB/Core/AVR8/Device_AVR8.o