Archive member included to satisfy reference by file (symbol)

/usr/local/Cellar/avr-gcc@8/8.4.0/lib/avr-gcc/8/gcc/avr/8.4.0/avr35/libgcc.a(_mulqi3.o)
                              .build/obj_minim_default/common/action_layer.o (__mulqi3)
/usr/local/Cellar/avr-gcc@8/8.4.0/lib/avr-gcc/8/gcc/avr/8.4.0/avr35/libgcc.a(_mulhi3.o)
                              .build/obj_minim_default/quantum/keymap_common.o (__mulhi3)
/usr/local/Cellar/avr-gcc@8/8.4.0/lib/avr-gcc/8/gcc/avr/8.4.0/avr35/libgcc.a(_udivmodqi4.o)
                              .build/obj_minim_default/lufa.o (__udivmodqi4)
/usr/local/Cellar/avr-gcc@8/8.4.0/lib/avr-gcc/8/gcc/avr/8.4.0/avr35/libgcc.a(_divmodhi4.o)
                              .build/obj_minim_default/quantum/quantum.o (__divmodhi4)
/usr/local/Cellar/avr-gcc@8/8.4.0/lib/avr-gcc/8/gcc/avr/8.4.0/avr35/libgcc.a(_exit.o)
                              /usr/local/Cellar/avr-gcc@8/8.4.0/lib/avr-gcc/8/gcc/avr/8.4.0/../../../../../../avr/lib/avr35/crtatmega32u2.o (exit)
/usr/local/Cellar/avr-gcc@8/8.4.0/lib/avr-gcc/8/gcc/avr/8.4.0/avr35/libgcc.a(_tablejump2.o)
                              .build/obj_minim_default/common/action.o (__tablejump2__)
/usr/local/Cellar/avr-gcc@8/8.4.0/lib/avr-gcc/8/gcc/avr/8.4.0/avr35/libgcc.a(_copy_data.o)
                              .build/obj_minim_default/quantum/matrix.o (__do_copy_data)
/usr/local/Cellar/avr-gcc@8/8.4.0/lib/avr-gcc/8/gcc/avr/8.4.0/avr35/libgcc.a(_clear_bss.o)
                              .build/obj_minim_default/quantum/quantum.o (__do_clear_bss)
/usr/local/Cellar/avr-gcc@8/8.4.0/lib/avr-gcc/8/gcc/avr/8.4.0/avr35/libgcc.a(_udivmodhi4.o)
                              /usr/local/Cellar/avr-gcc@8/8.4.0/lib/avr-gcc/8/gcc/avr/8.4.0/avr35/libgcc.a(_divmodhi4.o) (__udivmodhi4)
/usr/local/Cellar/avr-gcc@8/8.4.0/lib/avr-gcc/8/gcc/avr/8.4.0/../../../../../../avr/lib/avr35/libc.a(rand.o)
                              .build/obj_minim_default/quantum/quantum.o (rand)
/usr/local/Cellar/avr-gcc@8/8.4.0/lib/avr-gcc/8/gcc/avr/8.4.0/../../../../../../avr/lib/avr35/libatmega32u2.a(eerd_byte.o)
                              .build/obj_minim_default/common/eeconfig.o (eeprom_read_byte)
/usr/local/Cellar/avr-gcc@8/8.4.0/lib/avr-gcc/8/gcc/avr/8.4.0/../../../../../../avr/lib/avr35/libatmega32u2.a(eerd_dword.o)
                              .build/obj_minim_default/common/eeconfig.o (eeprom_read_dword)
/usr/local/Cellar/avr-gcc@8/8.4.0/lib/avr-gcc/8/gcc/avr/8.4.0/../../../../../../avr/lib/avr35/libatmega32u2.a(eerd_word.o)
                              .build/obj_minim_default/common/eeconfig.o (eeprom_read_word)
/usr/local/Cellar/avr-gcc@8/8.4.0/lib/avr-gcc/8/gcc/avr/8.4.0/../../../../../../avr/lib/avr35/libatmega32u2.a(eeupd_byte.o)
                              .build/obj_minim_default/common/eeconfig.o (eeprom_update_byte)
/usr/local/Cellar/avr-gcc@8/8.4.0/lib/avr-gcc/8/gcc/avr/8.4.0/../../../../../../avr/lib/avr35/libatmega32u2.a(eeupd_dword.o)
                              .build/obj_minim_default/common/eeconfig.o (eeprom_update_dword)
/usr/local/Cellar/avr-gcc@8/8.4.0/lib/avr-gcc/8/gcc/avr/8.4.0/../../../../../../avr/lib/avr35/libatmega32u2.a(eeupd_word.o)
                              .build/obj_minim_default/common/eeconfig.o (eeprom_update_word)
/usr/local/Cellar/avr-gcc@8/8.4.0/lib/avr-gcc/8/gcc/avr/8.4.0/../../../../../../avr/lib/avr35/libatmega32u2.a(eerd_block.o)
                              /usr/local/Cellar/avr-gcc@8/8.4.0/lib/avr-gcc/8/gcc/avr/8.4.0/../../../../../../avr/lib/avr35/libatmega32u2.a(eerd_dword.o) (eeprom_read_blraw)
/usr/local/Cellar/avr-gcc@8/8.4.0/lib/avr-gcc/8/gcc/avr/8.4.0/avr35/libgcc.a(_mulsi3.o)
                              /usr/local/Cellar/avr-gcc@8/8.4.0/lib/avr-gcc/8/gcc/avr/8.4.0/../../../../../../avr/lib/avr35/libc.a(rand.o) (__mulsi3)
/usr/local/Cellar/avr-gcc@8/8.4.0/lib/avr-gcc/8/gcc/avr/8.4.0/avr35/libgcc.a(_divmodsi4.o)
                              /usr/local/Cellar/avr-gcc@8/8.4.0/lib/avr-gcc/8/gcc/avr/8.4.0/../../../../../../avr/lib/avr35/libc.a(rand.o) (__divmodsi4)
/usr/local/Cellar/avr-gcc@8/8.4.0/lib/avr-gcc/8/gcc/avr/8.4.0/avr35/libgcc.a(_negsi2.o)
                              /usr/local/Cellar/avr-gcc@8/8.4.0/lib/avr-gcc/8/gcc/avr/8.4.0/avr35/libgcc.a(_divmodsi4.o) (__negsi2)
/usr/local/Cellar/avr-gcc@8/8.4.0/lib/avr-gcc/8/gcc/avr/8.4.0/avr35/libgcc.a(_udivmodsi4.o)
                              /usr/local/Cellar/avr-gcc@8/8.4.0/lib/avr-gcc/8/gcc/avr/8.4.0/avr35/libgcc.a(_divmodsi4.o) (__udivmodsi4)

Allocating common symbols
Common symbol       size              file

USB_IsInitialized   0x1               .build/obj_minim_default/lib/lufa/LUFA/Drivers/USB/Core/USBTask.o
keymap_config       0x2               .build/obj_minim_default/common/magic.o
USB_DeviceState     0x1               .build/obj_minim_default/lib/lufa/LUFA/Drivers/USB/Core/USBTask.o
USB_Device_ConfigurationNumber
                    0x1               .build/obj_minim_default/lib/lufa/LUFA/Drivers/USB/Core/DeviceStandardReq.o
[...]
Memory Configuration

Name             Origin             Length             Attributes
text             0x0000000000000000 0x0000000000010000 xr
data             0x0000000000800060 0x000000000000ffa0 rw !x
eeprom           0x0000000000810000 0x0000000000010000 rw !x
fuse             0x0000000000820000 0x0000000000000400 rw !x
lock             0x0000000000830000 0x0000000000000400 rw !x
signature        0x0000000000840000 0x0000000000000400 rw !x
user_signatures  0x0000000000850000 0x0000000000000400 rw !x
*default*        0x0000000000000000 0xffffffffffffffff

Linker script and memory map

Address of section .data set to 0x800100
LOAD /usr/local/Cellar/avr-gcc@8/8.4.0/lib/avr-gcc/8/gcc/avr/8.4.0/../../../../../../avr/lib/avr35/crtatmega32u2.o
LOAD .build/obj_minim_default/keyboards/minim/minim.o
LOAD .build/obj_minim_default/keyboards/minim/keymaps/default/keymap.o
LOAD .build/obj_minim_default/quantum/quantum.o
LOAD .build/obj_minim_default/quantum/keymap_common.o
LOAD .build/obj_minim_default/quantum/keycode_config.o
LOAD .build/obj_minim_default/quantum/matrix.o
LOAD .build/obj_minim_default/quantum/debounce/sym_g.o
LOAD .build/obj_minim_default/quantum/process_keycode/process_space_cadet.o
LOAD .build/obj_minim_default/common/host.o
LOAD .build/obj_minim_default/common/keyboard.o
LOAD .build/obj_minim_default/common/action.o
LOAD .build/obj_minim_default/common/action_tapping.o
LOAD .build/obj_minim_default/common/action_macro.o
LOAD .build/obj_minim_default/common/action_layer.o
LOAD .build/obj_minim_default/common/action_util.o
LOAD .build/obj_minim_default/common/print.o
LOAD .build/obj_minim_default/common/debug.o
LOAD .build/obj_minim_default/common/util.o
LOAD .build/obj_minim_default/common/eeconfig.o
LOAD .build/obj_minim_default/common/report.o
LOAD .build/obj_minim_default/common/avr/suspend.o
LOAD .build/obj_minim_default/common/avr/timer.o
LOAD .build/obj_minim_default/common/avr/bootloader.o
LOAD .build/obj_minim_default/common/avr/xprintf.o
LOAD .build/obj_minim_default/common/magic.o
LOAD .build/obj_minim_default/common/mousekey.o
LOAD .build/obj_minim_default/common/command.o
LOAD .build/obj_minim_default/lufa.o
LOAD .build/obj_minim_default/usb_descriptor.o
LOAD .build/obj_minim_default/outputselect.o
LOAD .build/obj_minim_default/lib/lufa/LUFA/Drivers/USB/Class/Common/HIDParser.o
LOAD .build/obj_minim_default/lib/lufa/LUFA/Drivers/USB/Core/AVR8/Device_AVR8.o
LOAD .build/obj_minim_default/lib/lufa/LUFA/Drivers/USB/Core/AVR8/EndpointStream_AVR8.o
LOAD .build/obj_minim_default/lib/lufa/LUFA/Drivers/USB/Core/AVR8/Endpoint_AVR8.o
LOAD .build/obj_minim_default/lib/lufa/LUFA/Drivers/USB/Core/AVR8/Host_AVR8.o
LOAD .build/obj_minim_default/lib/lufa/LUFA/Drivers/USB/Core/AVR8/PipeStream_AVR8.o
LOAD .build/obj_minim_default/lib/lufa/LUFA/Drivers/USB/Core/AVR8/Pipe_AVR8.o
LOAD .build/obj_minim_default/lib/lufa/LUFA/Drivers/USB/Core/AVR8/USBController_AVR8.o
LOAD .build/obj_minim_default/lib/lufa/LUFA/Drivers/USB/Core/AVR8/USBInterrupt_AVR8.o
LOAD .build/obj_minim_default/lib/lufa/LUFA/Drivers/USB/Core/ConfigDescriptors.o
LOAD .build/obj_minim_default/lib/lufa/LUFA/Drivers/USB/Core/DeviceStandardReq.o
LOAD .build/obj_minim_default/lib/lufa/LUFA/Drivers/USB/Core/Events.o
LOAD .build/obj_minim_default/lib/lufa/LUFA/Drivers/USB/Core/HostStandardReq.o
LOAD .build/obj_minim_default/lib/lufa/LUFA/Drivers/USB/Core/USBTask.o
LOAD /usr/local/Cellar/avr-gcc@8/8.4.0/lib/avr-gcc/8/gcc/avr/8.4.0/../../../../../../avr/lib/avr35/libm.a
START GROUP
LOAD /usr/local/Cellar/avr-gcc@8/8.4.0/lib/avr-gcc/8/gcc/avr/8.4.0/avr35/libgcc.a
LOAD /usr/local/Cellar/avr-gcc@8/8.4.0/lib/avr-gcc/8/gcc/avr/8.4.0/../../../../../../avr/lib/avr35/libm.a
LOAD /usr/local/Cellar/avr-gcc@8/8.4.0/lib/avr-gcc/8/gcc/avr/8.4.0/../../../../../../avr/lib/avr35/libc.a
LOAD /usr/local/Cellar/avr-gcc@8/8.4.0/lib/avr-gcc/8/gcc/avr/8.4.0/../../../../../../avr/lib/avr35/libatmega32u2.a
END GROUP
                0x0000000000010000                __TEXT_REGION_LENGTH__ = DEFINED (__TEXT_REGION_LENGTH__)?__TEXT_REGION_LENGTH__:0x10000
                0x000000000000ffa0                __DATA_REGION_LENGTH__ = DEFINED (__DATA_REGION_LENGTH__)?__DATA_REGION_LENGTH__:0xffa0
                0x0000000000010000                __EEPROM_REGION_LENGTH__ = DEFINED (__EEPROM_REGION_LENGTH__)?__EEPROM_REGION_LENGTH__:0x10000
                0x0000000000000400                __FUSE_REGION_LENGTH__ = DEFINED (__FUSE_REGION_LENGTH__)?__FUSE_REGION_LENGTH__:0x400
                0x0000000000000400                __LOCK_REGION_LENGTH__ = DEFINED (__LOCK_REGION_LENGTH__)?__LOCK_REGION_LENGTH__:0x400
                0x0000000000000400                __SIGNATURE_REGION_LENGTH__ = DEFINED (__SIGNATURE_REGION_LENGTH__)?__SIGNATURE_REGION_LENGTH__:0x400
                0x0000000000000400                __USER_SIGNATURE_REGION_LENGTH__ = DEFINED (__USER_SIGNATURE_REGION_LENGTH__)?__USER_SIGNATURE_REGION_LENGTH__:0x400

.hash
 *(.hash)

.dynsym
 *(.dynsym)

.dynstr
 *(.dynstr)

.gnu.version
 *(.gnu.version)

.gnu.version_d
 *(.gnu.version_d)

.gnu.version_r
 *(.gnu.version_r)

.rel.init
 *(.rel.init)

.rela.init
 *(.rela.init)

.rel.text
 *(.rel.text)
 *(.rel.text.*)
 *(.rel.gnu.linkonce.t*)

.rela.text
 *(.rela.text)
 *(.rela.text.*)
 *(.rela.gnu.linkonce.t*)

.rel.fini
 *(.rel.fini)

.rela.fini
 *(.rela.fini)

.rel.rodata
 *(.rel.rodata)
 *(.rel.rodata.*)
 *(.rel.gnu.linkonce.r*)

.rela.rodata
 *(.rela.rodata)
 *(.rela.rodata.*)
 *(.rela.gnu.linkonce.r*)

.rel.data
 *(.rel.data)
 *(.rel.data.*)
 *(.rel.gnu.linkonce.d*)

.rela.data
 *(.rela.data)
 *(.rela.data.*)
 *(.rela.gnu.linkonce.d*)

.rel.ctors
 *(.rel.ctors)

.rela.ctors
 *(.rela.ctors)

.rel.dtors
 *(.rel.dtors)

.rela.dtors
 *(.rela.dtors)

.rel.got
 *(.rel.got)

.rela.got
 *(.rela.got)

.rel.bss
 *(.rel.bss)

.rela.bss
 *(.rela.bss)

.rel.plt
 *(.rel.plt)

.rela.plt
 *(.rela.plt)

.text           0x0000000000000000     0x5a10
 *(.vectors)
 .vectors       0x0000000000000000       0x74 /usr/local/Cellar/avr-gcc@8/8.4.0/lib/avr-gcc/8/gcc/avr/8.4.0/../../../../../../avr/lib/avr35/crtatmega32u2.o
                0x0000000000000000                __vectors
                0x0000000000000000                __vector_default
 *(.vectors)
 *(.progmem.gcc*)
                0x0000000000000074                . = ALIGN (0x2)
                0x0000000000000074                __trampolines_start = .
 *(.trampolines)
 .trampolines   0x0000000000000074        0x0 linker stubs
 *(.trampolines*)
                0x0000000000000074                __trampolines_end = .
 *libprintf_flt.a:*(.progmem.data)
 *libc.a:*(.progmem.data)
 *(.progmem.*)
 .progmem.data.keymaps
                0x0000000000000074      0x270 .build/obj_minim_default/keyboards/minim/keymaps/default/keymap.o
                0x0000000000000074                keymaps
 .progmem.data.__c.3446
                0x00000000000002e4       0x12 .build/obj_minim_default/quantum/quantum.o
 .progmem.data.__c.3444
                0x00000000000002f6       0x11 .build/obj_minim_default/quantum/quantum.o
 .progmem.data.fn_actions
                0x0000000000000307        0x0 .build/obj_minim_default/quantum/keymap_common.o
                0x0000000000000307                fn_actions
 .progmem.data.__c.3410
                0x0000000000000307        0x2 .build/obj_minim_default/quantum/matrix.o
 .progmem.data.__c.3408
                0x0000000000000309        0x6 .build/obj_minim_default/quantum/matrix.o
 .progmem.data.__c.3406
                0x000000000000030f        0x3 .build/obj_minim_default/quantum/matrix.o
 .progmem.data.__c.3404
                0x0000000000000312        0x5 .build/obj_minim_default/quantum/matrix.o
 .progmem.data.__c.3401
                0x0000000000000317       0x17 .build/obj_minim_default/quantum/matrix.o
 .progmem.data.__c.2111
                0x000000000000032e        0x2 .build/obj_minim_default/common/host.o
 .progmem.data.__c.2106
                0x0000000000000330        0x6 .build/obj_minim_default/common/host.o
 .progmem.data.__c.2103
                0x0000000000000336       0x12 .build/obj_minim_default/common/host.o
 .progmem.data.__c.2943
                0x0000000000000348        0x2 .build/obj_minim_default/common/keyboard.o
 .progmem.data.__c.2941
                0x000000000000034a        0x5 .build/obj_minim_default/common/keyboard.o
 .progmem.data.__c.2939
                0x000000000000034f       0x13 .build/obj_minim_default/common/keyboard.o
 .progmem.data.__c.2191
                0x0000000000000362        0x3 .build/obj_minim_default/common/mousekey.o
 .progmem.data.__c.2189
                0x0000000000000365        0x3 .build/obj_minim_default/common/mousekey.o
 .progmem.data.__c.2187
                0x0000000000000368        0x2 .build/obj_minim_default/common/mousekey.o
 .progmem.data.__c.2185
                0x000000000000036a        0x3 .build/obj_minim_default/common/mousekey.o
 .progmem.data.__c.2183
                0x000000000000036d        0x3 .build/obj_minim_default/common/mousekey.o
 .progmem.data.__c.2181
                0x0000000000000370        0x3 .build/obj_minim_default/common/mousekey.o
 .progmem.data.__c.2179
                0x0000000000000373        0x2 .build/obj_minim_default/common/mousekey.o
 .progmem.data.__c.2177
                0x0000000000000375        0x3 .build/obj_minim_default/common/mousekey.o
 .progmem.data.__c.2175
                0x0000000000000378        0x2 .build/obj_minim_default/common/mousekey.o
 .progmem.data.__c.2173
                0x000000000000037a        0x3 .build/obj_minim_default/common/mousekey.o
 .progmem.data.__c.2171
                0x000000000000037d        0x2 .build/obj_minim_default/common/mousekey.o
 .progmem.data.__c.2169
                0x000000000000037f        0x3 .build/obj_minim_default/common/mousekey.o
 .progmem.data.__c.2167
                0x0000000000000382        0x2 .build/obj_minim_default/common/mousekey.o
 .progmem.data.__c.2165
                0x0000000000000384        0x5 .build/obj_minim_default/common/mousekey.o
 .progmem.data.__c.2163
                0x0000000000000389       0x23 .build/obj_minim_default/common/mousekey.o
 .progmem.data.__c.3716
                0x00000000000003ac       0x1b .build/obj_minim_default/common/command.o
 .progmem.data.__c.3713
                0x00000000000003c7       0x19 .build/obj_minim_default/common/command.o
 .progmem.data.__c.3710
                0x00000000000003e0       0x15 .build/obj_minim_default/common/command.o
 .progmem.data.__c.3707
                0x00000000000003f5       0x13 .build/obj_minim_default/common/command.o
 .progmem.data.__c.3704
                0x0000000000000408       0x12 .build/obj_minim_default/common/command.o
 .progmem.data.__c.3700
                0x000000000000041a        0xf .build/obj_minim_default/common/command.o
 .progmem.data.__c.3693
                0x0000000000000429       0x1b .build/obj_minim_default/common/command.o
 .progmem.data.__c.3690
                0x0000000000000444       0x19 .build/obj_minim_default/common/command.o
 .progmem.data.__c.3687
                0x000000000000045d       0x15 .build/obj_minim_default/common/command.o
 .progmem.data.__c.3684
                0x0000000000000472       0x13 .build/obj_minim_default/common/command.o
 .progmem.data.__c.3681
                0x0000000000000485       0x12 .build/obj_minim_default/common/command.o
 .progmem.data.__c.3677
                0x0000000000000497        0xf .build/obj_minim_default/common/command.o
 .progmem.data.__c.3670
                0x00000000000004a6        0x2 .build/obj_minim_default/common/command.o
 .progmem.data.__c.3668
                0x00000000000004a8        0x3 .build/obj_minim_default/common/command.o
 .progmem.data.__c.3666
                0x00000000000004ab       0x17 .build/obj_minim_default/common/command.o
 .progmem.data.__c.3664
                0x00000000000004c2        0x2 .build/obj_minim_default/common/command.o
 .progmem.data.__c.3662
                0x00000000000004c4        0x3 .build/obj_minim_default/common/command.o
 .progmem.data.__c.3660
                0x00000000000004c7       0x15 .build/obj_minim_default/common/command.o
 .progmem.data.__c.3658
                0x00000000000004dc        0x2 .build/obj_minim_default/common/command.o
 .progmem.data.__c.3656
                0x00000000000004de        0x3 .build/obj_minim_default/common/command.o
 .progmem.data.__c.3654
                0x00000000000004e1       0x11 .build/obj_minim_default/common/command.o
 .progmem.data.__c.3652
                0x00000000000004f2        0x2 .build/obj_minim_default/common/command.o
 .progmem.data.__c.3650
                0x00000000000004f4        0x3 .build/obj_minim_default/common/command.o
 .progmem.data.__c.3648
                0x00000000000004f7        0xf .build/obj_minim_default/common/command.o
 .progmem.data.__c.3646
                0x0000000000000506        0x2 .build/obj_minim_default/common/command.o
 .progmem.data.__c.3644
                0x0000000000000508        0x3 .build/obj_minim_default/common/command.o
 .progmem.data.__c.3642
                0x000000000000050b       0x12 .build/obj_minim_default/common/command.o
 .progmem.data.__c.3640
                0x000000000000051d        0x2 .build/obj_minim_default/common/command.o
 .progmem.data.__c.3638
                0x000000000000051f        0x3 .build/obj_minim_default/common/command.o
 .progmem.data.__c.3636
                0x0000000000000522       0x12 .build/obj_minim_default/common/command.o
 .progmem.data.__c.3634
                0x0000000000000534        0xe .build/obj_minim_default/common/command.o
 .progmem.data.__c.3754
                0x0000000000000542        0x3 .build/obj_minim_default/common/command.o
 .progmem.data.__c.3752
                0x0000000000000545        0x6 .build/obj_minim_default/common/command.o
 .progmem.data.__c.3750
                0x000000000000054b        0x2 .build/obj_minim_default/common/command.o
 .progmem.data.__c.3747
                0x000000000000054d        0xd .build/obj_minim_default/common/command.o
 .progmem.data.__c.3733
                0x000000000000055a        0x4 .build/obj_minim_default/common/command.o
 .progmem.data.__c.3723
                0x000000000000055e       0x4e .build/obj_minim_default/common/command.o
 .progmem.data.__c.3721
                0x00000000000005ac       0xfb .build/obj_minim_default/common/command.o
 .progmem.data.__c.3626
                0x00000000000006a7        0x2 .build/obj_minim_default/common/command.o
 .progmem.data.__c.3623
                0x00000000000006a9        0x4 .build/obj_minim_default/common/command.o
 .progmem.data.__c.3628
                0x00000000000006ad        0x4 .build/obj_minim_default/common/command.o
 .progmem.data.__c.3772
                0x00000000000006b1        0x5 .build/obj_minim_default/common/command.o
 .progmem.data.__c.3451
                0x00000000000006b6       0x17 .build/obj_minim_default/common/command.o
 .progmem.data.__c.3449
                0x00000000000006cd       0x13 .build/obj_minim_default/common/command.o
 .progmem.data.__c.3447
                0x00000000000006e0       0x17 .build/obj_minim_default/common/command.o
 .progmem.data.__c.3445
                0x00000000000006f7       0x1a .build/obj_minim_default/common/command.o
 .progmem.data.__c.3443
                0x0000000000000711        0xe .build/obj_minim_default/common/command.o
 .progmem.data.__c.3438
                0x000000000000071f       0x2c .build/obj_minim_default/common/command.o
 .progmem.data.__c.3436
                0x000000000000074b       0x36 .build/obj_minim_default/common/command.o
 .progmem.data.__c.3434
                0x0000000000000781       0x2e .build/obj_minim_default/common/command.o
 .progmem.data.__c.3432
                0x00000000000007af       0x33 .build/obj_minim_default/common/command.o
 .progmem.data.__c.3430
                0x00000000000007e2       0x19 .build/obj_minim_default/common/command.o
 .progmem.data.__c.3428
                0x00000000000007fb        0xf .build/obj_minim_default/common/command.o
 .progmem.data.__c.3612
                0x000000000000080a       0x27 .build/obj_minim_default/common/command.o
 .progmem.data.__c.3423
                0x0000000000000831      0x1a3 .build/obj_minim_default/common/command.o
 .progmem.data.__c.3558
                0x00000000000009d4        0x2 .build/obj_minim_default/common/command.o
 .progmem.data.__c.3556
                0x00000000000009d6        0x3 .build/obj_minim_default/common/command.o
 .progmem.data.__c.3554
                0x00000000000009d9        0x8 .build/obj_minim_default/common/command.o
 .progmem.data.__c.3552
                0x00000000000009e1        0x2 .build/obj_minim_default/common/command.o
 .progmem.data.__c.3550
                0x00000000000009e3        0x3 .build/obj_minim_default/common/command.o
 .progmem.data.__c.3548
                0x00000000000009e6       0x1c .build/obj_minim_default/common/command.o
 .progmem.data.__c.3546
                0x0000000000000a02        0x2 .build/obj_minim_default/common/command.o
 .progmem.data.__c.3544
                0x0000000000000a04        0x3 .build/obj_minim_default/common/command.o
 .progmem.data.__c.3542
                0x0000000000000a07       0x12 .build/obj_minim_default/common/command.o
 .progmem.data.__c.3540
                0x0000000000000a19        0x2 .build/obj_minim_default/common/command.o
 .progmem.data.__c.3538
                0x0000000000000a1b        0x3 .build/obj_minim_default/common/command.o
 .progmem.data.__c.3536
                0x0000000000000a1e        0xa .build/obj_minim_default/common/command.o
 .progmem.data.__c.3534
                0x0000000000000a28        0x2 .build/obj_minim_default/common/command.o
 .progmem.data.__c.3532
                0x0000000000000a2a        0x3 .build/obj_minim_default/common/command.o
 .progmem.data.__c.3530
                0x0000000000000a2d       0x12 .build/obj_minim_default/common/command.o
 .progmem.data.__c.3528
                0x0000000000000a3f        0x2 .build/obj_minim_default/common/command.o
 .progmem.data.__c.3526
                0x0000000000000a41        0x3 .build/obj_minim_default/common/command.o
 .progmem.data.__c.3524
                0x0000000000000a44       0x12 .build/obj_minim_default/common/command.o
 .progmem.data.__c.3522
                0x0000000000000a56        0x2 .build/obj_minim_default/common/command.o
 .progmem.data.__c.3520
                0x0000000000000a58        0x3 .build/obj_minim_default/common/command.o
 .progmem.data.__c.3518
                0x0000000000000a5b       0x12 .build/obj_minim_default/common/command.o
 .progmem.data.__c.3516
                0x0000000000000a6d        0x2 .build/obj_minim_default/common/command.o
 .progmem.data.__c.3514
                0x0000000000000a6f        0x3 .build/obj_minim_default/common/command.o
 .progmem.data.__c.3512
                0x0000000000000a72       0x12 .build/obj_minim_default/common/command.o
 .progmem.data.__c.3510
                0x0000000000000a84        0x2 .build/obj_minim_default/common/command.o
 .progmem.data.__c.3508
                0x0000000000000a86        0x3 .build/obj_minim_default/common/command.o
 .progmem.data.__c.3506
                0x0000000000000a89       0x17 .build/obj_minim_default/common/command.o
 .progmem.data.__c.3504
                0x0000000000000aa0        0x2 .build/obj_minim_default/common/command.o
 .progmem.data.__c.3502
                0x0000000000000aa2        0x3 .build/obj_minim_default/common/command.o
 .progmem.data.__c.3500
                0x0000000000000aa5       0x19 .build/obj_minim_default/common/command.o
 .progmem.data.__c.3498
                0x0000000000000abe        0x2 .build/obj_minim_default/common/command.o
 .progmem.data.__c.3496
                0x0000000000000ac0        0x5 .build/obj_minim_default/common/command.o
 .progmem.data.__c.3494
                0x0000000000000ac5       0x14 .build/obj_minim_default/common/command.o
 .progmem.data.__c.3491
                0x0000000000000ad9        0x2 .build/obj_minim_default/common/command.o
 .progmem.data.__c.3489
                0x0000000000000adb        0x3 .build/obj_minim_default/common/command.o
 .progmem.data.__c.3487
                0x0000000000000ade        0x9 .build/obj_minim_default/common/command.o
 .progmem.data.__c.3485
                0x0000000000000ae7        0x2 .build/obj_minim_default/common/command.o
 .progmem.data.__c.3483
                0x0000000000000ae9        0x3 .build/obj_minim_default/common/command.o
 .progmem.data.__c.3481
                0x0000000000000aec        0xc .build/obj_minim_default/common/command.o
 .progmem.data.__c.3479
                0x0000000000000af8        0x2 .build/obj_minim_default/common/command.o
 .progmem.data.__c.3477
                0x0000000000000afa        0x3 .build/obj_minim_default/common/command.o
 .progmem.data.__c.3475
                0x0000000000000afd        0xa .build/obj_minim_default/common/command.o
 .progmem.data.__c.3473
                0x0000000000000b07        0x2 .build/obj_minim_default/common/command.o
 .progmem.data.__c.3471
                0x0000000000000b09        0x3 .build/obj_minim_default/common/command.o
 .progmem.data.__c.3469
                0x0000000000000b0c        0xa .build/obj_minim_default/common/command.o
 .progmem.data.__c.3467
                0x0000000000000b16        0x2 .build/obj_minim_default/common/command.o
 .progmem.data.__c.3465
                0x0000000000000b18        0x5 .build/obj_minim_default/common/command.o
 .progmem.data.__c.3463
                0x0000000000000b1d       0x13 .build/obj_minim_default/common/command.o
 .progmem.data.__c.3460
                0x0000000000000b30        0x2 .build/obj_minim_default/common/command.o
 .progmem.data.__c.3458
                0x0000000000000b32        0x3 .build/obj_minim_default/common/command.o
 .progmem.data.__c.3456
                0x0000000000000b35       0x10 .build/obj_minim_default/common/command.o
 .progmem.data.__c.3607
                0x0000000000000b45        0x2 .build/obj_minim_default/common/command.o
 .progmem.data.__c.3597
                0x0000000000000b47        0xd .build/obj_minim_default/common/command.o
 .progmem.data.__c.3595
                0x0000000000000b54        0xc .build/obj_minim_default/common/command.o
 .progmem.data.__c.3592
                0x0000000000000b60       0x10 .build/obj_minim_default/common/command.o
 .progmem.data.__c.3590
                0x0000000000000b70        0xf .build/obj_minim_default/common/command.o
 .progmem.data.__c.3587
                0x0000000000000b7f        0xe .build/obj_minim_default/common/command.o
 .progmem.data.__c.3585
                0x0000000000000b8d        0xd .build/obj_minim_default/common/command.o
 .progmem.data.__c.3582
                0x0000000000000b9a        0xd .build/obj_minim_default/common/command.o
 .progmem.data.__c.3580
                0x0000000000000ba7        0xc .build/obj_minim_default/common/command.o
 .progmem.data.__c.3577
                0x0000000000000bb3       0x1c .build/obj_minim_default/common/command.o
 .progmem.data.__c.3573
                0x0000000000000bcf        0x4 .build/obj_minim_default/common/command.o
 .progmem.data.__c.3568
                0x0000000000000bd3       0x11 .build/obj_minim_default/common/command.o
 .progmem.data.__c.3564
                0x0000000000000be4        0xb .build/obj_minim_default/common/command.o
 .progmem.data.__c.6061
                0x0000000000000bef        0x4 .build/obj_minim_default/lufa.o
 .progmem.data.__c.6059
                0x0000000000000bf3       0x11 .build/obj_minim_default/lufa.o
 .progmem.data.__c.5949
                0x0000000000000c04        0x4 .build/obj_minim_default/lufa.o
 .progmem.data.__c.5945
                0x0000000000000c08        0x4 .build/obj_minim_default/lufa.o
 .progmem.data.__c.5941
                0x0000000000000c0c        0x4 .build/obj_minim_default/lufa.o
 .progmem.data.SerialNumberString
                0x0000000000000c10        0x6 .build/obj_minim_default/usb_descriptor.o
                0x0000000000000c10                SerialNumberString
 .progmem.data.ProductString
                0x0000000000000c16        0xe .build/obj_minim_default/usb_descriptor.o
                0x0000000000000c16                ProductString
 .progmem.data.ManufacturerString
                0x0000000000000c24        0xe .build/obj_minim_default/usb_descriptor.o
                0x0000000000000c24                ManufacturerString
 .progmem.data.LanguageString
                0x0000000000000c32        0x4 .build/obj_minim_default/usb_descriptor.o
                0x0000000000000c32                LanguageString
 .progmem.data.ConfigurationDescriptor
                0x0000000000000c36       0x5b .build/obj_minim_default/usb_descriptor.o
                0x0000000000000c36                ConfigurationDescriptor
 .progmem.data.DeviceDescriptor
                0x0000000000000c91       0x12 .build/obj_minim_default/usb_descriptor.o
                0x0000000000000c91                DeviceDescriptor
 .progmem.data.ConsoleReport
                0x0000000000000ca3       0x22 .build/obj_minim_default/usb_descriptor.o
                0x0000000000000ca3                ConsoleReport
 .progmem.data.SharedReport
                0x0000000000000cc5       0x85 .build/obj_minim_default/usb_descriptor.o
                0x0000000000000cc5                SharedReport
 .progmem.data.KeyboardReport
                0x0000000000000d4a       0x40 .build/obj_minim_default/usb_descriptor.o
                0x0000000000000d4a                KeyboardReport
                0x0000000000000d8a                . = ALIGN (0x2)
 *(.lowtext)
 *(.lowtext*)
                0x0000000000000d8a                __ctors_start = .
 *(.ctors)
                0x0000000000000d8a                __ctors_end = .
                0x0000000000000d8a                __dtors_start = .
 *(.dtors)
                0x0000000000000d8a                __dtors_end = .
 SORT_BY_NAME(*)(.ctors)
 SORT_BY_NAME(*)(.dtors)
 *(.init0)
 .init0         0x0000000000000d8a        0x0 /usr/local/Cellar/avr-gcc@8/8.4.0/lib/avr-gcc/8/gcc/avr/8.4.0/../../../../../../avr/lib/avr35/crtatmega32u2.o
                0x0000000000000d8a                __init
 *(.init0)
 *(.init1)
 *(.init1)
 *(.init2)
 .init2         0x0000000000000d8a        0xc /usr/local/Cellar/avr-gcc@8/8.4.0/lib/avr-gcc/8/gcc/avr/8.4.0/../../../../../../avr/lib/avr35/crtatmega32u2.o
 *(.init2)
 *(.init3)
 .init3         0x0000000000000d96       0x54 .build/obj_minim_default/common/avr/bootloader.o
                0x0000000000000d96                bootloader_jump_after_watchdog_reset
 *(.init3)
 *(.init4)
 .init4         0x0000000000000dea       0x16 /usr/local/Cellar/avr-gcc@8/8.4.0/lib/avr-gcc/8/gcc/avr/8.4.0/avr35/libgcc.a(_copy_data.o)
                0x0000000000000dea                __do_copy_data
 .init4         0x0000000000000e00       0x10 /usr/local/Cellar/avr-gcc@8/8.4.0/lib/avr-gcc/8/gcc/avr/8.4.0/avr35/libgcc.a(_clear_bss.o)
                0x0000000000000e00                __do_clear_bss
 *(.init4)
 *(.init5)
 *(.init5)
 *(.init6)
 *(.init6)
 *(.init7)
 *(.init7)
 *(.init8)
 *(.init8)
 *(.init9)
 .init9         0x0000000000000e10        0x8 /usr/local/Cellar/avr-gcc@8/8.4.0/lib/avr-gcc/8/gcc/avr/8.4.0/../../../../../../avr/lib/avr35/crtatmega32u2.o
 *(.init9)
 *(.text)
 .text          0x0000000000000e18        0x4 /usr/local/Cellar/avr-gcc@8/8.4.0/lib/avr-gcc/8/gcc/avr/8.4.0/../../../../../../avr/lib/avr35/crtatmega32u2.o
                0x0000000000000e18                __vector_20
                0x0000000000000e18                __vector_28
                0x0000000000000e18                __vector_1
                0x0000000000000e18                __vector_24
                0x0000000000000e18                __bad_interrupt
                0x0000000000000e18                __vector_6
                0x0000000000000e18                __vector_3
                0x0000000000000e18                __vector_23
                0x0000000000000e18                __vector_25
                0x0000000000000e18                __vector_17
                0x0000000000000e18                __vector_7
                0x0000000000000e18                __vector_27
                0x0000000000000e18                __vector_5
                0x0000000000000e18                __vector_4
                0x0000000000000e18                __vector_9
                0x0000000000000e18                __vector_2
                0x0000000000000e18                __vector_21
                0x0000000000000e18                __vector_15
                0x0000000000000e18                __vector_8
                0x0000000000000e18                __vector_26
                0x0000000000000e18                __vector_14
                0x0000000000000e18                __vector_10
                0x0000000000000e18                __vector_16
                0x0000000000000e18                __vector_18
                0x0000000000000e18                __vector_22
 .text          0x0000000000000e1c      0x15c .build/obj_minim_default/common/avr/xprintf.o
                0x0000000000000e1c                xputc
                0x0000000000000e34                xputs
                0x0000000000000e42                xitoa
                0x0000000000000f66                __xprintf
                0x0000000000000f78                . = ALIGN (0x2)
 *(.text.*)
 .text.matrix_init_user
                0x0000000000000f78        0x2 .build/obj_minim_default/keyboards/minim/keymaps/default/keymap.o
                0x0000000000000f78                matrix_init_user
 .text.matrix_scan_user
                0x0000000000000f7a        0x2 .build/obj_minim_default/keyboards/minim/keymaps/default/keymap.o
                0x0000000000000f7a                matrix_scan_user
 .text.led_set_user
                0x0000000000000f7c        0x2 .build/obj_minim_default/keyboards/minim/keymaps/default/keymap.o
                0x0000000000000f7c                led_set_user
 .text.process_action_kb
                0x0000000000000f7e        0x4 .build/obj_minim_default/quantum/quantum.o
                0x0000000000000f7e                process_action_kb
 .text.process_record_user
                0x0000000000000f82        0x4 .build/obj_minim_default/quantum/quantum.o
                0x0000000000000f82                process_record_user
 .text.process_record_kb
                0x0000000000000f86        0x4 .build/obj_minim_default/quantum/quantum.o
                0x0000000000000f86                process_record_kb
 .text.get_event_keycode
                0x0000000000000f8a       0x62 .build/obj_minim_default/quantum/quantum.o
                0x0000000000000f8a                get_event_keycode
 .text.get_record_keycode
                0x0000000000000fec       0x10 .build/obj_minim_default/quantum/quantum.o
                0x0000000000000fec                get_record_keycode
 .text.matrix_init_quantum
                0x0000000000000ffc       0x10 .build/obj_minim_default/quantum/quantum.o
                0x0000000000000ffc                matrix_init_quantum
 .text.matrix_scan_quantum
                0x000000000000100c        0x4 .build/obj_minim_default/quantum/quantum.o
                0x000000000000100c                matrix_scan_quantum
 .text.led_set_kb
                0x0000000000001010        0x4 .build/obj_minim_default/quantum/quantum.o
                0x0000000000001010                led_set_kb
 .text.led_update_user
                0x0000000000001014        0x4 .build/obj_minim_default/quantum/quantum.o
                0x0000000000001014                led_update_user
 .text.led_update_kb
                0x0000000000001018        0x4 .build/obj_minim_default/quantum/quantum.o
                0x0000000000001018                led_update_kb
 .text.led_set  0x000000000000101c       0x10 .build/obj_minim_default/quantum/quantum.o
                0x000000000000101c                led_set
 .text.shutdown_user
                0x000000000000102c        0x2 .build/obj_minim_default/quantum/quantum.o
                0x000000000000102c                shutdown_user
 .text.reset_keyboard
                0x000000000000102e       0x1e .build/obj_minim_default/quantum/quantum.o
                0x000000000000102e                reset_keyboard
 .text.process_record_quantum
                0x000000000000104c      0x352 .build/obj_minim_default/quantum/quantum.o
                0x000000000000104c                process_record_quantum
 .text.action_get_macro
                0x000000000000139e        0x6 .build/obj_minim_default/quantum/keymap_common.o
                0x000000000000139e                action_get_macro
 .text.action_function
                0x00000000000013a4        0x2 .build/obj_minim_default/quantum/keymap_common.o
                0x00000000000013a4                action_function
 .text.keymap_key_to_keycode
                0x00000000000013a6       0x34 .build/obj_minim_default/quantum/keymap_common.o
                0x00000000000013a6                keymap_key_to_keycode
 .text.keymap_function_id_to_action
                0x00000000000013da       0x10 .build/obj_minim_default/quantum/keymap_common.o
                0x00000000000013da                keymap_function_id_to_action
 .text.action_for_key
                0x00000000000013ea      0x37c .build/obj_minim_default/quantum/keymap_common.o
                0x00000000000013ea                action_for_key
 .text.keycode_config
                0x0000000000001766      0x12e .build/obj_minim_default/quantum/keycode_config.o
                0x0000000000001766                keycode_config
 .text.mod_config
                0x0000000000001894       0x86 .build/obj_minim_default/quantum/keycode_config.o
                0x0000000000001894                mod_config
 .text.matrix_init_kb
                0x000000000000191a        0x4 .build/obj_minim_default/quantum/matrix.o
                0x000000000000191a                matrix_init_kb
 .text.matrix_scan_kb
                0x000000000000191e        0x4 .build/obj_minim_default/quantum/matrix.o
                0x000000000000191e                matrix_scan_kb
 .text.matrix_get_row
                0x0000000000001922       0x12 .build/obj_minim_default/quantum/matrix.o
                0x0000000000001922                matrix_get_row
 .text.matrix_print
                0x0000000000001934       0x8e .build/obj_minim_default/quantum/matrix.o
                0x0000000000001934                matrix_print
 .text.matrix_init
                0x00000000000019c2       0xc2 .build/obj_minim_default/quantum/matrix.o
                0x00000000000019c2                matrix_init
 .text.matrix_scan
                0x0000000000001a84      0x12c .build/obj_minim_default/quantum/matrix.o
                0x0000000000001a84                matrix_scan
 .text.debounce_init
                0x0000000000001bb0        0x2 .build/obj_minim_default/quantum/debounce/sym_g.o
                0x0000000000001bb0                debounce_init
 .text.debounce
                0x0000000000001bb2       0x72 .build/obj_minim_default/quantum/debounce/sym_g.o
                0x0000000000001bb2                debounce
 .text.perform_space_cadet
                0x0000000000001c24       0xda .build/obj_minim_default/quantum/process_keycode/process_space_cadet.o
                0x0000000000001c24                perform_space_cadet
 .text.process_space_cadet
                0x0000000000001cfe       0x82 .build/obj_minim_default/quantum/process_keycode/process_space_cadet.o
                0x0000000000001cfe                process_space_cadet
 .text.host_set_driver
                0x0000000000001d80        0xa .build/obj_minim_default/common/host.o
                0x0000000000001d80                host_set_driver
 .text.host_keyboard_leds
                0x0000000000001d8a       0x18 .build/obj_minim_default/common/host.o
                0x0000000000001d8a                host_keyboard_leds
 .text.host_keyboard_send
                0x0000000000001da2       0x98 .build/obj_minim_default/common/host.o
                0x0000000000001da2                host_keyboard_send
 .text.host_mouse_send
                0x0000000000001e3a       0x1c .build/obj_minim_default/common/host.o
                0x0000000000001e3a                host_mouse_send
 .text.host_system_send
                0x0000000000001e56       0x2c .build/obj_minim_default/common/host.o
                0x0000000000001e56                host_system_send
 .text.host_consumer_send
                0x0000000000001e82       0x2c .build/obj_minim_default/common/host.o
                0x0000000000001e82                host_consumer_send
 .text.keyboard_pre_init_user
                0x0000000000001eae        0x2 .build/obj_minim_default/common/keyboard.o
                0x0000000000001eae                keyboard_pre_init_user
 .text.matrix_setup
                0x0000000000001eb0        0x2 .build/obj_minim_default/common/keyboard.o
                0x0000000000001eb0                matrix_setup
 .text.keyboard_pre_init_kb
                0x0000000000001eb2        0x4 .build/obj_minim_default/common/keyboard.o
                0x0000000000001eb2                keyboard_pre_init_kb
 .text.keyboard_post_init_user
                0x0000000000001eb6        0x2 .build/obj_minim_default/common/keyboard.o
                0x0000000000001eb6                keyboard_post_init_user
 .text.keyboard_post_init_kb
                0x0000000000001eb8        0x4 .build/obj_minim_default/common/keyboard.o
                0x0000000000001eb8                keyboard_post_init_kb
 .text.keyboard_setup
                0x0000000000001ebc        0x8 .build/obj_minim_default/common/keyboard.o
                0x0000000000001ebc                keyboard_setup
 .text.is_keyboard_master
                0x0000000000001ec4        0x4 .build/obj_minim_default/common/keyboard.o
                0x0000000000001ec4                is_keyboard_master
 .text.keyboard_init
                0x0000000000001ec8       0x10 .build/obj_minim_default/common/keyboard.o
                0x0000000000001ec8                keyboard_init
 .text.keyboard_set_leds
                0x0000000000001ed8       0x50 .build/obj_minim_default/common/keyboard.o
                0x0000000000001ed8                keyboard_set_leds
 .text.keyboard_task
                0x0000000000001f28      0x174 .build/obj_minim_default/common/keyboard.o
                0x0000000000001f28                keyboard_task
 .text.action_exec
                0x000000000000209c       0x54 .build/obj_minim_default/common/action.o
                0x000000000000209c                action_exec
 .text.process_record_tap_hint
                0x00000000000020f0        0xa .build/obj_minim_default/common/action.o
                0x00000000000020f0                process_record_tap_hint
 .text.register_code
                0x00000000000020fa      0x1da .build/obj_minim_default/common/action.o
                0x00000000000020fa                register_code
 .text.unregister_code
                0x00000000000022d4       0xac .build/obj_minim_default/common/action.o
                0x00000000000022d4                unregister_code
 .text.tap_code
                0x0000000000002380       0x26 .build/obj_minim_default/common/action.o
                0x0000000000002380                tap_code
 .text.register_mods
                0x00000000000023a6        0xe .build/obj_minim_default/common/action.o
                0x00000000000023a6                register_mods
 .text.unregister_mods
                0x00000000000023b4        0xe .build/obj_minim_default/common/action.o
                0x00000000000023b4                unregister_mods
 .text.process_action
                0x00000000000023c2      0x498 .build/obj_minim_default/common/action.o
                0x00000000000023c2                process_action
 .text.process_record
                0x000000000000285a       0x54 .build/obj_minim_default/common/action.o
                0x000000000000285a                process_record
 .text.clear_keyboard_but_mods_and_keys
                0x00000000000028ae       0x24 .build/obj_minim_default/common/action.o
                0x00000000000028ae                clear_keyboard_but_mods_and_keys
 .text.clear_keyboard_but_mods
                0x00000000000028d2        0x8 .build/obj_minim_default/common/action.o
                0x00000000000028d2                clear_keyboard_but_mods
 .text.clear_keyboard
                0x00000000000028da        0x8 .build/obj_minim_default/common/action.o
                0x00000000000028da                clear_keyboard
 .text.is_tap_action
                0x00000000000028e2       0x3e .build/obj_minim_default/common/action.o
                0x00000000000028e2                is_tap_action
 .text.is_tap_key
                0x0000000000002920        0x8 .build/obj_minim_default/common/action.o
                0x0000000000002920                is_tap_key
 .text.debug_event
                0x0000000000002928       0x1e .build/obj_minim_default/common/action.o
                0x0000000000002928                debug_event
 .text.debug_record
                0x0000000000002946       0x20 .build/obj_minim_default/common/action.o
                0x0000000000002946                debug_record
 .text.debug_waiting_buffer
                0x0000000000002966       0x3e .build/obj_minim_default/common/action_tapping.o
 .text.debug_tapping_key
                0x00000000000029a4       0x1c .build/obj_minim_default/common/action_tapping.o
 .text.waiting_buffer_scan_tap
                0x00000000000029c0       0xe0 .build/obj_minim_default/common/action_tapping.o
 .text.process_tapping
                0x0000000000002aa0      0x394 .build/obj_minim_default/common/action_tapping.o
 .text.action_tapping_process
                0x0000000000002e34      0x13c .build/obj_minim_default/common/action_tapping.o
                0x0000000000002e34                action_tapping_process
 .text.action_macro_play
                0x0000000000002f70       0xf0 .build/obj_minim_default/common/action_macro.o
                0x0000000000002f70                action_macro_play
 .text.default_layer_state_set_user
                0x0000000000003060        0x2 .build/obj_minim_default/common/action_layer.o
                0x0000000000003060                default_layer_state_set_user
 .text.default_layer_state_set_kb
                0x0000000000003062        0x4 .build/obj_minim_default/common/action_layer.o
                0x0000000000003062                default_layer_state_set_kb
 .text.default_layer_state_set
                0x0000000000003066       0x18 .build/obj_minim_default/common/action_layer.o
 .text.default_layer_debug
                0x000000000000307e        0x2 .build/obj_minim_default/common/action_layer.o
                0x000000000000307e                default_layer_debug
 .text.default_layer_set
                0x0000000000003080        0x4 .build/obj_minim_default/common/action_layer.o
                0x0000000000003080                default_layer_set
 .text.default_layer_or
                0x0000000000003084       0x24 .build/obj_minim_default/common/action_layer.o
                0x0000000000003084                default_layer_or
 .text.default_layer_and
                0x00000000000030a8       0x24 .build/obj_minim_default/common/action_layer.o
                0x00000000000030a8                default_layer_and
 .text.default_layer_xor
                0x00000000000030cc       0x24 .build/obj_minim_default/common/action_layer.o
                0x00000000000030cc                default_layer_xor
 .text.layer_state_set_user
                0x00000000000030f0        0x4 .build/obj_minim_default/common/action_layer.o
                0x00000000000030f0                layer_state_set_user
 .text.layer_state_set_kb
                0x00000000000030f4        0x4 .build/obj_minim_default/common/action_layer.o
                0x00000000000030f4                layer_state_set_kb
 .text.layer_state_set
                0x00000000000030f8       0x18 .build/obj_minim_default/common/action_layer.o
                0x00000000000030f8                layer_state_set
 .text.layer_clear
                0x0000000000003110        0xa .build/obj_minim_default/common/action_layer.o
                0x0000000000003110                layer_clear
 .text.layer_move
                0x000000000000311a       0x2a .build/obj_minim_default/common/action_layer.o
                0x000000000000311a                layer_move
 .text.layer_on
                0x0000000000003144       0x42 .build/obj_minim_default/common/action_layer.o
                0x0000000000003144                layer_on
 .text.layer_off
                0x0000000000003186       0x46 .build/obj_minim_default/common/action_layer.o
                0x0000000000003186                layer_off
 .text.layer_invert
                0x00000000000031cc       0x42 .build/obj_minim_default/common/action_layer.o
                0x00000000000031cc                layer_invert
 .text.layer_or
                0x000000000000320e       0x24 .build/obj_minim_default/common/action_layer.o
                0x000000000000320e                layer_or
 .text.layer_and
                0x0000000000003232       0x24 .build/obj_minim_default/common/action_layer.o
                0x0000000000003232                layer_and
 .text.layer_xor
                0x0000000000003256       0x24 .build/obj_minim_default/common/action_layer.o
                0x0000000000003256                layer_xor
 .text.layer_debug
                0x000000000000327a        0x2 .build/obj_minim_default/common/action_layer.o
                0x000000000000327a                layer_debug
 .text.update_source_layers_cache
                0x000000000000327c       0x6e .build/obj_minim_default/common/action_layer.o
                0x000000000000327c                update_source_layers_cache
 .text.read_source_layers_cache
                0x00000000000032ea       0x58 .build/obj_minim_default/common/action_layer.o
                0x00000000000032ea                read_source_layers_cache
 .text.layer_switch_get_layer
                0x0000000000003342       0x84 .build/obj_minim_default/common/action_layer.o
                0x0000000000003342                layer_switch_get_layer
 .text.layer_switch_get_action
                0x00000000000033c6       0x14 .build/obj_minim_default/common/action_layer.o
                0x00000000000033c6                layer_switch_get_action
 .text.store_or_get_action
                0x00000000000033da       0x48 .build/obj_minim_default/common/action_layer.o
                0x00000000000033da                store_or_get_action
 .text.add_key  0x0000000000003422        0xe .build/obj_minim_default/common/action_util.o
                0x0000000000003422                add_key
 .text.del_key  0x0000000000003430        0xe .build/obj_minim_default/common/action_util.o
                0x0000000000003430                del_key
 .text.clear_keys
                0x000000000000343e        0xc .build/obj_minim_default/common/action_util.o
                0x000000000000343e                clear_keys
 .text.get_oneshot_layer
                0x000000000000344a        0xc .build/obj_minim_default/common/action_util.o
                0x000000000000344a                get_oneshot_layer
 .text.get_oneshot_layer_state
                0x0000000000003456        0x8 .build/obj_minim_default/common/action_util.o
                0x0000000000003456                get_oneshot_layer_state
 .text.is_oneshot_layer_active
                0x000000000000345e        0xe .build/obj_minim_default/common/action_util.o
                0x000000000000345e                is_oneshot_layer_active
 .text.get_mods
                0x000000000000346c        0x6 .build/obj_minim_default/common/action_util.o
                0x000000000000346c                get_mods
 .text.add_mods
                0x0000000000003472        0xc .build/obj_minim_default/common/action_util.o
                0x0000000000003472                add_mods
 .text.del_mods
                0x000000000000347e        0xe .build/obj_minim_default/common/action_util.o
                0x000000000000347e                del_mods
 .text.clear_mods
                0x000000000000348c        0x6 .build/obj_minim_default/common/action_util.o
                0x000000000000348c                clear_mods
 .text.add_weak_mods
                0x0000000000003492        0xc .build/obj_minim_default/common/action_util.o
                0x0000000000003492                add_weak_mods
 .text.del_weak_mods
                0x000000000000349e        0xe .build/obj_minim_default/common/action_util.o
                0x000000000000349e                del_weak_mods
 .text.clear_weak_mods
                0x00000000000034ac        0x6 .build/obj_minim_default/common/action_util.o
                0x00000000000034ac                clear_weak_mods
 .text.add_macro_mods
                0x00000000000034b2        0xc .build/obj_minim_default/common/action_util.o
                0x00000000000034b2                add_macro_mods
 .text.del_macro_mods
                0x00000000000034be        0xe .build/obj_minim_default/common/action_util.o
                0x00000000000034be                del_macro_mods
 .text.clear_macro_mods
                0x00000000000034cc        0x6 .build/obj_minim_default/common/action_util.o
                0x00000000000034cc                clear_macro_mods
 .text.get_oneshot_mods
                0x00000000000034d2        0x6 .build/obj_minim_default/common/action_util.o
                0x00000000000034d2                get_oneshot_mods
 .text.oneshot_mods_changed_user
                0x00000000000034d8        0x2 .build/obj_minim_default/common/action_util.o
                0x00000000000034d8                oneshot_mods_changed_user
 .text.oneshot_mods_changed_kb
                0x00000000000034da        0x4 .build/obj_minim_default/common/action_util.o
                0x00000000000034da                oneshot_mods_changed_kb
 .text.set_oneshot_mods
                0x00000000000034de       0x12 .build/obj_minim_default/common/action_util.o
                0x00000000000034de                set_oneshot_mods
 .text.clear_oneshot_mods
                0x00000000000034f0       0x14 .build/obj_minim_default/common/action_util.o
                0x00000000000034f0                clear_oneshot_mods
 .text.send_keyboard_report
                0x0000000000003504       0x66 .build/obj_minim_default/common/action_util.o
                0x0000000000003504                send_keyboard_report
 .text.oneshot_layer_changed_user
                0x000000000000356a        0x2 .build/obj_minim_default/common/action_util.o
                0x000000000000356a                oneshot_layer_changed_user
 .text.oneshot_layer_changed_kb
                0x000000000000356c        0x4 .build/obj_minim_default/common/action_util.o
                0x000000000000356c                oneshot_layer_changed_kb
 .text.set_oneshot_layer
                0x0000000000003570       0x20 .build/obj_minim_default/common/action_util.o
                0x0000000000003570                set_oneshot_layer
 .text.reset_oneshot_layer
                0x0000000000003590        0xa .build/obj_minim_default/common/action_util.o
                0x0000000000003590                reset_oneshot_layer
 .text.clear_oneshot_layer_state
                0x000000000000359a       0x30 .build/obj_minim_default/common/action_util.o
                0x000000000000359a                clear_oneshot_layer_state
 .text.print_set_sendchar
                0x00000000000035ca        0xa .build/obj_minim_default/common/print.o
                0x00000000000035ca                print_set_sendchar
 .text.bitrev   0x00000000000035d4       0x30 .build/obj_minim_default/common/util.o
                0x00000000000035d4                bitrev
 .text.bitrev16
                0x0000000000003604       0x1a .build/obj_minim_default/common/util.o
                0x0000000000003604                bitrev16
 .text.eeconfig_is_enabled
                0x000000000000361e       0x16 .build/obj_minim_default/common/eeconfig.o
                0x000000000000361e                eeconfig_is_enabled
 .text.eeconfig_read_debug
                0x0000000000003634        0x8 .build/obj_minim_default/common/eeconfig.o
                0x0000000000003634                eeconfig_read_debug
 .text.eeconfig_read_default_layer
                0x000000000000363c        0x8 .build/obj_minim_default/common/eeconfig.o
                0x000000000000363c                eeconfig_read_default_layer
 .text.eeconfig_read_keymap
                0x0000000000003644       0x1c .build/obj_minim_default/common/eeconfig.o
                0x0000000000003644                eeconfig_read_keymap
 .text.eeconfig_update_keymap
                0x0000000000003660       0x1a .build/obj_minim_default/common/eeconfig.o
                0x0000000000003660                eeconfig_update_keymap
 .text.eeconfig_update_kb
                0x000000000000367a        0xc .build/obj_minim_default/common/eeconfig.o
                0x000000000000367a                eeconfig_update_kb
 .text.eeconfig_update_user
                0x0000000000003686        0xc .build/obj_minim_default/common/eeconfig.o
                0x0000000000003686                eeconfig_update_user
 .text.eeconfig_init_user
                0x0000000000003692        0xa .build/obj_minim_default/common/eeconfig.o
                0x0000000000003692                eeconfig_init_user
 .text.eeconfig_init_kb
                0x000000000000369c        0xe .build/obj_minim_default/common/eeconfig.o
                0x000000000000369c                eeconfig_init_kb
 .text.eeconfig_init_quantum
                0x00000000000036aa       0xae .build/obj_minim_default/common/eeconfig.o
                0x00000000000036aa                eeconfig_init_quantum
 .text.eeconfig_init
                0x0000000000003758        0x4 .build/obj_minim_default/common/eeconfig.o
                0x0000000000003758                eeconfig_init
 .text.eeconfig_update_handedness
                0x000000000000375c        0xa .build/obj_minim_default/common/eeconfig.o
                0x000000000000375c                eeconfig_update_handedness
 .text.has_anykey
                0x0000000000003766       0x24 .build/obj_minim_default/common/report.o
                0x0000000000003766                has_anykey
 .text.add_key_byte
                0x000000000000378a       0x34 .build/obj_minim_default/common/report.o
                0x000000000000378a                add_key_byte
 .text.del_key_byte
                0x00000000000037be       0x1a .build/obj_minim_default/common/report.o
                0x00000000000037be                del_key_byte
 .text.add_key_to_report
                0x00000000000037d8        0x4 .build/obj_minim_default/common/report.o
                0x00000000000037d8                add_key_to_report
 .text.del_key_from_report
                0x00000000000037dc        0x4 .build/obj_minim_default/common/report.o
                0x00000000000037dc                del_key_from_report
 .text.clear_keys_from_report
                0x00000000000037e0        0xe .build/obj_minim_default/common/report.o
                0x00000000000037e0                clear_keys_from_report
 .text.matrix_power_up
                0x00000000000037ee        0x2 .build/obj_minim_default/common/avr/suspend.o
                0x00000000000037ee                matrix_power_up
 .text.suspend_power_down_user
                0x00000000000037f0        0x2 .build/obj_minim_default/common/avr/suspend.o
                0x00000000000037f0                suspend_power_down_user
 .text.suspend_power_down_kb
                0x00000000000037f2        0x4 .build/obj_minim_default/common/avr/suspend.o
                0x00000000000037f2                suspend_power_down_kb
 .text.suspend_power_down
                0x00000000000037f6       0x60 .build/obj_minim_default/common/avr/suspend.o
                0x00000000000037f6                suspend_power_down
 .text.matrix_power_down
                0x0000000000003856        0x2 .build/obj_minim_default/common/avr/suspend.o
                0x0000000000003856                matrix_power_down
 .text.suspend_wakeup_condition
                0x0000000000003858       0x2a .build/obj_minim_default/common/avr/suspend.o
                0x0000000000003858                suspend_wakeup_condition
 .text.suspend_wakeup_init_user
                0x0000000000003882        0x2 .build/obj_minim_default/common/avr/suspend.o
                0x0000000000003882                suspend_wakeup_init_user
 .text.suspend_wakeup_init_kb
                0x0000000000003884        0x4 .build/obj_minim_default/common/avr/suspend.o
                0x0000000000003884                suspend_wakeup_init_kb
 .text.suspend_wakeup_init
                0x0000000000003888       0x10 .build/obj_minim_default/common/avr/suspend.o
                0x0000000000003888                suspend_wakeup_init
 .text.__vector_13
                0x0000000000003898       0x4e .build/obj_minim_default/common/avr/suspend.o
                0x0000000000003898                __vector_13
 .text.timer_init
                0x00000000000038e6       0x12 .build/obj_minim_default/common/avr/timer.o
                0x00000000000038e6                timer_init
 .text.timer_read
                0x00000000000038f8       0x18 .build/obj_minim_default/common/avr/timer.o
                0x00000000000038f8                timer_read
 .text.timer_read32
                0x0000000000003910       0x18 .build/obj_minim_default/common/avr/timer.o
                0x0000000000003910                timer_read32
 .text.timer_elapsed
                0x0000000000003928       0x54 .build/obj_minim_default/common/avr/timer.o
                0x0000000000003928                timer_elapsed
 .text.__vector_19
                0x000000000000397c       0x48 .build/obj_minim_default/common/avr/timer.o
                0x000000000000397c                __vector_19
 .text.bootloader_jump
                0x00000000000039c4       0x48 .build/obj_minim_default/common/avr/bootloader.o
                0x00000000000039c4                bootloader_jump
 .text.magic    0x0000000000003a0c       0x30 .build/obj_minim_default/common/magic.o
                0x0000000000003a0c                magic
 .text.move_unit
                0x0000000000003a3c       0x98 .build/obj_minim_default/common/mousekey.o
 .text.wheel_unit
                0x0000000000003ad4       0x76 .build/obj_minim_default/common/mousekey.o
 .text.mousekey_on
                0x0000000000003b4a       0xd0 .build/obj_minim_default/common/mousekey.o
                0x0000000000003b4a                mousekey_on
 .text.mousekey_off
                0x0000000000003c1a       0xfe .build/obj_minim_default/common/mousekey.o
                0x0000000000003c1a                mousekey_off
 .text.mousekey_send
                0x0000000000003d18      0x11a .build/obj_minim_default/common/mousekey.o
                0x0000000000003d18                mousekey_send
 .text.mousekey_task
                0x0000000000003e32      0x13c .build/obj_minim_default/common/mousekey.o
                0x0000000000003e32                mousekey_task
 .text.mousekey_clear
                0x0000000000003f6e       0x18 .build/obj_minim_default/common/mousekey.o
                0x0000000000003f6e                mousekey_clear
 .text.mousekey_console_help
                0x0000000000003f86       0x2e .build/obj_minim_default/common/command.o
 .text.mousekey_param_inc
                0x0000000000003fb4      0x148 .build/obj_minim_default/common/command.o
 .text.mousekey_param_dec
                0x00000000000040fc       0xfe .build/obj_minim_default/common/command.o
 .text.switch_default_layer
                0x00000000000041fa       0x3c .build/obj_minim_default/common/command.o
 .text.command_common
                0x0000000000004236      0x4de .build/obj_minim_default/common/command.o
 .text.command_extra
                0x0000000000004714        0x4 .build/obj_minim_default/common/command.o
                0x0000000000004714                command_extra
 .text.command_console_extra
                0x0000000000004718        0x4 .build/obj_minim_default/common/command.o
                0x0000000000004718                command_console_extra
 .text.numkey2num
                0x000000000000471c       0x16 .build/obj_minim_default/common/command.o
                0x000000000000471c                numkey2num
 .text.command_proc
                0x0000000000004732      0x286 .build/obj_minim_default/common/command.o
                0x0000000000004732                command_proc
 .text.keyboard_leds
                0x00000000000049b8        0x6 .build/obj_minim_default/lufa.o
 .text.sendchar
                0x00000000000049be       0xc4 .build/obj_minim_default/lufa.o
                0x00000000000049be                sendchar
 .text.send_consumer
                0x0000000000004a82       0x76 .build/obj_minim_default/lufa.o
 .text.send_system
                0x0000000000004af8       0x6c .build/obj_minim_default/lufa.o
 .text.send_mouse
                0x0000000000004b64       0x56 .build/obj_minim_default/lufa.o
 .text.send_keyboard
                0x0000000000004bba       0x66 .build/obj_minim_default/lufa.o
 .text.EVENT_USB_Device_Reset
                0x0000000000004c20        0x8 .build/obj_minim_default/lufa.o
                0x0000000000004c20                EVENT_USB_Device_Reset
 .text.EVENT_USB_Device_Suspend
                0x0000000000004c28        0x8 .build/obj_minim_default/lufa.o
                0x0000000000004c28                EVENT_USB_Device_Suspend
 .text.EVENT_USB_Device_WakeUp
                0x0000000000004c30        0xc .build/obj_minim_default/lufa.o
                0x0000000000004c30                EVENT_USB_Device_WakeUp
 .text.EVENT_USB_Device_StartOfFrame
                0x0000000000004c3c       0x82 .build/obj_minim_default/lufa.o
                0x0000000000004c3c                EVENT_USB_Device_StartOfFrame
 .text.EVENT_USB_Device_ConfigurationChanged
                0x0000000000004cbe       0x1e .build/obj_minim_default/lufa.o
                0x0000000000004cbe                EVENT_USB_Device_ConfigurationChanged
 .text.EVENT_USB_Device_ControlRequest
                0x0000000000004cdc      0x16a .build/obj_minim_default/lufa.o
                0x0000000000004cdc                EVENT_USB_Device_ControlRequest
 .text.startup.main
                0x0000000000004e46       0x8e .build/obj_minim_default/lufa.o
                0x0000000000004e46                main
 .text.CALLBACK_USB_GetDescriptor
                0x0000000000004ed4        0x4 .build/obj_minim_default/lufa.o
                0x0000000000004ed4                CALLBACK_USB_GetDescriptor
 .text.get_usb_descriptor
                0x0000000000004ed8       0xba .build/obj_minim_default/usb_descriptor.o
                0x0000000000004ed8                get_usb_descriptor
 .text.set_output_user
                0x0000000000004f92        0x2 .build/obj_minim_default/outputselect.o
                0x0000000000004f92                set_output_user
 .text.set_output
                0x0000000000004f94       0x10 .build/obj_minim_default/outputselect.o
                0x0000000000004f94                set_output
 .text.auto_detect_output
                0x0000000000004fa4       0x10 .build/obj_minim_default/outputselect.o
                0x0000000000004fa4                auto_detect_output
 .text.where_to_send
                0x0000000000004fb4        0xe .build/obj_minim_default/outputselect.o
                0x0000000000004fb4                where_to_send
 .text.USB_Device_SendRemoteWakeup
                0x0000000000004fc2       0x2c .build/obj_minim_default/lib/lufa/LUFA/Drivers/USB/Core/AVR8/Device_AVR8.o
                0x0000000000004fc2                USB_Device_SendRemoteWakeup
 .text.Endpoint_Write_Stream_LE
                0x0000000000004fee       0x9e .build/obj_minim_default/lib/lufa/LUFA/Drivers/USB/Core/AVR8/EndpointStream_AVR8.o
                0x0000000000004fee                Endpoint_Write_Stream_LE
 .text.Endpoint_Write_Control_Stream_LE
                0x000000000000508c       0xb8 .build/obj_minim_default/lib/lufa/LUFA/Drivers/USB/Core/AVR8/EndpointStream_AVR8.o
                0x000000000000508c                Endpoint_Write_Control_Stream_LE
 .text.Endpoint_Write_Control_PStream_LE
                0x0000000000005144       0xba .build/obj_minim_default/lib/lufa/LUFA/Drivers/USB/Core/AVR8/EndpointStream_AVR8.o
                0x0000000000005144                Endpoint_Write_Control_PStream_LE
 .text.Endpoint_ConfigureEndpoint_Prv
                0x00000000000051fe       0x68 .build/obj_minim_default/lib/lufa/LUFA/Drivers/USB/Core/AVR8/Endpoint_AVR8.o
                0x00000000000051fe                Endpoint_ConfigureEndpoint_Prv
 .text.Endpoint_ClearStatusStage
                0x0000000000005266       0x3e .build/obj_minim_default/lib/lufa/LUFA/Drivers/USB/Core/AVR8/Endpoint_AVR8.o
                0x0000000000005266                Endpoint_ClearStatusStage
 .text.Endpoint_WaitUntilReady
                0x00000000000052a4       0x62 .build/obj_minim_default/lib/lufa/LUFA/Drivers/USB/Core/AVR8/Endpoint_AVR8.o
                0x00000000000052a4                Endpoint_WaitUntilReady
 .text.USB_Disable
                0x0000000000005306       0x2e .build/obj_minim_default/lib/lufa/LUFA/Drivers/USB/Core/AVR8/USBController_AVR8.o
                0x0000000000005306                USB_Disable
 .text.USB_ResetInterface
                0x0000000000005334       0x78 .build/obj_minim_default/lib/lufa/LUFA/Drivers/USB/Core/AVR8/USBController_AVR8.o
                0x0000000000005334                USB_ResetInterface
 .text.USB_Init
                0x00000000000053ac       0x14 .build/obj_minim_default/lib/lufa/LUFA/Drivers/USB/Core/AVR8/USBController_AVR8.o
                0x00000000000053ac                USB_Init
 .text.USB_INT_DisableAllInterrupts
                0x00000000000053c0        0x6 .build/obj_minim_default/lib/lufa/LUFA/Drivers/USB/Core/AVR8/USBInterrupt_AVR8.o
                0x00000000000053c0                USB_INT_DisableAllInterrupts
 .text.USB_INT_ClearAllInterrupts
                0x00000000000053c6        0x6 .build/obj_minim_default/lib/lufa/LUFA/Drivers/USB/Core/AVR8/USBInterrupt_AVR8.o
                0x00000000000053c6                USB_INT_ClearAllInterrupts
 .text.__vector_11
                0x00000000000053cc      0x162 .build/obj_minim_default/lib/lufa/LUFA/Drivers/USB/Core/AVR8/USBInterrupt_AVR8.o
                0x00000000000053cc                __vector_11
 .text.__vector_12
                0x000000000000552e       0x88 .build/obj_minim_default/lib/lufa/LUFA/Drivers/USB/Core/AVR8/USBInterrupt_AVR8.o
                0x000000000000552e                __vector_12
 .text.USB_Device_ProcessControlRequest
                0x00000000000055b6      0x2a4 .build/obj_minim_default/lib/lufa/LUFA/Drivers/USB/Core/DeviceStandardReq.o
                0x00000000000055b6                USB_Device_ProcessControlRequest
 .text.USB_USBTask
                0x000000000000585a       0x36 .build/obj_minim_default/lib/lufa/LUFA/Drivers/USB/Core/USBTask.o
                0x000000000000585a                USB_USBTask
 .text.libgcc.mul
                0x0000000000005890       0x12 /usr/local/Cellar/avr-gcc@8/8.4.0/lib/avr-gcc/8/gcc/avr/8.4.0/avr35/libgcc.a(_mulqi3.o)
                0x0000000000005890                __mulqi3
 .text.libgcc.mul
                0x00000000000058a2       0x22 /usr/local/Cellar/avr-gcc@8/8.4.0/lib/avr-gcc/8/gcc/avr/8.4.0/avr35/libgcc.a(_mulhi3.o)
                0x00000000000058a2                __mulhi3
 .text.libgcc.div
                0x00000000000058c4       0x18 /usr/local/Cellar/avr-gcc@8/8.4.0/lib/avr-gcc/8/gcc/avr/8.4.0/avr35/libgcc.a(_udivmodqi4.o)
                0x00000000000058c4                __udivmodqi4
 .text.libgcc.div
                0x00000000000058dc       0x28 /usr/local/Cellar/avr-gcc@8/8.4.0/lib/avr-gcc/8/gcc/avr/8.4.0/avr35/libgcc.a(_divmodhi4.o)
                0x00000000000058dc                __divmodhi4
                0x00000000000058dc                _div
 .text.libgcc   0x0000000000005904        0xc /usr/local/Cellar/avr-gcc@8/8.4.0/lib/avr-gcc/8/gcc/avr/8.4.0/avr35/libgcc.a(_tablejump2.o)
                0x0000000000005904                __tablejump2__
 .text.libgcc.div
                0x0000000000005910       0x28 /usr/local/Cellar/avr-gcc@8/8.4.0/lib/avr-gcc/8/gcc/avr/8.4.0/avr35/libgcc.a(_udivmodhi4.o)
                0x0000000000005910                __udivmodhi4
 .text.avr-libc
                0x0000000000005938       0x10 /usr/local/Cellar/avr-gcc@8/8.4.0/lib/avr-gcc/8/gcc/avr/8.4.0/../../../../../../avr/lib/avr35/libatmega32u2.a(eerd_byte.o)
                0x0000000000005938                eeprom_read_byte
 .text.avr-libc
                0x0000000000005948        0xc /usr/local/Cellar/avr-gcc@8/8.4.0/lib/avr-gcc/8/gcc/avr/8.4.0/../../../../../../avr/lib/avr35/libatmega32u2.a(eerd_word.o)
                0x0000000000005948                eeprom_read_word
 .text.avr-libc
                0x0000000000005954       0x24 /usr/local/Cellar/avr-gcc@8/8.4.0/lib/avr-gcc/8/gcc/avr/8.4.0/../../../../../../avr/lib/avr35/libatmega32u2.a(eeupd_byte.o)
                0x0000000000005954                eeprom_update_byte
                0x0000000000005956                eeprom_update_r18
 .text.avr-libc
                0x0000000000005978       0x18 /usr/local/Cellar/avr-gcc@8/8.4.0/lib/avr-gcc/8/gcc/avr/8.4.0/../../../../../../avr/lib/avr35/libatmega32u2.a(eeupd_dword.o)
                0x0000000000005978                eeprom_update_dword
                0x0000000000005978                eeprom_update_float
 .text.avr-libc
                0x0000000000005990        0xc /usr/local/Cellar/avr-gcc@8/8.4.0/lib/avr-gcc/8/gcc/avr/8.4.0/../../../../../../avr/lib/avr35/libatmega32u2.a(eeupd_word.o)
                0x0000000000005990                eeprom_update_word
 .text.avr-libc
                0x000000000000599c       0x20 /usr/local/Cellar/avr-gcc@8/8.4.0/lib/avr-gcc/8/gcc/avr/8.4.0/../../../../../../avr/lib/avr35/libatmega32u2.a(eerd_block.o)
                0x000000000000599c                eeprom_read_block
                0x00000000000059a0                eeprom_read_blraw
                0x00000000000059bc                . = ALIGN (0x2)
 *(.fini9)
 .fini9         0x00000000000059bc        0x0 /usr/local/Cellar/avr-gcc@8/8.4.0/lib/avr-gcc/8/gcc/avr/8.4.0/avr35/libgcc.a(_exit.o)
                0x00000000000059bc                exit
                0x00000000000059bc                _exit
 *(.fini9)
 *(.fini8)
 *(.fini8)
 *(.fini7)
 *(.fini7)
 *(.fini6)
 *(.fini6)
 *(.fini5)
 *(.fini5)
 *(.fini4)
 *(.fini4)
 *(.fini3)
 *(.fini3)
 *(.fini2)
 *(.fini2)
 *(.fini1)
 *(.fini1)
 *(.fini0)
 .fini0         0x00000000000059bc        0x4 /usr/local/Cellar/avr-gcc@8/8.4.0/lib/avr-gcc/8/gcc/avr/8.4.0/avr35/libgcc.a(_exit.o)
 *(.fini0)
 *(.hightext)
 *(.hightext*)
 *(.progmemx.*)
                0x00000000000059c0                . = ALIGN (0x2)
 *(.jumptables)
 *(.jumptables*)
 .jumptables.gcc.process_action
                0x00000000000059c0       0x20 .build/obj_minim_default/common/action.o
 .jumptables.gcc.is_tap_action
                0x00000000000059e0       0x1c .build/obj_minim_default/common/action.o
 .jumptables.gcc.USB_Device_ProcessControlRequest
                0x00000000000059fc       0x14 .build/obj_minim_default/lib/lufa/LUFA/Drivers/USB/Core/DeviceStandardReq.o
                0x0000000000005a10                _etext = .

.data           0x0000000000800100       0x3e load address 0x0000000000005a10
                0x0000000000800100                PROVIDE (__data_start = .)
 *(.data)
 *(.data*)
 .data.keyboard_report
                0x0000000000800100        0x2 .build/obj_minim_default/common/action_util.o
                0x0000000000800100                keyboard_report
 .data.mk_wheel_time_to_max
                0x0000000000800102        0x1 .build/obj_minim_default/common/mousekey.o
                0x0000000000800102                mk_wheel_time_to_max
 .data.mk_wheel_max_speed
                0x0000000000800103        0x1 .build/obj_minim_default/common/mousekey.o
                0x0000000000800103                mk_wheel_max_speed
 .data.mk_time_to_max
                0x0000000000800104        0x1 .build/obj_minim_default/common/mousekey.o
                0x0000000000800104                mk_time_to_max
 .data.mk_max_speed
                0x0000000000800105        0x1 .build/obj_minim_default/common/mousekey.o
                0x0000000000800105                mk_max_speed
 .data.mk_interval
                0x0000000000800106        0x1 .build/obj_minim_default/common/mousekey.o
                0x0000000000800106                mk_interval
 .data.mk_delay
                0x0000000000800107        0x1 .build/obj_minim_default/common/mousekey.o
                0x0000000000800107                mk_delay
 .data.lufa_driver
                0x0000000000800108        0xa .build/obj_minim_default/lufa.o
                0x0000000000800108                lufa_driver
 .data.keyboard_protocol
                0x0000000000800112        0x1 .build/obj_minim_default/lufa.o
                0x0000000000800112                keyboard_protocol
 *(.gnu.linkonce.d*)
 *(.rodata)
 *(.rodata*)
 .rodata.col_pins
                0x0000000000800113        0xd .build/obj_minim_default/quantum/matrix.o
 .rodata.row_pins
                0x0000000000800120        0x4 .build/obj_minim_default/quantum/matrix.o
 .rodata.CSWTCH.55
                0x0000000000800124        0xa .build/obj_minim_default/common/command.o
 .rodata.CSWTCH.2
                0x000000000080012e        0x3 .build/obj_minim_default/usb_descriptor.o
 .rodata.CSWTCH.1
                0x0000000000800131        0x6 .build/obj_minim_default/usb_descriptor.o
 .rodata.CSWTCH.0
                0x0000000000800137        0x6 .build/obj_minim_default/usb_descriptor.o
 *(.gnu.linkonce.r*)
                0x000000000080013e                . = ALIGN (0x2)
 *fill*         0x000000000080013d        0x1 
                0x000000000080013e                _edata = .
                0x000000000080013e                PROVIDE (__data_end = .)

.bss            0x000000000080013e       0xca
                0x000000000080013e                PROVIDE (__bss_start = .)
 *(.bss)
 .bss           0x000000000080013e        0x2 .build/obj_minim_default/common/avr/xprintf.o
                0x000000000080013e                xfunc_out
 *(.bss*)
 .bss.grave_esc_was_shifted
                0x0000000000800140        0x1 .build/obj_minim_default/quantum/quantum.o
 .bss.matrix    0x0000000000800141        0x8 .build/obj_minim_default/quantum/matrix.o
 .bss.raw_matrix
                0x0000000000800149        0x8 .build/obj_minim_default/quantum/matrix.o
 .bss.debouncing_time
                0x0000000000800151        0x2 .build/obj_minim_default/quantum/debounce/sym_g.o
 .bss.debouncing
                0x0000000000800153        0x1 .build/obj_minim_default/quantum/debounce/sym_g.o
 .bss.sc_timer  0x0000000000800154        0x2 .build/obj_minim_default/quantum/process_keycode/process_space_cadet.o
 .bss.sc_last   0x0000000000800156        0x1 .build/obj_minim_default/quantum/process_keycode/process_space_cadet.o
 .bss.last_consumer_report
                0x0000000000800157        0x2 .build/obj_minim_default/common/host.o
 .bss.last_system_report
                0x0000000000800159        0x2 .build/obj_minim_default/common/host.o
 .bss.driver    0x000000000080015b        0x2 .build/obj_minim_default/common/host.o
 .bss.led_status.2920
                0x000000000080015d        0x1 .build/obj_minim_default/common/keyboard.o
 .bss.matrix_prev.2919
                0x000000000080015e        0x8 .build/obj_minim_default/common/keyboard.o
 .bss.disable_action_cache
                0x0000000000800166        0x1 .build/obj_minim_default/common/action.o
                0x0000000000800166                disable_action_cache
 .bss.waiting_buffer_tail
                0x0000000000800167        0x1 .build/obj_minim_default/common/action_tapping.o
 .bss.waiting_buffer_head
                0x0000000000800168        0x1 .build/obj_minim_default/common/action_tapping.o
 .bss.waiting_buffer
                0x0000000000800169       0x30 .build/obj_minim_default/common/action_tapping.o
 .bss.tapping_key
                0x0000000000800199        0x6 .build/obj_minim_default/common/action_tapping.o
 .bss.source_layers_cache
                0x000000000080019f       0x23 .build/obj_minim_default/common/action_layer.o
                0x000000000080019f                source_layers_cache
 .bss.layer_state
                0x00000000008001c2        0x4 .build/obj_minim_default/common/action_layer.o
                0x00000000008001c2                layer_state
 .bss.default_layer_state
                0x00000000008001c6        0x4 .build/obj_minim_default/common/action_layer.o
                0x00000000008001c6                default_layer_state
 .bss.oneshot_layer_data
                0x00000000008001ca        0x1 .build/obj_minim_default/common/action_util.o
 .bss.oneshot_mods
                0x00000000008001cb        0x1 .build/obj_minim_default/common/action_util.o
 .bss.__compound_literal.0
                0x00000000008001cc        0x8 .build/obj_minim_default/common/action_util.o
 .bss.macro_mods
                0x00000000008001d4        0x1 .build/obj_minim_default/common/action_util.o
 .bss.weak_mods
                0x00000000008001d5        0x1 .build/obj_minim_default/common/action_util.o
 .bss.real_mods
                0x00000000008001d6        0x1 .build/obj_minim_default/common/action_util.o
 .bss.debug_config
                0x00000000008001d7        0x1 .build/obj_minim_default/common/debug.o
                0x00000000008001d7                debug_config
 .bss.wdt_timeout
                0x00000000008001d8        0x1 .build/obj_minim_default/common/avr/suspend.o
 .bss.last_timer
                0x00000000008001d9        0x2 .build/obj_minim_default/common/mousekey.o
 .bss.mousekey_repeat
                0x00000000008001db        0x1 .build/obj_minim_default/common/mousekey.o
 .bss.mousekey_accel
                0x00000000008001dc        0x1 .build/obj_minim_default/common/mousekey.o
 .bss.mouse_report
                0x00000000008001dd        0x6 .build/obj_minim_default/common/mousekey.o
 .bss.mousekey_param
                0x00000000008001e3        0x1 .build/obj_minim_default/common/command.o
 .bss.command_state
                0x00000000008001e4        0x1 .build/obj_minim_default/common/command.o
                0x00000000008001e4                command_state
 .bss.timeouted.6028
                0x00000000008001e5        0x1 .build/obj_minim_default/lufa.o
 .bss.count.5955
                0x00000000008001e6        0x1 .build/obj_minim_default/lufa.o
 .bss.console_flush
                0x00000000008001e7        0x1 .build/obj_minim_default/lufa.o
 .bss.keyboard_report_sent
                0x00000000008001e8        0x8 .build/obj_minim_default/lufa.o
 .bss.keyboard_led_stats
                0x00000000008001f0        0x1 .build/obj_minim_default/lufa.o
 .bss.keyboard_idle
                0x00000000008001f1        0x1 .build/obj_minim_default/lufa.o
                0x00000000008001f1                keyboard_idle
 .bss.desired_output
                0x00000000008001f2        0x1 .build/obj_minim_default/outputselect.o
                0x00000000008001f2                desired_output
 *(COMMON)
 COMMON         0x00000000008001f3        0x2 .build/obj_minim_default/common/action.o
                0x00000000008001f3                tp_buttons
 COMMON         0x00000000008001f5        0x4 .build/obj_minim_default/common/avr/timer.o
                0x00000000008001f5                timer_count
 COMMON         0x00000000008001f9        0x2 .build/obj_minim_default/common/magic.o
                0x00000000008001f9                keymap_config
 COMMON         0x00000000008001fb        0x3 .build/obj_minim_default/lib/lufa/LUFA/Drivers/USB/Core/DeviceStandardReq.o
                0x00000000008001fb                USB_Device_ConfigurationNumber
                0x00000000008001fc                USB_Device_CurrentlySelfPowered
                0x00000000008001fd                USB_Device_RemoteWakeupEnabled
 COMMON         0x00000000008001fe        0xa .build/obj_minim_default/lib/lufa/LUFA/Drivers/USB/Core/USBTask.o
                0x00000000008001fe                USB_IsInitialized
                0x00000000008001ff                USB_DeviceState
                0x0000000000800200                USB_ControlRequest
                0x0000000000800208                PROVIDE (__bss_end = .)
                0x0000000000005a10                __data_load_start = LOADADDR (.data)
                0x0000000000005a4e                __data_load_end = (__data_load_start + SIZEOF (.data))

.noinit         0x0000000000800208        0x4
                [!provide]                        PROVIDE (__noinit_start = .)
 *(.noinit*)
 .noinit        0x0000000000800208        0x4 .build/obj_minim_default/common/avr/bootloader.o
                0x0000000000800208                reset_key
                [!provide]                        PROVIDE (__noinit_end = .)
                0x000000000080020c                _end = .
                [!provide]                        PROVIDE (__heap_start = .)

.eeprom         0x0000000000810000        0x0
 *(.eeprom*)
                0x0000000000810000                __eeprom_end = .

.fuse
 *(.fuse)
 *(.lfuse)
 *(.hfuse)
 *(.efuse)

.lock
 *(.lock*)

.signature
 *(.signature*)

.stab           0x0000000000000000      0x8b8
 *(.stab)
 .stab          0x0000000000000000      0x8b8 .build/obj_minim_default/common/avr/xprintf.o

.stabstr        0x0000000000000000       0x9a
 *(.stabstr)
 .stabstr       0x0000000000000000       0x9a .build/obj_minim_default/common/avr/xprintf.o

.stab.excl
 *(.stab.excl)

.stab.exclstr
 *(.stab.exclstr)

.stab.index
 *(.stab.index)

.stab.indexstr
 *(.stab.indexstr)

.comment        0x0000000000000000       0x24
 *(.comment)
 .comment       0x0000000000000000       0x24 .build/obj_minim_default/keyboards/minim/keymaps/default/keymap.o
                                         0x25 (size before relaxing)
 .comment       0x0000000000000024       0x25 .build/obj_minim_default/quantum/quantum.o
 .comment       0x0000000000000024       0x25 .build/obj_minim_default/quantum/keymap_common.o
 .comment       0x0000000000000024       0x25 .build/obj_minim_default/quantum/keycode_config.o
 .comment       0x0000000000000024       0x25 .build/obj_minim_default/quantum/matrix.o
 .comment       0x0000000000000024       0x25 .build/obj_minim_default/quantum/debounce/sym_g.o
 .comment       0x0000000000000024       0x25 .build/obj_minim_default/quantum/process_keycode/process_space_cadet.o
 .comment       0x0000000000000024       0x25 .build/obj_minim_default/common/host.o
 .comment       0x0000000000000024       0x25 .build/obj_minim_default/common/keyboard.o
 .comment       0x0000000000000024       0x25 .build/obj_minim_default/common/action.o
 .comment       0x0000000000000024       0x25 .build/obj_minim_default/common/action_tapping.o
 .comment       0x0000000000000024       0x25 .build/obj_minim_default/common/action_macro.o
 .comment       0x0000000000000024       0x25 .build/obj_minim_default/common/action_layer.o
 .comment       0x0000000000000024       0x25 .build/obj_minim_default/common/action_util.o
 .comment       0x0000000000000024       0x25 .build/obj_minim_default/common/print.o
 .comment       0x0000000000000024       0x25 .build/obj_minim_default/common/debug.o
 .comment       0x0000000000000024       0x25 .build/obj_minim_default/common/util.o
 .comment       0x0000000000000024       0x25 .build/obj_minim_default/common/eeconfig.o
 .comment       0x0000000000000024       0x25 .build/obj_minim_default/common/report.o
 .comment       0x0000000000000024       0x25 .build/obj_minim_default/common/avr/suspend.o
 .comment       0x0000000000000024       0x25 .build/obj_minim_default/common/avr/timer.o
 .comment       0x0000000000000024       0x25 .build/obj_minim_default/common/avr/bootloader.o
 .comment       0x0000000000000024       0x25 .build/obj_minim_default/common/magic.o
 .comment       0x0000000000000024       0x25 .build/obj_minim_default/common/mousekey.o
 .comment       0x0000000000000024       0x25 .build/obj_minim_default/common/command.o
 .comment       0x0000000000000024       0x25 .build/obj_minim_default/lufa.o
 .comment       0x0000000000000024       0x25 .build/obj_minim_default/usb_descriptor.o
 .comment       0x0000000000000024       0x25 .build/obj_minim_default/outputselect.o
 .comment       0x0000000000000024       0x25 .build/obj_minim_default/lib/lufa/LUFA/Drivers/USB/Core/AVR8/Device_AVR8.o
 .comment       0x0000000000000024       0x25 .build/obj_minim_default/lib/lufa/LUFA/Drivers/USB/Core/AVR8/EndpointStream_AVR8.o
 .comment       0x0000000000000024       0x25 .build/obj_minim_default/lib/lufa/LUFA/Drivers/USB/Core/AVR8/Endpoint_AVR8.o
 .comment       0x0000000000000024       0x25 .build/obj_minim_default/lib/lufa/LUFA/Drivers/USB/Core/AVR8/USBController_AVR8.o
 .comment       0x0000000000000024       0x25 .build/obj_minim_default/lib/lufa/LUFA/Drivers/USB/Core/AVR8/USBInterrupt_AVR8.o
 .comment       0x0000000000000024       0x25 .build/obj_minim_default/lib/lufa/LUFA/Drivers/USB/Core/DeviceStandardReq.o
 .comment       0x0000000000000024       0x25 .build/obj_minim_default/lib/lufa/LUFA/Drivers/USB/Core/USBTask.o

.note.gnu.avr.deviceinfo
                0x0000000000000000       0x40
 .note.gnu.avr.deviceinfo
                0x0000000000000000       0x40 /usr/local/Cellar/avr-gcc@8/8.4.0/lib/avr-gcc/8/gcc/avr/8.4.0/../../../../../../avr/lib/avr35/crtatmega32u2.o

.note.gnu.build-id
 *(.note.gnu.build-id)

.debug
 *(.debug)

.line
 *(.line)

.debug_srcinfo
 *(.debug_srcinfo)

.debug_sfnames
 *(.debug_sfnames)

.debug_aranges  0x0000000000000000      0xdf8
 *(.debug_aranges)
 .debug_aranges
                0x0000000000000000       0x28 .build/obj_minim_default/keyboards/minim/keymaps/default/keymap.o
 .debug_aranges
                0x0000000000000028      0x130 .build/obj_minim_default/quantum/quantum.o
 .debug_aranges
                0x0000000000000158       0x40 .build/obj_minim_default/quantum/keymap_common.o
 .debug_aranges
                0x0000000000000198       0x28 .build/obj_minim_default/quantum/keycode_config.o
 .debug_aranges
                0x00000000000001c0       0x88 .build/obj_minim_default/quantum/matrix.o
 .debug_aranges
                0x0000000000000248       0x30 .build/obj_minim_default/quantum/debounce/sym_g.o
 .debug_aranges
                0x0000000000000278       0x28 .build/obj_minim_default/quantum/process_keycode/process_space_cadet.o
 .debug_aranges
                0x00000000000002a0       0x68 .build/obj_minim_default/common/host.o
 .debug_aranges
                0x0000000000000308       0x60 .build/obj_minim_default/common/keyboard.o
 .debug_aranges
                0x0000000000000368       0xc0 .build/obj_minim_default/common/action.o
 .debug_aranges
                0x0000000000000428       0x48 .build/obj_minim_default/common/action_tapping.o
 .debug_aranges
                0x0000000000000470       0x20 .build/obj_minim_default/common/action_macro.o
 .debug_aranges
                0x0000000000000490       0xe0 .build/obj_minim_default/common/action_layer.o
 .debug_aranges
                0x0000000000000570      0x140 .build/obj_minim_default/common/action_util.o
 .debug_aranges
                0x00000000000006b0       0x20 .build/obj_minim_default/common/print.o
 .debug_aranges
                0x00000000000006d0       0x18 .build/obj_minim_default/common/debug.o
 .debug_aranges
                0x00000000000006e8       0x60 .build/obj_minim_default/common/util.o
 .debug_aranges
                0x0000000000000748       0xe8 .build/obj_minim_default/common/eeconfig.o
 .debug_aranges
                0x0000000000000830       0x50 .build/obj_minim_default/common/report.o
 .debug_aranges
                0x0000000000000880       0x58 .build/obj_minim_default/common/avr/suspend.o
 .debug_aranges
                0x00000000000008d8       0x50 .build/obj_minim_default/common/avr/timer.o
 .debug_aranges
                0x0000000000000928       0x28 .build/obj_minim_default/common/avr/bootloader.o
 .debug_aranges
                0x0000000000000950       0x20 .build/obj_minim_default/common/magic.o
 .debug_aranges
                0x0000000000000970       0x50 .build/obj_minim_default/common/mousekey.o
 .debug_aranges
                0x00000000000009c0       0x58 .build/obj_minim_default/common/command.o
 .debug_aranges
                0x0000000000000a18       0x98 .build/obj_minim_default/lufa.o
 .debug_aranges
                0x0000000000000ab0       0x20 .build/obj_minim_default/usb_descriptor.o
 .debug_aranges
                0x0000000000000ad0       0x38 .build/obj_minim_default/outputselect.o
 .debug_aranges
                0x0000000000000b08       0x20 .build/obj_minim_default/lib/lufa/LUFA/Drivers/USB/Core/AVR8/Device_AVR8.o
 .debug_aranges
                0x0000000000000b28       0xc8 .build/obj_minim_default/lib/lufa/LUFA/Drivers/USB/Core/AVR8/EndpointStream_AVR8.o
 .debug_aranges
                0x0000000000000bf0       0x40 .build/obj_minim_default/lib/lufa/LUFA/Drivers/USB/Core/AVR8/Endpoint_AVR8.o
 .debug_aranges
                0x0000000000000c30       0x30 .build/obj_minim_default/lib/lufa/LUFA/Drivers/USB/Core/AVR8/USBController_AVR8.o
 .debug_aranges
                0x0000000000000c60       0x38 .build/obj_minim_default/lib/lufa/LUFA/Drivers/USB/Core/AVR8/USBInterrupt_AVR8.o
 .debug_aranges
                0x0000000000000c98       0x20 .build/obj_minim_default/lib/lufa/LUFA/Drivers/USB/Core/DeviceStandardReq.o
 .debug_aranges
                0x0000000000000cb8       0x20 .build/obj_minim_default/lib/lufa/LUFA/Drivers/USB/Core/USBTask.o
 .debug_aranges
                0x0000000000000cd8       0x20 /usr/local/Cellar/avr-gcc@8/8.4.0/lib/avr-gcc/8/gcc/avr/8.4.0/avr35/libgcc.a(_mulqi3.o)
 .debug_aranges
                0x0000000000000cf8       0x20 /usr/local/Cellar/avr-gcc@8/8.4.0/lib/avr-gcc/8/gcc/avr/8.4.0/avr35/libgcc.a(_mulhi3.o)
 .debug_aranges
                0x0000000000000d18       0x20 /usr/local/Cellar/avr-gcc@8/8.4.0/lib/avr-gcc/8/gcc/avr/8.4.0/avr35/libgcc.a(_udivmodqi4.o)
 .debug_aranges
                0x0000000000000d38       0x20 /usr/local/Cellar/avr-gcc@8/8.4.0/lib/avr-gcc/8/gcc/avr/8.4.0/avr35/libgcc.a(_divmodhi4.o)
 .debug_aranges
                0x0000000000000d58       0x20 /usr/local/Cellar/avr-gcc@8/8.4.0/lib/avr-gcc/8/gcc/avr/8.4.0/avr35/libgcc.a(_exit.o)
 .debug_aranges
                0x0000000000000d78       0x20 /usr/local/Cellar/avr-gcc@8/8.4.0/lib/avr-gcc/8/gcc/avr/8.4.0/avr35/libgcc.a(_tablejump2.o)
 .debug_aranges
                0x0000000000000d98       0x20 /usr/local/Cellar/avr-gcc@8/8.4.0/lib/avr-gcc/8/gcc/avr/8.4.0/avr35/libgcc.a(_copy_data.o)
 .debug_aranges
                0x0000000000000db8       0x20 /usr/local/Cellar/avr-gcc@8/8.4.0/lib/avr-gcc/8/gcc/avr/8.4.0/avr35/libgcc.a(_clear_bss.o)
 .debug_aranges
                0x0000000000000dd8       0x20 /usr/local/Cellar/avr-gcc@8/8.4.0/lib/avr-gcc/8/gcc/avr/8.4.0/avr35/libgcc.a(_udivmodhi4.o)

.debug_pubnames
 *(.debug_pubnames)

.debug_info     0x0000000000000000    0x1aa0a
 *(.debug_info .gnu.linkonce.wi.*)
 .debug_info    0x0000000000000000      0x6ba /usr/local/Cellar/avr-gcc@8/8.4.0/lib/avr-gcc/8/gcc/avr/8.4.0/../../../../../../avr/lib/avr35/crtatmega32u2.o
 .debug_info    0x00000000000006ba     0x138a .build/obj_minim_default/keyboards/minim/keymaps/default/keymap.o
 .debug_info    0x0000000000001a44     0x2878 .build/obj_minim_default/quantum/quantum.o
 .debug_info    0x00000000000042bc     0x1d21 .build/obj_minim_default/quantum/keymap_common.o
 .debug_info    0x0000000000005fdd      0x63c .build/obj_minim_default/quantum/keycode_config.o
 .debug_info    0x0000000000006619      0xb9a .build/obj_minim_default/quantum/matrix.o
 .debug_info    0x00000000000071b3      0x552 .build/obj_minim_default/quantum/debounce/sym_g.o
 .debug_info    0x0000000000007705     0x147b .build/obj_minim_default/quantum/process_keycode/process_space_cadet.o
 .debug_info    0x0000000000008b80      0x6b6 .build/obj_minim_default/common/host.o
 .debug_info    0x0000000000009236      0x83b .build/obj_minim_default/common/keyboard.o
 .debug_info    0x0000000000009a71     0x1f86 .build/obj_minim_default/common/action.o
 .debug_info    0x000000000000b9f7     0x1050 .build/obj_minim_default/common/action_tapping.o
 .debug_info    0x000000000000ca47      0x951 .build/obj_minim_default/common/action_macro.o
 .debug_info    0x000000000000d398      0xd5f .build/obj_minim_default/common/action_layer.o
 .debug_info    0x000000000000e0f7      0xb97 .build/obj_minim_default/common/action_util.o
 .debug_info    0x000000000000ec8e       0xdf .build/obj_minim_default/common/print.o
 .debug_info    0x000000000000ed6d      0x130 .build/obj_minim_default/common/debug.o
 .debug_info    0x000000000000ee9d      0x2f9 .build/obj_minim_default/common/util.o
 .debug_info    0x000000000000f196      0x8c1 .build/obj_minim_default/common/eeconfig.o
 .debug_info    0x000000000000fa57      0x532 .build/obj_minim_default/common/report.o
 .debug_info    0x000000000000ff89      0x729 .build/obj_minim_default/common/avr/suspend.o
 .debug_info    0x00000000000106b2      0x43e .build/obj_minim_default/common/avr/timer.o
 .debug_info    0x0000000000010af0      0x3c7 .build/obj_minim_default/common/avr/bootloader.o
 .debug_info    0x0000000000010eb7      0x3a1 .build/obj_minim_default/common/magic.o
 .debug_info    0x0000000000011258      0x776 .build/obj_minim_default/common/mousekey.o
 .debug_info    0x00000000000119ce     0x1c4a .build/obj_minim_default/common/command.o
 .debug_info    0x0000000000013618     0x1e68 .build/obj_minim_default/lufa.o
 .debug_info    0x0000000000015480      0xa29 .build/obj_minim_default/usb_descriptor.o
 .debug_info    0x0000000000015ea9      0x52a .build/obj_minim_default/outputselect.o
 .debug_info    0x00000000000163d3      0x1c0 .build/obj_minim_default/lib/lufa/LUFA/Drivers/USB/Core/AVR8/Device_AVR8.o