   1               		.file	"keymap_common.c"
   2               	__SP_H__ = 0x3e
   3               	__SP_L__ = 0x3d
   4               	__SREG__ = 0x3f
   5               	__tmp_reg__ = 0
   6               	__zero_reg__ = 1
   7               		.text
   8               	.Ltext0:
   9               		.cfi_sections	.debug_frame
  10               		.section	.text.action_get_macro,"ax",@progbits
  11               		.weak	action_get_macro
  13               	action_get_macro:
  14               	.LVL0:
  15               	.LFB21:
  16               		.file 1 "quantum/keymap_common.c"
   1:quantum/keymap_common.c **** /*
   2:quantum/keymap_common.c **** Copyright 2012-2017 Jun Wako <wakojun@gmail.com>
   3:quantum/keymap_common.c **** 
   4:quantum/keymap_common.c **** This program is free software: you can redistribute it and/or modify
   5:quantum/keymap_common.c **** it under the terms of the GNU General Public License as published by
   6:quantum/keymap_common.c **** the Free Software Foundation, either version 2 of the License, or
   7:quantum/keymap_common.c **** (at your option) any later version.
   8:quantum/keymap_common.c **** 
   9:quantum/keymap_common.c **** This program is distributed in the hope that it will be useful,
  10:quantum/keymap_common.c **** but WITHOUT ANY WARRANTY; without even the implied warranty of
  11:quantum/keymap_common.c **** MERCHANTABILITY or FITNESS FOR A PARTICULAR PURPOSE.  See the
  12:quantum/keymap_common.c **** GNU General Public License for more details.
  13:quantum/keymap_common.c **** 
  14:quantum/keymap_common.c **** You should have received a copy of the GNU General Public License
  15:quantum/keymap_common.c **** along with this program.  If not, see <http://www.gnu.org/licenses/>.
  16:quantum/keymap_common.c **** */
  17:quantum/keymap_common.c **** 
  18:quantum/keymap_common.c **** #include "keymap.h"
  19:quantum/keymap_common.c **** #include "report.h"
  20:quantum/keymap_common.c **** #include "keycode.h"
  21:quantum/keymap_common.c **** #include "action_layer.h"
  22:quantum/keymap_common.c **** #if defined(__AVR__)
  23:quantum/keymap_common.c **** #    include <util/delay.h>
  24:quantum/keymap_common.c **** #    include <stdio.h>
  25:quantum/keymap_common.c **** #endif
  26:quantum/keymap_common.c **** #include "action.h"
  27:quantum/keymap_common.c **** #include "action_macro.h"
  28:quantum/keymap_common.c **** #include "debug.h"
  29:quantum/keymap_common.c **** #include "quantum.h"
  30:quantum/keymap_common.c **** 
  31:quantum/keymap_common.c **** #ifdef BACKLIGHT_ENABLE
  32:quantum/keymap_common.c **** #    include "backlight.h"
  33:quantum/keymap_common.c **** #endif
  34:quantum/keymap_common.c **** 
  35:quantum/keymap_common.c **** #ifdef MIDI_ENABLE
  36:quantum/keymap_common.c **** #    include "process_midi.h"
  37:quantum/keymap_common.c **** #endif
  38:quantum/keymap_common.c **** 
  39:quantum/keymap_common.c **** extern keymap_config_t keymap_config;
  40:quantum/keymap_common.c **** 
  41:quantum/keymap_common.c **** #include <inttypes.h>
  42:quantum/keymap_common.c **** 
  43:quantum/keymap_common.c **** /* converts key to action */
  44:quantum/keymap_common.c **** action_t action_for_key(uint8_t layer, keypos_t key) {
  45:quantum/keymap_common.c ****     // 16bit keycodes - important
  46:quantum/keymap_common.c ****     uint16_t keycode = keymap_key_to_keycode(layer, key);
  47:quantum/keymap_common.c **** 
  48:quantum/keymap_common.c ****     // keycode remapping
  49:quantum/keymap_common.c ****     keycode = keycode_config(keycode);
  50:quantum/keymap_common.c **** 
  51:quantum/keymap_common.c ****     action_t action;
  52:quantum/keymap_common.c ****     uint8_t  action_layer, when, mod;
  53:quantum/keymap_common.c **** 
  54:quantum/keymap_common.c ****     switch (keycode) {
  55:quantum/keymap_common.c ****         case KC_FN0 ... KC_FN31:
  56:quantum/keymap_common.c ****             action.code = keymap_function_id_to_action(FN_INDEX(keycode));
  57:quantum/keymap_common.c ****             break;
  58:quantum/keymap_common.c ****         case KC_A ... KC_EXSEL:
  59:quantum/keymap_common.c ****         case KC_LCTRL ... KC_RGUI:
  60:quantum/keymap_common.c ****             action.code = ACTION_KEY(keycode);
  61:quantum/keymap_common.c ****             break;
  62:quantum/keymap_common.c ****         case KC_SYSTEM_POWER ... KC_SYSTEM_WAKE:
  63:quantum/keymap_common.c ****             action.code = ACTION_USAGE_SYSTEM(KEYCODE2SYSTEM(keycode));
  64:quantum/keymap_common.c ****             break;
  65:quantum/keymap_common.c ****         case KC_AUDIO_MUTE ... KC_BRIGHTNESS_DOWN:
  66:quantum/keymap_common.c ****             action.code = ACTION_USAGE_CONSUMER(KEYCODE2CONSUMER(keycode));
  67:quantum/keymap_common.c ****             break;
  68:quantum/keymap_common.c ****         case KC_MS_UP ... KC_MS_ACCEL2:
  69:quantum/keymap_common.c ****             action.code = ACTION_MOUSEKEY(keycode);
  70:quantum/keymap_common.c ****             break;
  71:quantum/keymap_common.c ****         case KC_TRNS:
  72:quantum/keymap_common.c ****             action.code = ACTION_TRANSPARENT;
  73:quantum/keymap_common.c ****             break;
  74:quantum/keymap_common.c ****         case QK_MODS ... QK_MODS_MAX:;
  75:quantum/keymap_common.c ****             // Has a modifier
  76:quantum/keymap_common.c ****             // Split it up
  77:quantum/keymap_common.c ****             action.code = ACTION_MODS_KEY(keycode >> 8, keycode & 0xFF);  // adds modifier to key
  78:quantum/keymap_common.c ****             break;
  79:quantum/keymap_common.c ****         case QK_FUNCTION ... QK_FUNCTION_MAX:;
  80:quantum/keymap_common.c ****             // Is a shortcut for function action_layer, pull last 12bits
  81:quantum/keymap_common.c ****             // This means we have 4,096 FN macros at our disposal
  82:quantum/keymap_common.c ****             action.code = keymap_function_id_to_action((int)keycode & 0xFFF);
  83:quantum/keymap_common.c ****             break;
  84:quantum/keymap_common.c ****         case QK_MACRO ... QK_MACRO_MAX:
  85:quantum/keymap_common.c ****             if (keycode & 0x800)  // tap macros have upper bit set
  86:quantum/keymap_common.c ****                 action.code = ACTION_MACRO_TAP(keycode & 0xFF);
  87:quantum/keymap_common.c ****             else
  88:quantum/keymap_common.c ****                 action.code = ACTION_MACRO(keycode & 0xFF);
  89:quantum/keymap_common.c ****             break;
  90:quantum/keymap_common.c ****         case QK_LAYER_TAP ... QK_LAYER_TAP_MAX:
  91:quantum/keymap_common.c ****             action.code = ACTION_LAYER_TAP_KEY((keycode >> 0x8) & 0xF, keycode & 0xFF);
  92:quantum/keymap_common.c ****             break;
  93:quantum/keymap_common.c ****         case QK_TO ... QK_TO_MAX:;
  94:quantum/keymap_common.c ****             // Layer set "GOTO"
  95:quantum/keymap_common.c ****             when         = (keycode >> 0x4) & 0x3;
  96:quantum/keymap_common.c ****             action_layer = keycode & 0xF;
  97:quantum/keymap_common.c ****             action.code  = ACTION_LAYER_SET(action_layer, when);
  98:quantum/keymap_common.c ****             break;
  99:quantum/keymap_common.c ****         case QK_MOMENTARY ... QK_MOMENTARY_MAX:;
 100:quantum/keymap_common.c ****             // Momentary action_layer
 101:quantum/keymap_common.c ****             action_layer = keycode & 0xFF;
 102:quantum/keymap_common.c ****             action.code  = ACTION_LAYER_MOMENTARY(action_layer);
 103:quantum/keymap_common.c ****             break;
 104:quantum/keymap_common.c ****         case QK_DEF_LAYER ... QK_DEF_LAYER_MAX:;
 105:quantum/keymap_common.c ****             // Set default action_layer
 106:quantum/keymap_common.c ****             action_layer = keycode & 0xFF;
 107:quantum/keymap_common.c ****             action.code  = ACTION_DEFAULT_LAYER_SET(action_layer);
 108:quantum/keymap_common.c ****             break;
 109:quantum/keymap_common.c ****         case QK_TOGGLE_LAYER ... QK_TOGGLE_LAYER_MAX:;
 110:quantum/keymap_common.c ****             // Set toggle
 111:quantum/keymap_common.c ****             action_layer = keycode & 0xFF;
 112:quantum/keymap_common.c ****             action.code  = ACTION_LAYER_TOGGLE(action_layer);
 113:quantum/keymap_common.c ****             break;
 114:quantum/keymap_common.c ****         case QK_ONE_SHOT_LAYER ... QK_ONE_SHOT_LAYER_MAX:;
 115:quantum/keymap_common.c ****             // OSL(action_layer) - One-shot action_layer
 116:quantum/keymap_common.c ****             action_layer = keycode & 0xFF;
 117:quantum/keymap_common.c ****             action.code  = ACTION_LAYER_ONESHOT(action_layer);
 118:quantum/keymap_common.c ****             break;
 119:quantum/keymap_common.c ****         case QK_ONE_SHOT_MOD ... QK_ONE_SHOT_MOD_MAX:;
 120:quantum/keymap_common.c ****             // OSM(mod) - One-shot mod
 121:quantum/keymap_common.c ****             mod         = mod_config(keycode & 0xFF);
 122:quantum/keymap_common.c ****             action.code = ACTION_MODS_ONESHOT(mod);
 123:quantum/keymap_common.c ****             break;
 124:quantum/keymap_common.c ****         case QK_LAYER_TAP_TOGGLE ... QK_LAYER_TAP_TOGGLE_MAX:
 125:quantum/keymap_common.c ****             action.code = ACTION_LAYER_TAP_TOGGLE(keycode & 0xFF);
 126:quantum/keymap_common.c ****             break;
 127:quantum/keymap_common.c ****         case QK_LAYER_MOD ... QK_LAYER_MOD_MAX:
 128:quantum/keymap_common.c ****             mod          = mod_config(keycode & 0xF);
 129:quantum/keymap_common.c ****             action_layer = (keycode >> 4) & 0xF;
 130:quantum/keymap_common.c ****             action.code  = ACTION_LAYER_MODS(action_layer, mod);
 131:quantum/keymap_common.c ****             break;
 132:quantum/keymap_common.c ****         case QK_MOD_TAP ... QK_MOD_TAP_MAX:
 133:quantum/keymap_common.c ****             mod         = mod_config((keycode >> 0x8) & 0x1F);
 134:quantum/keymap_common.c ****             action.code = ACTION_MODS_TAP_KEY(mod, keycode & 0xFF);
 135:quantum/keymap_common.c ****             break;
 136:quantum/keymap_common.c **** #ifdef BACKLIGHT_ENABLE
 137:quantum/keymap_common.c ****         case BL_ON:
 138:quantum/keymap_common.c ****             action.code = ACTION_BACKLIGHT_ON();
 139:quantum/keymap_common.c ****             break;
 140:quantum/keymap_common.c ****         case BL_OFF:
 141:quantum/keymap_common.c ****             action.code = ACTION_BACKLIGHT_OFF();
 142:quantum/keymap_common.c ****             break;
 143:quantum/keymap_common.c ****         case BL_DEC:
 144:quantum/keymap_common.c ****             action.code = ACTION_BACKLIGHT_DECREASE();
 145:quantum/keymap_common.c ****             break;
 146:quantum/keymap_common.c ****         case BL_INC:
 147:quantum/keymap_common.c ****             action.code = ACTION_BACKLIGHT_INCREASE();
 148:quantum/keymap_common.c ****             break;
 149:quantum/keymap_common.c ****         case BL_TOGG:
 150:quantum/keymap_common.c ****             action.code = ACTION_BACKLIGHT_TOGGLE();
 151:quantum/keymap_common.c ****             break;
 152:quantum/keymap_common.c ****         case BL_STEP:
 153:quantum/keymap_common.c ****             action.code = ACTION_BACKLIGHT_STEP();
 154:quantum/keymap_common.c ****             break;
 155:quantum/keymap_common.c **** #endif
 156:quantum/keymap_common.c **** #ifdef SWAP_HANDS_ENABLE
 157:quantum/keymap_common.c ****         case QK_SWAP_HANDS ... QK_SWAP_HANDS_MAX:
 158:quantum/keymap_common.c ****             action.code = ACTION(ACT_SWAP_HANDS, keycode & 0xff);
 159:quantum/keymap_common.c ****             break;
 160:quantum/keymap_common.c **** #endif
 161:quantum/keymap_common.c **** 
 162:quantum/keymap_common.c ****         default:
 163:quantum/keymap_common.c ****             action.code = ACTION_NO;
 164:quantum/keymap_common.c ****             break;
 165:quantum/keymap_common.c ****     }
 166:quantum/keymap_common.c ****     return action;
 167:quantum/keymap_common.c **** }
 168:quantum/keymap_common.c **** 
 169:quantum/keymap_common.c **** __attribute__((weak)) const uint16_t PROGMEM fn_actions[] = {
 170:quantum/keymap_common.c **** 
 171:quantum/keymap_common.c **** };
 172:quantum/keymap_common.c **** 
 173:quantum/keymap_common.c **** /* Macro */
 174:quantum/keymap_common.c **** __attribute__((weak)) const macro_t *action_get_macro(keyrecord_t *record, uint8_t id, uint8_t opt)
  17               		.loc 1 174 101 view -0
  18               		.cfi_startproc
  19               	/* prologue: function */
  20               	/* frame size = 0 */
  21               	/* stack size = 0 */
  22               	.L__stack_usage = 0
  23               		.loc 1 174 103 view .LVU1
  24               		.loc 1 174 1 is_stmt 0 view .LVU2
  25 0000 90E0      		ldi r25,0
  26 0002 80E0      		ldi r24,0
  27               	.LVL1:
  28               	/* epilogue start */
  29               		.loc 1 174 1 view .LVU3
  30 0004 0895      		ret
  31               		.cfi_endproc
  32               	.LFE21:
  34               		.section	.text.action_function,"ax",@progbits
  35               		.weak	action_function
  37               	action_function:
  38               	.LVL2:
  39               	.LFB22:
 175:quantum/keymap_common.c **** 
 176:quantum/keymap_common.c **** /* Function */
 177:quantum/keymap_common.c **** __attribute__((weak)) void action_function(keyrecord_t *record, uint8_t id, uint8_t opt) {}
  40               		.loc 1 177 90 is_stmt 1 view -0
  41               		.cfi_startproc
  42               	/* prologue: function */
  43               	/* frame size = 0 */
  44               	/* stack size = 0 */
  45               	.L__stack_usage = 0
  46               		.loc 1 177 91 view .LVU5
  47               	/* epilogue start */
  48               		.loc 1 177 1 is_stmt 0 view .LVU6
  49 0000 0895      		ret
  50               		.cfi_endproc
  51               	.LFE22:
  53               		.section	.text.keymap_key_to_keycode,"ax",@progbits
  54               		.weak	keymap_key_to_keycode
  56               	keymap_key_to_keycode:
  57               	.LVL3:
  58               	.LFB23:
 178:quantum/keymap_common.c **** 
 179:quantum/keymap_common.c **** // translates key to keycode
 180:quantum/keymap_common.c **** __attribute__((weak)) uint16_t keymap_key_to_keycode(uint8_t layer, keypos_t key) {
  59               		.loc 1 180 83 is_stmt 1 view -0
  60               		.cfi_startproc
  61               	/* prologue: function */
  62               	/* frame size = 0 */
  63               	/* stack size = 0 */
  64               	.L__stack_usage = 0
  65               		.loc 1 180 83 is_stmt 0 view .LVU8
  66 0000 282F      		mov r18,r24
  67 0002 E62F      		mov r30,r22
 181:quantum/keymap_common.c ****     // Read entire word (16bits)
 182:quantum/keymap_common.c ****     return pgm_read_word(&keymaps[(layer)][(key.row)][(key.col)]);
  68               		.loc 1 182 5 is_stmt 1 view .LVU9
  69               	.LBB2:
  70               		.loc 1 182 12 view .LVU10
  71               		.loc 1 182 12 is_stmt 0 view .LVU11
  72 0004 872F      		mov r24,r23
  73               	.LVL4:
  74               		.loc 1 182 12 view .LVU12
  75 0006 90E0      		ldi r25,0
  76 0008 6DE0      		ldi r22,lo8(13)
  77 000a 70E0      		ldi r23,0
  78               	.LVL5:
  79               		.loc 1 182 12 view .LVU13
  80 000c 0E94 0000 		call __mulhi3
  81 0010 E80F      		add r30,r24
  82 0012 F92F      		mov r31,r25
  83 0014 F11D      		adc r31,__zero_reg__
  84               	.LVL6:
  85               		.loc 1 182 12 view .LVU14
  86 0016 822F      		mov r24,r18
  87 0018 90E0      		ldi r25,0
  88 001a 64E3      		ldi r22,lo8(52)
  89 001c 70E0      		ldi r23,0
  90 001e 0E94 0000 		call __mulhi3
  91 0022 E80F      		add r30,r24
  92 0024 F91F      		adc r31,r25
  93 0026 EE0F      		lsl r30
  94 0028 FF1F      		rol r31
  95 002a E050      		subi r30,lo8(-(keymaps))
  96 002c F040      		sbci r31,hi8(-(keymaps))
  97               	.LVL7:
  98               		.loc 1 182 12 is_stmt 1 view .LVU15
  99               		.loc 1 182 12 view .LVU16
 100               	/* #APP */
 101               	 ;  182 "quantum/keymap_common.c" 1
 102 002e 8591      		lpm r24, Z+
 103 0030 9491      		lpm r25, Z
 104               		
 105               	 ;  0 "" 2
 106               	.LVL8:
 107               		.loc 1 182 12 view .LVU17
 108               	/* #NOAPP */
 109               	/* epilogue start */
 110               	.LBE2:
 183:quantum/keymap_common.c **** }
 111               		.loc 1 183 1 is_stmt 0 view .LVU18
 112 0032 0895      		ret
 113               		.cfi_endproc
 114               	.LFE23:
 116               		.section	.text.keymap_function_id_to_action,"ax",@progbits
 117               		.weak	keymap_function_id_to_action
 119               	keymap_function_id_to_action:
 120               	.LVL9:
 121               	.LFB24:
 184:quantum/keymap_common.c **** 
 185:quantum/keymap_common.c **** // translates function id to action
 186:quantum/keymap_common.c **** __attribute__((weak)) uint16_t keymap_function_id_to_action(uint16_t function_id) {
 122               		.loc 1 186 83 is_stmt 1 view -0
 123               		.cfi_startproc
 124               	/* prologue: function */
 125               	/* frame size = 0 */
 126               	/* stack size = 0 */
 127               	.L__stack_usage = 0
 187:quantum/keymap_common.c **** // The compiler sees the empty (weak) fn_actions and generates a warning
 188:quantum/keymap_common.c **** // This function should not be called in that case, so the warning is too strict
 189:quantum/keymap_common.c **** // If this function is called however, the keymap should have overridden fn_actions, and then the c
 190:quantum/keymap_common.c **** // is comparing against the wrong array
 191:quantum/keymap_common.c **** #pragma GCC diagnostic push
 192:quantum/keymap_common.c **** #pragma GCC diagnostic ignored "-Warray-bounds"
 193:quantum/keymap_common.c ****     return pgm_read_word(&fn_actions[function_id]);
 128               		.loc 1 193 5 view .LVU20
 129               	.LBB3:
 130               		.loc 1 193 12 view .LVU21
 131 0000 FC01      		movw r30,r24
 132 0002 EE0F      		lsl r30
 133 0004 FF1F      		rol r31
 134               	.LVL10:
 135               		.loc 1 193 12 is_stmt 0 view .LVU22
 136 0006 E050      		subi r30,lo8(-(fn_actions))
 137 0008 F040      		sbci r31,hi8(-(fn_actions))
 138               	.LVL11:
 139               		.loc 1 193 12 is_stmt 1 view .LVU23
 140               		.loc 1 193 12 view .LVU24
 141               	/* #APP */
 142               	 ;  193 "quantum/keymap_common.c" 1
 143 000a 8591      		lpm r24, Z+
 144 000c 9491      		lpm r25, Z
 145               		
 146               	 ;  0 "" 2
 147               	.LVL12:
 148               		.loc 1 193 12 view .LVU25
 149               	/* #NOAPP */
 150               	/* epilogue start */
 151               	.LBE3:
 194:quantum/keymap_common.c **** #pragma GCC diagnostic pop
 195:quantum/keymap_common.c **** }
 152               		.loc 1 195 1 is_stmt 0 view .LVU26
 153 000e 0895      		ret
 154               		.cfi_endproc
 155               	.LFE24:
 157               		.section	.text.action_for_key,"ax",@progbits
 158               	.global	action_for_key
 160               	action_for_key:
 161               	.LVL13:
 162               	.LFB20:
  44:quantum/keymap_common.c ****     // 16bit keycodes - important
 163               		.loc 1 44 54 is_stmt 1 view -0
 164               		.cfi_startproc
  44:quantum/keymap_common.c ****     // 16bit keycodes - important
 165               		.loc 1 44 54 is_stmt 0 view .LVU28
 166 0000 CF93      		push r28
 167               	.LCFI0:
 168               		.cfi_def_cfa_offset 3
 169               		.cfi_offset 28, -2
 170 0002 DF93      		push r29
 171               	.LCFI1:
 172               		.cfi_def_cfa_offset 4
 173               		.cfi_offset 29, -3
 174               	/* prologue: function */
 175               	/* frame size = 0 */
 176               	/* stack size = 2 */
 177               	.L__stack_usage = 2
  46:quantum/keymap_common.c **** 
 178               		.loc 1 46 5 is_stmt 1 view .LVU29
  46:quantum/keymap_common.c **** 
 179               		.loc 1 46 24 is_stmt 0 view .LVU30
 180 0004 0E94 0000 		call keymap_key_to_keycode
 181               	.LVL14:
  49:quantum/keymap_common.c **** 
 182               		.loc 1 49 5 is_stmt 1 view .LVU31
  49:quantum/keymap_common.c **** 
 183               		.loc 1 49 15 is_stmt 0 view .LVU32
 184 0008 0E94 0000 		call keycode_config
 185               	.LVL15:
  49:quantum/keymap_common.c **** 
 186               		.loc 1 49 15 view .LVU33
 187 000c EC01      		movw r28,r24
 188               	.LVL16:
  51:quantum/keymap_common.c ****     uint8_t  action_layer, when, mod;
 189               		.loc 1 51 5 is_stmt 1 view .LVU34
  52:quantum/keymap_common.c **** 
 190               		.loc 1 52 5 view .LVU35
  54:quantum/keymap_common.c ****         case KC_FN0 ... KC_FN31:
 191               		.loc 1 54 5 view .LVU36
 192 000e 8115      		cp r24,__zero_reg__
 193 0010 20E5      		ldi r18,80
 194 0012 9207      		cpc r25,r18
 195 0014 00F0      		brlo .+2
 196 0016 00C0      		rjmp .L6
 197 0018 8115      		cp r24,__zero_reg__
 198 001a 30E4      		ldi r19,64
 199 001c 9307      		cpc r25,r19
 200 001e 00F0      		brlo .+2
 201 0020 00C0      		rjmp .L7
 202 0022 883E      		cpi r24,-24
 203 0024 9105      		cpc r25,__zero_reg__
 204 0026 00F4      		brsh .L8
 205 0028 803E      		cpi r24,-32
 206 002a 9105      		cpc r25,__zero_reg__
 207 002c 00F0      		brlo .+2
 208 002e 00C0      		rjmp .L9
 209 0030 883A      		cpi r24,-88
 210 0032 9105      		cpc r25,__zero_reg__
 211 0034 00F4      		brsh .L10
 212 0036 853A      		cpi r24,-91
 213 0038 9105      		cpc r25,__zero_reg__
 214 003a 00F0      		brlo .+2
 215 003c 00C0      		rjmp .L11
 216 003e 8130      		cpi r24,1
 217 0040 9105      		cpc r25,__zero_reg__
 218 0042 01F4      		brne .+2
 219 0044 00C0      		rjmp .L9
 220 0046 0097      		sbiw r24,0
 221 0048 01F4      		brne .+2
 222 004a 00C0      		rjmp .L9
 223 004c 0497      		sbiw r24,4
 224 004e 00F0      		brlo .+2
 225 0050 00C0      		rjmp .L9
 226               	.LVL17:
 227               	.L36:
 163:quantum/keymap_common.c ****             break;
 228               		.loc 1 163 25 is_stmt 0 view .LVU37
 229 0052 D0E0      		ldi r29,0
 230 0054 C0E0      		ldi r28,0
 231 0056 00C0      		rjmp .L9
 232               	.LVL18:
 233               	.L10:
  54:quantum/keymap_common.c ****         case KC_FN0 ... KC_FN31:
 234               		.loc 1 54 5 view .LVU38
 235 0058 8F3B      		cpi r24,-65
 236 005a 9105      		cpc r25,__zero_reg__
 237 005c 00F4      		brsh .+2
 238 005e 00C0      		rjmp .L12
  56:quantum/keymap_common.c ****             break;
 239               		.loc 1 56 27 view .LVU39
 240 0060 805C      		subi r24,-64
 241 0062 9109      		sbc r25,__zero_reg__
 242               	.LVL19:
  54:quantum/keymap_common.c ****         case KC_FN0 ... KC_FN31:
 243               		.loc 1 54 5 view .LVU40
 244 0064 C03C      		cpi r28,-64
 245 0066 D105      		cpc r29,__zero_reg__
 246 0068 00F0      		brlo .L36
 247               	.L76:
  82:quantum/keymap_common.c ****             break;
 248               		.loc 1 82 27 view .LVU41
 249 006a 0E94 0000 		call keymap_function_id_to_action
 250               	.LVL20:
  82:quantum/keymap_common.c ****             break;
 251               		.loc 1 82 27 view .LVU42
 252 006e EC01      		movw r28,r24
 253               	.LVL21:
  83:quantum/keymap_common.c ****         case QK_MACRO ... QK_MACRO_MAX:
 254               		.loc 1 83 13 is_stmt 1 view .LVU43
 255 0070 00C0      		rjmp .L9
 256               	.LVL22:
 257               	.L8:
  54:quantum/keymap_common.c ****         case KC_FN0 ... KC_FN31:
 258               		.loc 1 54 5 is_stmt 0 view .LVU44
 259 0072 8115      		cp r24,__zero_reg__
 260 0074 40E2      		ldi r20,32
 261 0076 9407      		cpc r25,r20
 262 0078 00F4      		brsh .L14
 263 007a C115      		cp r28,__zero_reg__
 264 007c 81E0      		ldi r24,1
 265 007e D807      		cpc r29,r24
 266               	.LVL23:
  54:quantum/keymap_common.c ****         case KC_FN0 ... KC_FN31:
 267               		.loc 1 54 5 view .LVU45
 268 0080 00F0      		brlo .+2
 269 0082 00C0      		rjmp .L9
 270 0084 C03F      		cpi r28,-16
 271 0086 D105      		cpc r29,__zero_reg__
 272 0088 00F0      		brlo .L36
  69:quantum/keymap_common.c ****             break;
 273               		.loc 1 69 13 is_stmt 1 view .LVU46
 274               	.LVL24:
  69:quantum/keymap_common.c ****             break;
 275               		.loc 1 69 27 is_stmt 0 view .LVU47
 276 008a D065      		ori r29,80
 277               	.LVL25:
  70:quantum/keymap_common.c ****         case KC_TRNS:
 278               		.loc 1 70 13 is_stmt 1 view .LVU48
 279 008c 00C0      		rjmp .L9
 280               	.LVL26:
 281               	.L14:
  54:quantum/keymap_common.c ****         case KC_FN0 ... KC_FN31:
 282               		.loc 1 54 5 is_stmt 0 view .LVU49
 283 008e 8115      		cp r24,__zero_reg__
 284 0090 20E3      		ldi r18,48
 285 0092 9207      		cpc r25,r18
 286 0094 00F0      		brlo .+2
 287 0096 00C0      		rjmp .L69
  79:quantum/keymap_common.c ****             // Is a shortcut for function action_layer, pull last 12bits
 288               		.loc 1 79 46 is_stmt 1 view .LVU50
  82:quantum/keymap_common.c ****             break;
 289               		.loc 1 82 13 view .LVU51
  82:quantum/keymap_common.c ****             break;
 290               		.loc 1 82 27 is_stmt 0 view .LVU52
 291 0098 9F70      		andi r25,15
 292               	.LVL27:
  82:quantum/keymap_common.c ****             break;
 293               		.loc 1 82 27 view .LVU53
 294 009a 00C0      		rjmp .L76
 295               	.LVL28:
 296               	.L6:
  54:quantum/keymap_common.c ****         case KC_FN0 ... KC_FN31:
 297               		.loc 1 54 5 view .LVU54
 298 009c 8115      		cp r24,__zero_reg__
 299 009e 35E5      		ldi r19,85
 300 00a0 9307      		cpc r25,r19
 301 00a2 00F4      		brsh .L18
 302 00a4 8115      		cp r24,__zero_reg__
 303 00a6 44E5      		ldi r20,84
 304 00a8 9407      		cpc r25,r20
 305 00aa 00F0      		brlo .+2
 306 00ac 00C0      		rjmp .L19
 307 00ae C115      		cp r28,__zero_reg__
 308 00b0 82E5      		ldi r24,82
 309 00b2 D807      		cpc r29,r24
 310               	.LVL29:
  54:quantum/keymap_common.c ****         case KC_FN0 ... KC_FN31:
 311               		.loc 1 54 5 view .LVU55
 312 00b4 00F4      		brsh .L20
 313 00b6 C115      		cp r28,__zero_reg__
 314 00b8 21E5      		ldi r18,81
 315 00ba D207      		cpc r29,r18
 316 00bc 00F4      		brsh .+2
 317 00be 00C0      		rjmp .L70
  99:quantum/keymap_common.c ****             // Momentary action_layer
 318               		.loc 1 99 48 is_stmt 1 view .LVU56
 101:quantum/keymap_common.c ****             action.code  = ACTION_LAYER_MOMENTARY(action_layer);
 319               		.loc 1 101 13 view .LVU57
 320               	.LVL30:
 102:quantum/keymap_common.c ****             break;
 321               		.loc 1 102 13 view .LVU58
 102:quantum/keymap_common.c ****             break;
 322               		.loc 1 102 28 is_stmt 0 view .LVU59
 323 00c0 DC2F      		mov r29,r28
 324 00c2 CC27      		clr r28
 325               	.LVL31:
 102:quantum/keymap_common.c ****             break;
 326               		.loc 1 102 28 view .LVU60
 327 00c4 C16F      		ori r28,241
 328 00c6 D06A      		ori r29,160
 329               	.LVL32:
 103:quantum/keymap_common.c ****         case QK_DEF_LAYER ... QK_DEF_LAYER_MAX:;
 330               		.loc 1 103 13 is_stmt 1 view .LVU61
 331 00c8 00C0      		rjmp .L9
 332               	.LVL33:
 333               	.L20:
 103:quantum/keymap_common.c ****         case QK_DEF_LAYER ... QK_DEF_LAYER_MAX:;
 334               		.loc 1 103 13 is_stmt 0 view .LVU62
 335 00ca 9C2F      		mov r25,r28
 336 00cc 9695      		lsr r25
 337 00ce 9695      		lsr r25
 338 00d0 9E01      		movw r18,r28
 339 00d2 2370      		andi r18,3
 340 00d4 3327      		clr r19
  54:quantum/keymap_common.c ****         case KC_FN0 ... KC_FN31:
 341               		.loc 1 54 5 view .LVU63
 342 00d6 C115      		cp r28,__zero_reg__
 343 00d8 D345      		sbci r29,83
 344 00da 00F0      		brlo .+2
 345 00dc 00C0      		rjmp .L71
 104:quantum/keymap_common.c ****             // Set default action_layer
 346               		.loc 1 104 48 is_stmt 1 view .LVU64
 106:quantum/keymap_common.c ****             action.code  = ACTION_DEFAULT_LAYER_SET(action_layer);
 347               		.loc 1 106 13 view .LVU65
 348               	.LVL34:
 107:quantum/keymap_common.c ****             break;
 349               		.loc 1 107 13 view .LVU66
 107:quantum/keymap_common.c ****             break;
 350               		.loc 1 107 28 is_stmt 0 view .LVU67
 351 00de C1E0      		ldi r28,lo8(1)
 352 00e0 D0E0      		ldi r29,0
 353               	.LVL35:
 107:quantum/keymap_common.c ****             break;
 354               		.loc 1 107 28 view .LVU68
 355 00e2 00C0      		rjmp 2f
 356               		1:
 357 00e4 CC0F      		lsl r28
 358 00e6 DD1F      		rol r29
 359               		2:
 360 00e8 2A95      		dec r18
 361 00ea 02F4      		brpl 1b
 362 00ec 892F      		mov r24,r25
 363 00ee 90E0      		ldi r25,0
 364 00f0 E5E0      		ldi r30,5
 365               		1:
 366 00f2 880F      		lsl r24
 367 00f4 991F      		rol r25
 368 00f6 EA95      		dec r30
 369 00f8 01F4      		brne 1b
 370 00fa C82B      		or r28,r24
 371 00fc D92B      		or r29,r25
 372 00fe 00C0      		rjmp .L74
 373               	.LVL36:
 374               	.L18:
  54:quantum/keymap_common.c ****         case KC_FN0 ... KC_FN31:
 375               		.loc 1 54 5 view .LVU69
 376 0100 C115      		cp r28,__zero_reg__
 377 0102 89E5      		ldi r24,89
 378 0104 D807      		cpc r29,r24
 379               	.LVL37:
  54:quantum/keymap_common.c ****         case KC_FN0 ... KC_FN31:
 380               		.loc 1 54 5 view .LVU70
 381 0106 00F4      		brsh .L25
 382 0108 C115      		cp r28,__zero_reg__
 383 010a 28E5      		ldi r18,88
 384 010c D207      		cpc r29,r18
 385 010e 00F0      		brlo .+2
 386 0110 00C0      		rjmp .L26
 387 0112 C115      		cp r28,__zero_reg__
 388 0114 36E5      		ldi r19,86
 389 0116 D307      		cpc r29,r19
 390 0118 00F0      		brlo .+2
 391 011a 00C0      		rjmp .L36
 119:quantum/keymap_common.c ****             // OSM(mod) - One-shot mod
 392               		.loc 1 119 54 is_stmt 1 view .LVU71
 121:quantum/keymap_common.c ****             action.code = ACTION_MODS_ONESHOT(mod);
 393               		.loc 1 121 13 view .LVU72
 121:quantum/keymap_common.c ****             action.code = ACTION_MODS_ONESHOT(mod);
 394               		.loc 1 121 27 is_stmt 0 view .LVU73
 395 011c 8C2F      		mov r24,r28
 396 011e 0E94 0000 		call mod_config
 397               	.LVL38:
 122:quantum/keymap_common.c ****             break;
 398               		.loc 1 122 13 is_stmt 1 view .LVU74
 122:quantum/keymap_common.c ****             break;
 399               		.loc 1 122 27 is_stmt 0 view .LVU75
 400 0122 C82F      		mov r28,r24
 401               	.LVL39:
 122:quantum/keymap_common.c ****             break;
 402               		.loc 1 122 27 view .LVU76
 403 0124 D0E0      		ldi r29,0
 404 0126 DC2F      		mov r29,r28
 405 0128 CC27      		clr r28
 406 012a CC27      		clr r28
 407 012c DF71      		andi r29,31
 408               	.LVL40:
 409               	.L75:
 134:quantum/keymap_common.c ****             break;
 410               		.loc 1 134 27 view .LVU77
 411 012e D062      		ori r29,32
 412               	.LVL41:
 135:quantum/keymap_common.c **** #ifdef BACKLIGHT_ENABLE
 413               		.loc 1 135 13 is_stmt 1 view .LVU78
 414 0130 00C0      		rjmp .L9
 415               	.LVL42:
 416               	.L25:
  54:quantum/keymap_common.c ****         case KC_FN0 ... KC_FN31:
 417               		.loc 1 54 5 is_stmt 0 view .LVU79
 418 0132 C115      		cp r28,__zero_reg__
 419 0134 4AE5      		ldi r20,90
 420 0136 D407      		cpc r29,r20
 421 0138 00F4      		brsh .+2
 422 013a 00C0      		rjmp .L28
 423 013c CE01      		movw r24,r28
 424 013e 9056      		subi r25,96
 425 0140 8115      		cp r24,__zero_reg__
 426 0142 9042      		sbci r25,32
 427 0144 00F0      		brlo .+2
 428 0146 00C0      		rjmp .L36
 133:quantum/keymap_common.c ****             action.code = ACTION_MODS_TAP_KEY(mod, keycode & 0xFF);
 429               		.loc 1 133 13 is_stmt 1 view .LVU80
 133:quantum/keymap_common.c ****             action.code = ACTION_MODS_TAP_KEY(mod, keycode & 0xFF);
 430               		.loc 1 133 27 is_stmt 0 view .LVU81
 431 0148 8D2F      		mov r24,r29
 432 014a 8F71      		andi r24,lo8(31)
 433 014c 0E94 0000 		call mod_config
 434               	.LVL43:
 134:quantum/keymap_common.c ****             break;
 435               		.loc 1 134 13 is_stmt 1 view .LVU82
 134:quantum/keymap_common.c ****             break;
 436               		.loc 1 134 27 is_stmt 0 view .LVU83
 437 0150 90E0      		ldi r25,0
 438 0152 982F      		mov r25,r24
 439 0154 8827      		clr r24
 440               	.LVL44:
 134:quantum/keymap_common.c ****             break;
 441               		.loc 1 134 27 view .LVU84
 442 0156 8827      		clr r24
 443 0158 9F71      		andi r25,31
 444 015a 9C01      		movw r18,r24
 445 015c 2C2B      		or r18,r28
 446 015e E901      		movw r28,r18
 447               	.LVL45:
 134:quantum/keymap_common.c ****             break;
 448               		.loc 1 134 27 view .LVU85
 449 0160 00C0      		rjmp .L75
 450               	.LVL46:
 451               	.L11:
  63:quantum/keymap_common.c ****             break;
 452               		.loc 1 63 13 is_stmt 1 view .LVU86
  63:quantum/keymap_common.c ****             break;
 453               		.loc 1 63 27 is_stmt 0 view .LVU87
 454 0162 853A      		cpi r24,-91
 455 0164 9105      		cpc r25,__zero_reg__
 456 0166 01F4      		brne .+2
 457 0168 00C0      		rjmp .L37
  63:quantum/keymap_common.c ****             break;
 458               		.loc 1 63 27 discriminator 1 view .LVU88
 459 016a 863A      		cpi r24,-90
 460 016c 9105      		cpc r25,__zero_reg__
 461 016e 01F0      		breq .+2
 462 0170 00C0      		rjmp .L38
 463               	.LVL47:
  63:quantum/keymap_common.c ****             break;
 464               		.loc 1 63 27 view .LVU89
 465 0172 C2E8      		ldi r28,lo8(-126)
 466 0174 D0E4      		ldi r29,lo8(64)
 467               	.LVL48:
 468               	.L9:
 166:quantum/keymap_common.c **** }
 469               		.loc 1 166 5 is_stmt 1 view .LVU90
 167:quantum/keymap_common.c **** 
 470               		.loc 1 167 1 is_stmt 0 view .LVU91
 471 0176 CE01      		movw r24,r28
 472               	/* epilogue start */
 473 0178 DF91      		pop r29
 474 017a CF91      		pop r28
 475 017c 0895      		ret
 476               	.LVL49:
 477               	.L12:
  66:quantum/keymap_common.c ****             break;
 478               		.loc 1 66 13 is_stmt 1 view .LVU92
  66:quantum/keymap_common.c ****             break;
 479               		.loc 1 66 27 is_stmt 0 view .LVU93
 480 017e 883A      		cpi r24,-88
 481 0180 9105      		cpc r25,__zero_reg__
 482 0182 01F4      		brne .+2
 483 0184 00C0      		rjmp .L39
  66:quantum/keymap_common.c ****             break;
 484               		.loc 1 66 27 discriminator 1 view .LVU94
 485 0186 893A      		cpi r24,-87
 486 0188 9105      		cpc r25,__zero_reg__
 487 018a 01F4      		brne .+2
 488 018c 00C0      		rjmp .L40
  66:quantum/keymap_common.c ****             break;
 489               		.loc 1 66 27 discriminator 3 view .LVU95
 490 018e 8A3A      		cpi r24,-86
 491 0190 9105      		cpc r25,__zero_reg__
 492 0192 01F4      		brne .+2
 493 0194 00C0      		rjmp .L41
  66:quantum/keymap_common.c ****             break;
 494               		.loc 1 66 27 discriminator 5 view .LVU96
 495 0196 8B3A      		cpi r24,-85
 496 0198 9105      		cpc r25,__zero_reg__
 497 019a 01F4      		brne .+2
 498 019c 00C0      		rjmp .L42
  66:quantum/keymap_common.c ****             break;
 499               		.loc 1 66 27 discriminator 7 view .LVU97
 500 019e 8C3A      		cpi r24,-84
 501 01a0 9105      		cpc r25,__zero_reg__
 502 01a2 01F4      		brne .+2
 503 01a4 00C0      		rjmp .L43
  66:quantum/keymap_common.c ****             break;
 504               		.loc 1 66 27 discriminator 9 view .LVU98
 505 01a6 8B3B      		cpi r24,-69
 506 01a8 9105      		cpc r25,__zero_reg__
 507 01aa 01F4      		brne .+2
 508 01ac 00C0      		rjmp .L44
  66:quantum/keymap_common.c ****             break;
 509               		.loc 1 66 27 discriminator 11 view .LVU99
 510 01ae 8C3B      		cpi r24,-68
 511 01b0 9105      		cpc r25,__zero_reg__
 512 01b2 01F4      		brne .+2
 513 01b4 00C0      		rjmp .L45
  66:quantum/keymap_common.c ****             break;
 514               		.loc 1 66 27 discriminator 13 view .LVU100
 515 01b6 8D3A      		cpi r24,-83
 516 01b8 9105      		cpc r25,__zero_reg__
 517 01ba 01F4      		brne .+2
 518 01bc 00C0      		rjmp .L46
  66:quantum/keymap_common.c ****             break;
 519               		.loc 1 66 27 discriminator 15 view .LVU101
 520 01be 803B      		cpi r24,-80
 521 01c0 9105      		cpc r25,__zero_reg__
 522 01c2 01F4      		brne .+2
 523 01c4 00C0      		rjmp .L47
  66:quantum/keymap_common.c ****             break;
 524               		.loc 1 66 27 discriminator 17 view .LVU102
 525 01c6 8E3A      		cpi r24,-82
 526 01c8 9105      		cpc r25,__zero_reg__
 527 01ca 01F4      		brne .+2
 528 01cc 00C0      		rjmp .L48
  66:quantum/keymap_common.c ****             break;
 529               		.loc 1 66 27 discriminator 19 view .LVU103
 530 01ce 8F3A      		cpi r24,-81
 531 01d0 9105      		cpc r25,__zero_reg__
 532 01d2 01F4      		brne .+2
 533 01d4 00C0      		rjmp .L49
  66:quantum/keymap_common.c ****             break;
 534               		.loc 1 66 27 discriminator 21 view .LVU104
 535 01d6 813B      		cpi r24,-79
 536 01d8 9105      		cpc r25,__zero_reg__
 537 01da 01F4      		brne .+2
 538 01dc 00C0      		rjmp .L50
  66:quantum/keymap_common.c ****             break;
 539               		.loc 1 66 27 discriminator 23 view .LVU105
 540 01de 823B      		cpi r24,-78
 541 01e0 9105      		cpc r25,__zero_reg__
 542 01e2 01F4      		brne .+2
 543 01e4 00C0      		rjmp .L51
  66:quantum/keymap_common.c ****             break;
 544               		.loc 1 66 27 discriminator 25 view .LVU106
 545 01e6 833B      		cpi r24,-77
 546 01e8 9105      		cpc r25,__zero_reg__
 547 01ea 01F4      		brne .+2
 548 01ec 00C0      		rjmp .L52
  66:quantum/keymap_common.c ****             break;
 549               		.loc 1 66 27 discriminator 27 view .LVU107
 550 01ee 843B      		cpi r24,-76
 551 01f0 9105      		cpc r25,__zero_reg__
 552 01f2 01F4      		brne .+2
 553 01f4 00C0      		rjmp .L53
  66:quantum/keymap_common.c ****             break;
 554               		.loc 1 66 27 discriminator 29 view .LVU108
 555 01f6 853B      		cpi r24,-75
 556 01f8 9105      		cpc r25,__zero_reg__
 557 01fa 01F4      		brne .+2
 558 01fc 00C0      		rjmp .L54
  66:quantum/keymap_common.c ****             break;
 559               		.loc 1 66 27 discriminator 31 view .LVU109
 560 01fe 863B      		cpi r24,-74
 561 0200 9105      		cpc r25,__zero_reg__
 562 0202 01F4      		brne .+2
 563 0204 00C0      		rjmp .L55
  66:quantum/keymap_common.c ****             break;
 564               		.loc 1 66 27 discriminator 33 view .LVU110
 565 0206 873B      		cpi r24,-73
 566 0208 9105      		cpc r25,__zero_reg__
 567 020a 01F4      		brne .+2
 568 020c 00C0      		rjmp .L56
  66:quantum/keymap_common.c ****             break;
 569               		.loc 1 66 27 discriminator 35 view .LVU111
 570 020e 883B      		cpi r24,-72
 571 0210 9105      		cpc r25,__zero_reg__
 572 0212 01F4      		brne .+2
 573 0214 00C0      		rjmp .L57
  66:quantum/keymap_common.c ****             break;
 574               		.loc 1 66 27 discriminator 37 view .LVU112
 575 0216 893B      		cpi r24,-71
 576 0218 9105      		cpc r25,__zero_reg__
 577 021a 01F4      		brne .+2
 578 021c 00C0      		rjmp .L58
  66:quantum/keymap_common.c ****             break;
 579               		.loc 1 66 27 discriminator 39 view .LVU113
 580 021e 8D3B      		cpi r24,-67
 581 0220 9105      		cpc r25,__zero_reg__
 582 0222 01F4      		brne .+2
 583 0224 00C0      		rjmp .L59
  66:quantum/keymap_common.c ****             break;
 584               		.loc 1 66 27 discriminator 41 view .LVU114
 585 0226 8E3B      		cpi r24,-66
 586 0228 9105      		cpc r25,__zero_reg__
 587 022a 01F4      		brne .+2
 588 022c 00C0      		rjmp .L60
  66:quantum/keymap_common.c ****             break;
 589               		.loc 1 66 27 discriminator 43 view .LVU115
 590 022e 8A3B      		cpi r24,-70
 591 0230 9105      		cpc r25,__zero_reg__
 592 0232 01F4      		brne .+2
 593 0234 00C0      		rjmp .L61
 594               	.LVL50:
  66:quantum/keymap_common.c ****             break;
 595               		.loc 1 66 27 view .LVU116
 596 0236 C0E0      		ldi r28,0
 597 0238 D4E4      		ldi r29,lo8(68)
 598 023a 00C0      		rjmp .L9
 599               	.LVL51:
 600               	.L69:
  85:quantum/keymap_common.c ****                 action.code = ACTION_MACRO_TAP(keycode & 0xFF);
 601               		.loc 1 85 13 is_stmt 1 view .LVU117
 602 023c 9927      		clr r25
 603               	.LVL52:
  85:quantum/keymap_common.c ****                 action.code = ACTION_MACRO_TAP(keycode & 0xFF);
 604               		.loc 1 85 16 is_stmt 0 view .LVU118
 605 023e D3FF      		sbrs r29,3
 606 0240 00C0      		rjmp .L30
  86:quantum/keymap_common.c ****             else
 607               		.loc 1 86 17 is_stmt 1 view .LVU119
 608               	.LVL53:
  86:quantum/keymap_common.c ****             else
 609               		.loc 1 86 31 is_stmt 0 view .LVU120
 610 0242 EC01      		movw r28,r24
 611 0244 D86C      		ori r29,200
 612               	.LVL54:
  86:quantum/keymap_common.c ****             else
 613               		.loc 1 86 31 view .LVU121
 614 0246 00C0      		rjmp .L9
 615               	.LVL55:
 616               	.L30:
  88:quantum/keymap_common.c ****             break;
 617               		.loc 1 88 17 is_stmt 1 view .LVU122
  88:quantum/keymap_common.c ****             break;
 618               		.loc 1 88 31 is_stmt 0 view .LVU123
 619 0248 EC01      		movw r28,r24
 620 024a D06C      		ori r29,192
 621               	.LVL56:
  88:quantum/keymap_common.c ****             break;
 622               		.loc 1 88 31 view .LVU124
 623 024c 00C0      		rjmp .L9
 624               	.LVL57:
 625               	.L7:
  91:quantum/keymap_common.c ****             break;
 626               		.loc 1 91 13 is_stmt 1 view .LVU125
  91:quantum/keymap_common.c ****             break;
 627               		.loc 1 91 27 is_stmt 0 view .LVU126
 628 024e DF70      		andi r29,15
 629               	.LVL58:
  91:quantum/keymap_common.c ****             break;
 630               		.loc 1 91 27 view .LVU127
 631 0250 D06A      		ori r29,160
 632               	.LVL59:
  92:quantum/keymap_common.c ****         case QK_TO ... QK_TO_MAX:;
 633               		.loc 1 92 13 is_stmt 1 view .LVU128
 634 0252 00C0      		rjmp .L9
 635               	.LVL60:
 636               	.L70:
  93:quantum/keymap_common.c ****             // Layer set "GOTO"
 637               		.loc 1 93 34 view .LVU129
  95:quantum/keymap_common.c ****             action_layer = keycode & 0xF;
 638               		.loc 1 95 13 view .LVU130
  96:quantum/keymap_common.c ****             action.code  = ACTION_LAYER_SET(action_layer, when);
 639               		.loc 1 96 13 view .LVU131
  97:quantum/keymap_common.c ****             break;
 640               		.loc 1 97 13 view .LVU132
  95:quantum/keymap_common.c ****             action_layer = keycode & 0xF;
 641               		.loc 1 95 37 is_stmt 0 view .LVU133
 642 0254 CE01      		movw r24,r28
 643 0256 A4E0      		ldi r26,4
 644               		1:
 645 0258 9695      		lsr r25
 646 025a 8795      		ror r24
 647 025c AA95      		dec r26
 648 025e 01F4      		brne 1b
  95:quantum/keymap_common.c ****             action_layer = keycode & 0xF;
 649               		.loc 1 95 26 view .LVU134
 650 0260 8370      		andi r24,lo8(3)
  97:quantum/keymap_common.c ****             break;
 651               		.loc 1 97 28 view .LVU135
 652 0262 2C2F      		mov r18,r28
 653 0264 2695      		lsr r18
 654 0266 2695      		lsr r18
 655 0268 2370      		andi r18,lo8(3)
 656 026a 30E0      		ldi r19,0
 657 026c B5E0      		ldi r27,5
 658               		1:
 659 026e 220F      		lsl r18
 660 0270 331F      		rol r19
 661 0272 BA95      		dec r27
 662 0274 01F4      		brne 1b
 663 0276 382B      		or r19,r24
 664 0278 8C2F      		mov r24,r28
 665 027a 8370      		andi r24,lo8(3)
 666 027c C1E0      		ldi r28,lo8(1)
 667 027e D0E0      		ldi r29,0
 668               	.LVL61:
  97:quantum/keymap_common.c ****             break;
 669               		.loc 1 97 28 view .LVU136
 670 0280 00C0      		rjmp 2f
 671               		1:
 672 0282 CC0F      		lsl r28
 673 0284 DD1F      		rol r29
 674               		2:
 675 0286 8A95      		dec r24
 676 0288 02F4      		brpl 1b
 677 028a C22B      		or r28,r18
 678 028c D32B      		or r29,r19
 679               	.LVL62:
 680               	.L74:
 107:quantum/keymap_common.c ****             break;
 681               		.loc 1 107 28 view .LVU137
 682 028e DC68      		ori r29,140
 683               	.LVL63:
 108:quantum/keymap_common.c ****         case QK_TOGGLE_LAYER ... QK_TOGGLE_LAYER_MAX:;
 684               		.loc 1 108 13 is_stmt 1 view .LVU138
 685 0290 00C0      		rjmp .L9
 686               	.LVL64:
 687               	.L71:
 109:quantum/keymap_common.c ****             // Set toggle
 688               		.loc 1 109 54 view .LVU139
 111:quantum/keymap_common.c ****             action.code  = ACTION_LAYER_TOGGLE(action_layer);
 689               		.loc 1 111 13 view .LVU140
 112:quantum/keymap_common.c ****             break;
 690               		.loc 1 112 13 view .LVU141
 112:quantum/keymap_common.c ****             break;
 691               		.loc 1 112 28 is_stmt 0 view .LVU142
 692 0292 C1E0      		ldi r28,lo8(1)
 693 0294 D0E0      		ldi r29,0
 694               	.LVL65:
 112:quantum/keymap_common.c ****             break;
 695               		.loc 1 112 28 view .LVU143
 696 0296 00C0      		rjmp 2f
 697               		1:
 698 0298 CC0F      		lsl r28
 699 029a DD1F      		rol r29
 700               		2:
 701 029c 2A95      		dec r18
 702 029e 02F4      		brpl 1b
 703 02a0 892F      		mov r24,r25
 704 02a2 90E0      		ldi r25,0
 705 02a4 75E0      		ldi r23,5
 706               		1:
 707 02a6 880F      		lsl r24
 708 02a8 991F      		rol r25
 709 02aa 7A95      		dec r23
 710 02ac 01F4      		brne 1b
 711 02ae C82B      		or r28,r24
 712 02b0 D92B      		or r29,r25
 713               	.LVL66:
 112:quantum/keymap_common.c ****             break;
 714               		.loc 1 112 28 view .LVU144
 715 02b2 DA68      		ori r29,138
 716               	.LVL67:
 113:quantum/keymap_common.c ****         case QK_ONE_SHOT_LAYER ... QK_ONE_SHOT_LAYER_MAX:;
 717               		.loc 1 113 13 is_stmt 1 view .LVU145
 718 02b4 00C0      		rjmp .L9
 719               	.LVL68:
 720               	.L19:
 114:quantum/keymap_common.c ****             // OSL(action_layer) - One-shot action_layer
 721               		.loc 1 114 58 view .LVU146
 116:quantum/keymap_common.c ****             action.code  = ACTION_LAYER_ONESHOT(action_layer);
 722               		.loc 1 116 13 view .LVU147
 117:quantum/keymap_common.c ****             break;
 723               		.loc 1 117 13 view .LVU148
 117:quantum/keymap_common.c ****             break;
 724               		.loc 1 117 28 is_stmt 0 view .LVU149
 725 02b6 D82F      		mov r29,r24
 726 02b8 CC27      		clr r28
 727               	.LVL69:
 117:quantum/keymap_common.c ****             break;
 728               		.loc 1 117 28 view .LVU150
 729 02ba C46F      		ori r28,244
 730 02bc D06A      		ori r29,160
 731               	.LVL70:
 118:quantum/keymap_common.c ****         case QK_ONE_SHOT_MOD ... QK_ONE_SHOT_MOD_MAX:;
 732               		.loc 1 118 13 is_stmt 1 view .LVU151
 733 02be 00C0      		rjmp .L9
 734               	.LVL71:
 735               	.L26:
 125:quantum/keymap_common.c ****             break;
 736               		.loc 1 125 13 view .LVU152
 125:quantum/keymap_common.c ****             break;
 737               		.loc 1 125 27 is_stmt 0 view .LVU153
 738 02c0 DC2F      		mov r29,r28
 739 02c2 CC27      		clr r28
 740               	.LVL72:
 125:quantum/keymap_common.c ****             break;
 741               		.loc 1 125 27 view .LVU154
 742 02c4 C06F      		ori r28,240
 743 02c6 D06A      		ori r29,160
 744               	.LVL73:
 126:quantum/keymap_common.c ****         case QK_LAYER_MOD ... QK_LAYER_MOD_MAX:
 745               		.loc 1 126 13 is_stmt 1 view .LVU155
 746 02c8 00C0      		rjmp .L9
 747               	.LVL74:
 748               	.L28:
 128:quantum/keymap_common.c ****             action_layer = (keycode >> 4) & 0xF;
 749               		.loc 1 128 13 view .LVU156
 128:quantum/keymap_common.c ****             action_layer = (keycode >> 4) & 0xF;
 750               		.loc 1 128 28 is_stmt 0 view .LVU157
 751 02ca 8C2F      		mov r24,r28
 752 02cc 8F70      		andi r24,lo8(15)
 753 02ce 0E94 0000 		call mod_config
 754               	.LVL75:
 129:quantum/keymap_common.c ****             action.code  = ACTION_LAYER_MODS(action_layer, mod);
 755               		.loc 1 129 13 is_stmt 1 view .LVU158
 130:quantum/keymap_common.c ****             break;
 756               		.loc 1 130 13 view .LVU159
 129:quantum/keymap_common.c ****             action.code  = ACTION_LAYER_MODS(action_layer, mod);
 757               		.loc 1 129 37 is_stmt 0 view .LVU160
 758 02d2 34E0      		ldi r19,4
 759               		1:
 760 02d4 D695      		lsr r29
 761 02d6 C795      		ror r28
 762 02d8 3A95      		dec r19
 763 02da 01F4      		brne 1b
 764               	.LVL76:
 129:quantum/keymap_common.c ****             action.code  = ACTION_LAYER_MODS(action_layer, mod);
 765               		.loc 1 129 26 view .LVU161
 766 02dc CF70      		andi r28,lo8(15)
 130:quantum/keymap_common.c ****             break;
 767               		.loc 1 130 28 view .LVU162
 768 02de 9C2F      		mov r25,r28
 769               	.LVL77:
 130:quantum/keymap_common.c ****             break;
 770               		.loc 1 130 28 view .LVU163
 771 02e0 EC01      		movw r28,r24
 772 02e2 D069      		ori r29,144
 773               	.LVL78:
 131:quantum/keymap_common.c ****         case QK_MOD_TAP ... QK_MOD_TAP_MAX:
 774               		.loc 1 131 13 is_stmt 1 view .LVU164
 775 02e4 00C0      		rjmp .L9
 776               	.LVL79:
 777               	.L37:
  63:quantum/keymap_common.c ****             break;
 778               		.loc 1 63 27 is_stmt 0 view .LVU165
 779 02e6 C1E8      		ldi r28,lo8(-127)
 780 02e8 D0E4      		ldi r29,lo8(64)
 781 02ea 00C0      		rjmp .L9
 782               	.LVL80:
 783               	.L38:
  63:quantum/keymap_common.c ****             break;
 784               		.loc 1 63 27 view .LVU166
 785 02ec C3E8      		ldi r28,lo8(-125)
 786 02ee D0E4      		ldi r29,lo8(64)
 787 02f0 00C0      		rjmp .L9
 788               	.LVL81:
 789               	.L39:
  66:quantum/keymap_common.c ****             break;
 790               		.loc 1 66 27 view .LVU167
 791 02f2 C2EE      		ldi r28,lo8(-30)
 792 02f4 D4E4      		ldi r29,lo8(68)
 793 02f6 00C0      		rjmp .L9
 794               	.LVL82:
 795               	.L40:
  66:quantum/keymap_common.c ****             break;
 796               		.loc 1 66 27 view .LVU168
 797 02f8 C9EE      		ldi r28,lo8(-23)
 798 02fa D4E4      		ldi r29,lo8(68)
 799 02fc 00C0      		rjmp .L9
 800               	.LVL83:
 801               	.L41:
  66:quantum/keymap_common.c ****             break;
 802               		.loc 1 66 27 view .LVU169
 803 02fe CAEE      		ldi r28,lo8(-22)
 804 0300 D4E4      		ldi r29,lo8(68)
 805 0302 00C0      		rjmp .L9
 806               	.LVL84:
 807               	.L42:
  66:quantum/keymap_common.c ****             break;
 808               		.loc 1 66 27 view .LVU170
 809 0304 C5EB      		ldi r28,lo8(-75)
 810 0306 D4E4      		ldi r29,lo8(68)
 811 0308 00C0      		rjmp .L9
 812               	.LVL85:
 813               	.L43:
  66:quantum/keymap_common.c ****             break;
 814               		.loc 1 66 27 view .LVU171
 815 030a C6EB      		ldi r28,lo8(-74)
 816 030c D4E4      		ldi r29,lo8(68)
 817 030e 00C0      		rjmp .L9
 818               	.LVL86:
 819               	.L44:
  66:quantum/keymap_common.c ****             break;
 820               		.loc 1 66 27 view .LVU172
 821 0310 C3EB      		ldi r28,lo8(-77)
 822 0312 D4E4      		ldi r29,lo8(68)
 823 0314 00C0      		rjmp .L9
 824               	.LVL87:
 825               	.L45:
  66:quantum/keymap_common.c ****             break;
 826               		.loc 1 66 27 view .LVU173
 827 0316 C4EB      		ldi r28,lo8(-76)
 828 0318 D4E4      		ldi r29,lo8(68)
 829 031a 00C0      		rjmp .L9
 830               	.LVL88:
 831               	.L46:
  66:quantum/keymap_common.c ****             break;
 832               		.loc 1 66 27 view .LVU174
 833 031c C7EB      		ldi r28,lo8(-73)
 834 031e D4E4      		ldi r29,lo8(68)
 835 0320 00C0      		rjmp .L9
 836               	.LVL89:
 837               	.L47:
  66:quantum/keymap_common.c ****             break;
 838               		.loc 1 66 27 view .LVU175
 839 0322 CCEC      		ldi r28,lo8(-52)
 840 0324 D4E4      		ldi r29,lo8(68)
 841 0326 00C0      		rjmp .L9
 842               	.LVL90:
 843               	.L48:
  66:quantum/keymap_common.c ****             break;
 844               		.loc 1 66 27 view .LVU176
 845 0328 CDEC      		ldi r28,lo8(-51)
 846 032a D4E4      		ldi r29,lo8(68)
 847 032c 00C0      		rjmp .L9
 848               	.LVL91:
 849               	.L49:
  66:quantum/keymap_common.c ****             break;
 850               		.loc 1 66 27 view .LVU177
 851 032e C3E8      		ldi r28,lo8(-125)
 852 0330 D5E4      		ldi r29,lo8(69)
 853 0332 00C0      		rjmp .L9
 854               	.LVL92:
 855               	.L50:
  66:quantum/keymap_common.c ****             break;
 856               		.loc 1 66 27 view .LVU178
 857 0334 CAE8      		ldi r28,lo8(-118)
 858 0336 D5E4      		ldi r29,lo8(69)
 859 0338 00C0      		rjmp .L9
 860               	.LVL93:
 861               	.L51:
  66:quantum/keymap_common.c ****             break;
 862               		.loc 1 66 27 view .LVU179
 863 033a C2E9      		ldi r28,lo8(-110)
 864 033c D5E4      		ldi r29,lo8(69)
 865 033e 00C0      		rjmp .L9
 866               	.LVL94:
 867               	.L52:
  66:quantum/keymap_common.c ****             break;
 868               		.loc 1 66 27 view .LVU180
 869 0340 C4E9      		ldi r28,lo8(-108)
 870 0342 D5E4      		ldi r29,lo8(69)
 871 0344 00C0      		rjmp .L9
 872               	.LVL95:
 873               	.L53:
  66:quantum/keymap_common.c ****             break;
 874               		.loc 1 66 27 view .LVU181
 875 0346 C1E2      		ldi r28,lo8(33)
 876 0348 D6E4      		ldi r29,lo8(70)
 877 034a 00C0      		rjmp .L9
 878               	.LVL96:
 879               	.L54:
  66:quantum/keymap_common.c ****             break;
 880               		.loc 1 66 27 view .LVU182
 881 034c C3E2      		ldi r28,lo8(35)
 882 034e D6E4      		ldi r29,lo8(70)
 883 0350 00C0      		rjmp .L9
 884               	.LVL97:
 885               	.L55:
  66:quantum/keymap_common.c ****             break;
 886               		.loc 1 66 27 view .LVU183
 887 0352 C4E2      		ldi r28,lo8(36)
 888 0354 D6E4      		ldi r29,lo8(70)
 889 0356 00C0      		rjmp .L9
 890               	.LVL98:
 891               	.L56:
  66:quantum/keymap_common.c ****             break;
 892               		.loc 1 66 27 view .LVU184
 893 0358 C5E2      		ldi r28,lo8(37)
 894 035a D6E4      		ldi r29,lo8(70)
 895 035c 00C0      		rjmp .L9
 896               	.LVL99:
 897               	.L57:
  66:quantum/keymap_common.c ****             break;
 898               		.loc 1 66 27 view .LVU185
 899 035e C6E2      		ldi r28,lo8(38)
 900 0360 D6E4      		ldi r29,lo8(70)
 901 0362 00C0      		rjmp .L9
 902               	.LVL100:
 903               	.L58:
  66:quantum/keymap_common.c ****             break;
 904               		.loc 1 66 27 view .LVU186
 905 0364 C7E2      		ldi r28,lo8(39)
 906 0366 D6E4      		ldi r29,lo8(70)
 907 0368 00C0      		rjmp .L9
 908               	.LVL101:
 909               	.L59:
  66:quantum/keymap_common.c ****             break;
 910               		.loc 1 66 27 view .LVU187
 911 036a CFE6      		ldi r28,lo8(111)
 912 036c D4E4      		ldi r29,lo8(68)
 913 036e 00C0      		rjmp .L9
 914               	.LVL102:
 915               	.L60:
  66:quantum/keymap_common.c ****             break;
 916               		.loc 1 66 27 view .LVU188
 917 0370 C0E7      		ldi r28,lo8(112)
 918 0372 D4E4      		ldi r29,lo8(68)
 919 0374 00C0      		rjmp .L9
 920               	.LVL103:
 921               	.L61:
  66:quantum/keymap_common.c ****             break;
 922               		.loc 1 66 27 view .LVU189
 923 0376 CAE2      		ldi r28,lo8(42)
 924 0378 D6E4      		ldi r29,lo8(70)
 925 037a 00C0      		rjmp .L9
 926               		.cfi_endproc
 927               	.LFE20:
 929               		.weak	fn_actions
 930               		.section	.progmem.data.fn_actions,"a"
 933               	fn_actions:
 934               		.text
 935               	.Letext0:
 936               		.file 2 "/usr/local/Cellar/avr-gcc@8/8.4.0/avr/include/stdint.h"
 937               		.file 3 "tmk_core/common/keyboard.h"
 938               		.file 4 "tmk_core/common/keycode.h"
 939               		.file 5 "tmk_core/common/action_code.h"
 940               		.file 6 "/usr/local/Cellar/avr-gcc@8/8.4.0/lib/avr-gcc/8/gcc/avr/8.4.0/include/stddef.h"
 941               		.file 7 "tmk_core/common/action_macro.h"
 942               		.file 8 "tmk_core/common/action.h"
 943               		.file 9 "tmk_core/common/report.h"
 944               		.file 10 "tmk_core/common/host.h"
 945               		.file 11 "tmk_core/common/avr/xprintf.h"
 946               		.file 12 "tmk_core/common/debug.h"
 947               		.file 13 "quantum/keycode_config.h"
 948               		.file 14 "quantum/quantum_keycodes.h"
 949               		.file 15 "quantum/keymap.h"
 950               		.file 16 "tmk_core/common/action_layer.h"
 951               		.file 17 "/usr/local/Cellar/avr-gcc@8/8.4.0/avr/include/stdio.h"
 952               		.file 18 "tmk_core/common/timer.h"
 953               		.file 19 "tmk_core/common/action_util.h"
 954               		.file 20 "/usr/local/Cellar/avr-gcc@8/8.4.0/avr/include/stdlib.h"
 955               		.file 21 "quantum/quantum.h"
DEFINED SYMBOLS
                            *ABS*:0000000000000000 keymap_common.c
/var/folders/hg/m293bnw975q820z9tg0f9gdw0000gn/T//ccRFRZdX.s:2      *ABS*:000000000000003e __SP_H__
/var/folders/hg/m293bnw975q820z9tg0f9gdw0000gn/T//ccRFRZdX.s:3      *ABS*:000000000000003d __SP_L__
/var/folders/hg/m293bnw975q820z9tg0f9gdw0000gn/T//ccRFRZdX.s:4      *ABS*:000000000000003f __SREG__
/var/folders/hg/m293bnw975q820z9tg0f9gdw0000gn/T//ccRFRZdX.s:5      *ABS*:0000000000000000 __tmp_reg__
/var/folders/hg/m293bnw975q820z9tg0f9gdw0000gn/T//ccRFRZdX.s:6      *ABS*:0000000000000001 __zero_reg__
/var/folders/hg/m293bnw975q820z9tg0f9gdw0000gn/T//ccRFRZdX.s:13     .text.action_get_macro:0000000000000000 action_get_macro
/var/folders/hg/m293bnw975q820z9tg0f9gdw0000gn/T//ccRFRZdX.s:37     .text.action_function:0000000000000000 action_function
/var/folders/hg/m293bnw975q820z9tg0f9gdw0000gn/T//ccRFRZdX.s:56     .text.keymap_key_to_keycode:0000000000000000 keymap_key_to_keycode
/var/folders/hg/m293bnw975q820z9tg0f9gdw0000gn/T//ccRFRZdX.s:119    .text.keymap_function_id_to_action:0000000000000000 keymap_function_id_to_action
/var/folders/hg/m293bnw975q820z9tg0f9gdw0000gn/T//ccRFRZdX.s:933    .progmem.data.fn_actions:0000000000000000 fn_actions
/var/folders/hg/m293bnw975q820z9tg0f9gdw0000gn/T//ccRFRZdX.s:160    .text.action_for_key:0000000000000000 action_for_key

UNDEFINED SYMBOLS
__mulhi3
keymaps
keycode_config
mod_config
