   1               		.file	"keymap.c"
   2               	__SP_H__ = 0x3e
   3               	__SP_L__ = 0x3d
   4               	__SREG__ = 0x3f
   5               	__tmp_reg__ = 0
   6               	__zero_reg__ = 1
   7               		.text
   8               	.Ltext0:
   9               		.cfi_sections	.debug_frame
  10               		.section	.text.matrix_init_user,"ax",@progbits
  11               	.global	matrix_init_user
  13               	matrix_init_user:
  14               	.LFB23:
  15               		.cfi_startproc
  16               	/* prologue: function */
  17               	/* frame size = 0 */
  18               	/* stack size = 0 */
  19               	.L__stack_usage = 0
  20 0000 0895      		ret
  21               		.cfi_endproc
  22               	.LFE23:
  24               		.section	.text.matrix_scan_user,"ax",@progbits
  25               	.global	matrix_scan_user
  27               	matrix_scan_user:
  28               	.LFB20:
  29               		.file 1 "keyboards/minim/keymaps/default/keymap.c"
   1:keyboards/minim/keymaps/default/keymap.c **** /* Copyright 2019 Robin
   2:keyboards/minim/keymaps/default/keymap.c ****  *
   3:keyboards/minim/keymaps/default/keymap.c ****  * This program is free software: you can redistribute it and/or modify
   4:keyboards/minim/keymaps/default/keymap.c ****  * it under the terms of the GNU General Public License as published by
   5:keyboards/minim/keymaps/default/keymap.c ****  * the Free Software Foundation, either version 2 of the License, or
   6:keyboards/minim/keymaps/default/keymap.c ****  * (at your option) any later version.
   7:keyboards/minim/keymaps/default/keymap.c ****  *
   8:keyboards/minim/keymaps/default/keymap.c ****  * This program is distributed in the hope that it will be useful,
   9:keyboards/minim/keymaps/default/keymap.c ****  * but WITHOUT ANY WARRANTY; without even the implied warranty of
  10:keyboards/minim/keymaps/default/keymap.c ****  * MERCHANTABILITY or FITNESS FOR A PARTICULAR PURPOSE.  See the
  11:keyboards/minim/keymaps/default/keymap.c ****  * GNU General Public License for more details.
  12:keyboards/minim/keymaps/default/keymap.c ****  *
  13:keyboards/minim/keymaps/default/keymap.c ****  * You should have received a copy of the GNU General Public License
  14:keyboards/minim/keymaps/default/keymap.c ****  * along with this program.  If not, see <http://www.gnu.org/licenses/>.
  15:keyboards/minim/keymaps/default/keymap.c ****  */
  16:keyboards/minim/keymaps/default/keymap.c **** #include QMK_KEYBOARD_H
  17:keyboards/minim/keymaps/default/keymap.c **** 
  18:keyboards/minim/keymaps/default/keymap.c **** #define LPARAN RSFT(KC_8) // (
  19:keyboards/minim/keymaps/default/keymap.c **** #define RPARAN RSFT(KC_9) // )
  20:keyboards/minim/keymaps/default/keymap.c **** 
  21:keyboards/minim/keymaps/default/keymap.c **** #define LCBRACK RALT(KC_7) // {
  22:keyboards/minim/keymaps/default/keymap.c **** #define RCBRACK RALT(KC_0) // }
  23:keyboards/minim/keymaps/default/keymap.c **** 
  24:keyboards/minim/keymaps/default/keymap.c **** #define LHBRACK RALT(KC_8) // [
  25:keyboards/minim/keymaps/default/keymap.c **** #define RHBRACK RALT(KC_9) // ]
  26:keyboards/minim/keymaps/default/keymap.c **** 
  27:keyboards/minim/keymaps/default/keymap.c **** #define LCROCO KC_NUBS // <
  28:keyboards/minim/keymaps/default/keymap.c **** #define RCROCO LSFT(KC_NUBS) // > 
  29:keyboards/minim/keymaps/default/keymap.c **** 
  30:keyboards/minim/keymaps/default/keymap.c **** #define EQ RSFT(KC_0) // =
  31:keyboards/minim/keymaps/default/keymap.c **** 
  32:keyboards/minim/keymaps/default/keymap.c **** 
  33:keyboards/minim/keymaps/default/keymap.c **** enum layer_names {
  34:keyboards/minim/keymaps/default/keymap.c ****   _QWERTY = 0,
  35:keyboards/minim/keymaps/default/keymap.c ****   _LOWER = 3,
  36:keyboards/minim/keymaps/default/keymap.c ****   _RAISE = 4,
  37:keyboards/minim/keymaps/default/keymap.c ****   _ADJUST = 16,
  38:keyboards/minim/keymaps/default/keymap.c **** };
  39:keyboards/minim/keymaps/default/keymap.c **** 
  40:keyboards/minim/keymaps/default/keymap.c **** // Defines the keycodes used by our macros in process_record_user
  41:keyboards/minim/keymaps/default/keymap.c **** enum custom_keycodes {
  42:keyboards/minim/keymaps/default/keymap.c ****   QMKBEST = SAFE_RANGE,
  43:keyboards/minim/keymaps/default/keymap.c ****   LOWER,
  44:keyboards/minim/keymaps/default/keymap.c ****   RAISE,
  45:keyboards/minim/keymaps/default/keymap.c ****   ADJUST,
  46:keyboards/minim/keymaps/default/keymap.c **** };
  47:keyboards/minim/keymaps/default/keymap.c **** 
  48:keyboards/minim/keymaps/default/keymap.c **** const uint16_t PROGMEM keymaps[][MATRIX_ROWS][MATRIX_COLS] = {
  49:keyboards/minim/keymaps/default/keymap.c ****   [_QWERTY] = LAYOUT(
  50:keyboards/minim/keymaps/default/keymap.c ****     KC_ESC,  KC_Q,     KC_W,    KC_E,    KC_R,  KC_T,    KC_Y,   KC_U,  KC_I,    KC_O,    KC_P,    
  51:keyboards/minim/keymaps/default/keymap.c ****              KC_TAB,   KC_A,    KC_S,    KC_D,  KC_F,    KC_G,   KC_H,  KC_J,    KC_K,    KC_L,    
  52:keyboards/minim/keymaps/default/keymap.c ****              KC_LSFT,  KC_Z,    KC_X,    KC_C,  KC_V,    KC_B,   KC_N,  KC_M,    KC_COMM, KC_DOT,  
  53:keyboards/minim/keymaps/default/keymap.c ****              KC_LCTRL, KC_NO,    KC_LGUI, KC_LALT, LOWER, KC_SPC, RAISE, KC_RALT, KC_0,  ADJUST    
  54:keyboards/minim/keymaps/default/keymap.c ****   ),
  55:keyboards/minim/keymaps/default/keymap.c ****   [_LOWER] = LAYOUT(
  56:keyboards/minim/keymaps/default/keymap.c ****     KC_GRAVE,    KC_1,    KC_2,     KC_3,   KC_4,    KC_5,    KC_6,    KC_7,     KC_8,    KC_9,    
  57:keyboards/minim/keymaps/default/keymap.c ****               _______, _______, _______,      EQ,  RCROCO, _______, LCBRACK,   LPARAN,  RPARAN, RCB
  58:keyboards/minim/keymaps/default/keymap.c ****               _______, _______, _______, _______, _______, _______,  LCROCO,  LHBRACK, RHBRACK,  RC
  59:keyboards/minim/keymaps/default/keymap.c ****               _______, _______, _______, _______, _______, _______, _______,  KC_RALT, _______, ___
  60:keyboards/minim/keymaps/default/keymap.c ****   ),
  61:keyboards/minim/keymaps/default/keymap.c ****   [_RAISE] = LAYOUT(
  62:keyboards/minim/keymaps/default/keymap.c ****     KC_TILD, KC_EXLM, KC_AT,   KC_HASH, KC_DLR,  KC_PERC, KC_CIRC, KC_AMPR, KC_ASTR, KC_LPRN, KC_RP
  63:keyboards/minim/keymaps/default/keymap.c ****              _______, _______, _______, _______, _______, _______, KC_LEFT, KC_DOWN, KC_UP,   KC_RI
  64:keyboards/minim/keymaps/default/keymap.c ****              _______, _______, _______, _______, _______, _______, KC_HOME, KC_PGDN, KC_PGUP, KC_EN
  65:keyboards/minim/keymaps/default/keymap.c ****              _______, _______, _______, _______, _______, _______, _______, _______, _______, _____
  66:keyboards/minim/keymaps/default/keymap.c ****   ),
  67:keyboards/minim/keymaps/default/keymap.c ****   [_ADJUST] = LAYOUT(
  68:keyboards/minim/keymaps/default/keymap.c ****     _______, KC_MPRV, KC_MPLY, KC_MNXT, _______, _______, _______, _______, _______, _______, _____
  69:keyboards/minim/keymaps/default/keymap.c ****              _______, KC_MUTE, KC_VOLD, KC_VOLU, _______, _______, _______, _______, _______, _____
  70:keyboards/minim/keymaps/default/keymap.c ****              _______, _______, _______, _______, _______, _______, _______, _______, _______, _____
  71:keyboards/minim/keymaps/default/keymap.c ****              _______, _______, _______, _______, _______, _______, _______, _______, _______, _____
  72:keyboards/minim/keymaps/default/keymap.c ****   )};/*,
  73:keyboards/minim/keymaps/default/keymap.c ****   [_FUNCTION] = LAYOUT(
  74:keyboards/minim/keymaps/default/keymap.c ****     KC_0, _______, _______, _______, _______, _______, _______, _______, _______, _______, _______,
  75:keyboards/minim/keymaps/default/keymap.c ****              _______, _______, _______, _______, _______, _______, _______, _______, _______, _____
  76:keyboards/minim/keymaps/default/keymap.c ****              _______, _______, _______, _______, _______, _______, _______, _______, _______, _____
  77:keyboards/minim/keymaps/default/keymap.c ****              _______, _______, _______, _______, _______, _______, _______, _______, _______, _____
  78:keyboards/minim/keymaps/default/keymap.c ****   ),
  79:keyboards/minim/keymaps/default/keymap.c **** }*/
  80:keyboards/minim/keymaps/default/keymap.c **** 
  81:keyboards/minim/keymaps/default/keymap.c **** void matrix_init_user(void) {
  82:keyboards/minim/keymaps/default/keymap.c **** 
  83:keyboards/minim/keymaps/default/keymap.c **** }
  84:keyboards/minim/keymaps/default/keymap.c **** 
  85:keyboards/minim/keymaps/default/keymap.c **** void matrix_scan_user(void) {
  30               		.loc 1 85 0
  31               		.cfi_startproc
  32               	/* prologue: function */
  33               	/* frame size = 0 */
  34               	/* stack size = 0 */
  35               	.L__stack_usage = 0
  36 0000 0895      		ret
  37               		.cfi_endproc
  38               	.LFE20:
  40               		.section	.text.led_set_user,"ax",@progbits
  41               	.global	led_set_user
  43               	led_set_user:
  44               	.LFB21:
  86:keyboards/minim/keymaps/default/keymap.c **** 
  87:keyboards/minim/keymaps/default/keymap.c **** }
  88:keyboards/minim/keymaps/default/keymap.c **** 
  89:keyboards/minim/keymaps/default/keymap.c **** void led_set_user(uint8_t usb_led) {
  45               		.loc 1 89 0
  46               		.cfi_startproc
  47               	.LVL0:
  48               	/* prologue: function */
  49               	/* frame size = 0 */
  50               	/* stack size = 0 */
  51               	.L__stack_usage = 0
  52 0000 0895      		ret
  53               		.cfi_endproc
  54               	.LFE21:
  56               	.global	keymaps
  57               		.section	.progmem.data.keymaps,"a",@progbits
  60               	keymaps:
  61 0000 2900      		.word	41
  62 0002 1400      		.word	20
  63 0004 1A00      		.word	26
  64 0006 0800      		.word	8
  65 0008 1500      		.word	21
  66 000a 1700      		.word	23
  67 000c 1C00      		.word	28
  68 000e 1800      		.word	24
  69 0010 0C00      		.word	12
  70 0012 1200      		.word	18
  71 0014 1300      		.word	19
  72 0016 2F00      		.word	47
  73 0018 2A00      		.word	42
  74 001a 0000      		.word	0
  75 001c 2B00      		.word	43
  76 001e 0400      		.word	4
  77 0020 1600      		.word	22
  78 0022 0700      		.word	7
  79 0024 0900      		.word	9
  80 0026 0A00      		.word	10
  81 0028 0B00      		.word	11
  82 002a 0D00      		.word	13
  83 002c 0E00      		.word	14
  84 002e 0F00      		.word	15
  85 0030 3300      		.word	51
  86 0032 2800      		.word	40
  87 0034 0000      		.word	0
  88 0036 E100      		.word	225
  89 0038 1D00      		.word	29
  90 003a 1B00      		.word	27
  91 003c 0600      		.word	6
  92 003e 1900      		.word	25
  93 0040 0500      		.word	5
  94 0042 1100      		.word	17
  95 0044 1000      		.word	16
  96 0046 3600      		.word	54
  97 0048 3700      		.word	55
  98 004a 3800      		.word	56
  99 004c E500      		.word	229
 100 004e 0000      		.word	0
 101 0050 0000      		.word	0
 102 0052 E000      		.word	224
 103 0054 0000      		.word	0
 104 0056 E300      		.word	227
 105 0058 E200      		.word	226
 106 005a 095D      		.word	23817
 107 005c 2C00      		.word	44
 108 005e 0A5D      		.word	23818
 109 0060 E600      		.word	230
 110 0062 2700      		.word	39
 111 0064 0B5D      		.word	23819
 112 0066 0000      		.word	0
 113 0068 0000 0000 		.zero	208
 113      0000 0000 
 113      0000 0000 
 113      0000 0000 
 113      0000 0000 
 114 0138 3500      		.word	53
 115 013a 1E00      		.word	30
 116 013c 1F00      		.word	31
 117 013e 2000      		.word	32
 118 0140 2100      		.word	33
 119 0142 2200      		.word	34
 120 0144 2300      		.word	35
 121 0146 2400      		.word	36
 122 0148 2500      		.word	37
 123 014a 2600      		.word	38
 124 014c 2700      		.word	39
 125 014e 2D00      		.word	45
 126 0150 4C00      		.word	76
 127 0152 0000      		.word	0
 128 0154 0100      		.word	1
 129 0156 0100      		.word	1
 130 0158 0100      		.word	1
 131 015a 2712      		.word	4647
 132 015c 6402      		.word	612
 133 015e 0100      		.word	1
 134 0160 2414      		.word	5156
 135 0162 2512      		.word	4645
 136 0164 2612      		.word	4646
 137 0166 2714      		.word	5159
 138 0168 0100      		.word	1
 139 016a 3100      		.word	49
 140 016c 0000      		.word	0
 141 016e 0100      		.word	1
 142 0170 0100      		.word	1
 143 0172 0100      		.word	1
 144 0174 0100      		.word	1
 145 0176 0100      		.word	1
 146 0178 0100      		.word	1
 147 017a 6400      		.word	100
 148 017c 2514      		.word	5157
 149 017e 2614      		.word	5158
 150 0180 6402      		.word	612
 151 0182 0100      		.word	1
 152 0184 E500      		.word	229
 153 0186 0000      		.word	0
 154 0188 0000      		.word	0
 155 018a 0100      		.word	1
 156 018c 0100      		.word	1
 157 018e 0100      		.word	1
 158 0190 0100      		.word	1
 159 0192 0100      		.word	1
 160 0194 0100      		.word	1
 161 0196 0100      		.word	1
 162 0198 E600      		.word	230
 163 019a 0100      		.word	1
 164 019c 0100      		.word	1
 165 019e 0000      		.word	0
 166 01a0 3502      		.word	565
 167 01a2 1E02      		.word	542
 168 01a4 1F02      		.word	543
 169 01a6 2002      		.word	544
 170 01a8 2102      		.word	545
 171 01aa 2202      		.word	546
 172 01ac 2302      		.word	547
 173 01ae 2402      		.word	548
 174 01b0 2502      		.word	549
 175 01b2 2602      		.word	550
 176 01b4 2702      		.word	551
 177 01b6 0100      		.word	1
 178 01b8 4C00      		.word	76
 179 01ba 0000      		.word	0
 180 01bc 0100      		.word	1
 181 01be 0100      		.word	1
 182 01c0 0100      		.word	1
 183 01c2 0100      		.word	1
 184 01c4 0100      		.word	1
 185 01c6 0100      		.word	1
 186 01c8 5000      		.word	80
 187 01ca 5100      		.word	81
 188 01cc 5200      		.word	82
 189 01ce 4F00      		.word	79
 190 01d0 0100      		.word	1
 191 01d2 3102      		.word	561
 192 01d4 0000      		.word	0
 193 01d6 0100      		.word	1
 194 01d8 0100      		.word	1
 195 01da 0100      		.word	1
 196 01dc 0100      		.word	1
 197 01de 0100      		.word	1
 198 01e0 0100      		.word	1
 199 01e2 4A00      		.word	74
 200 01e4 4E00      		.word	78
 201 01e6 4B00      		.word	75
 202 01e8 4D00      		.word	77
 203 01ea 0100      		.word	1
 204 01ec 0100      		.word	1
 205 01ee 0000      		.word	0
 206 01f0 0000      		.word	0
 207 01f2 0100      		.word	1
 208 01f4 0100      		.word	1
 209 01f6 0100      		.word	1
 210 01f8 0100      		.word	1
 211 01fa 0100      		.word	1
 212 01fc 0100      		.word	1
 213 01fe 0100      		.word	1
 214 0200 0100      		.word	1
 215 0202 0100      		.word	1
 216 0204 0100      		.word	1
 217 0206 0000      		.word	0
 218 0208 0000 0000 		.zero	1144
 218      0000 0000 
 218      0000 0000 
 218      0000 0000 
 218      0000 0000 
 219 0680 0100      		.word	1
 220 0682 AC00      		.word	172
 221 0684 AE00      		.word	174
 222 0686 AB00      		.word	171
 223 0688 0100      		.word	1
 224 068a 0100      		.word	1
 225 068c 0100      		.word	1
 226 068e 0100      		.word	1
 227 0690 0100      		.word	1
 228 0692 0100      		.word	1
 229 0694 0100      		.word	1
 230 0696 0100      		.word	1
 231 0698 005C      		.word	23552
 232 069a 0000      		.word	0
 233 069c 0100      		.word	1
 234 069e A800      		.word	168
 235 06a0 AA00      		.word	170
 236 06a2 A900      		.word	169
 237 06a4 0100      		.word	1
 238 06a6 0100      		.word	1
 239 06a8 0100      		.word	1
 240 06aa 0100      		.word	1
 241 06ac 0100      		.word	1
 242 06ae 0100      		.word	1
 243 06b0 0100      		.word	1
 244 06b2 0100      		.word	1
 245 06b4 0000      		.word	0
 246 06b6 0100      		.word	1
 247 06b8 0100      		.word	1
 248 06ba 0100      		.word	1
 249 06bc 0100      		.word	1
 250 06be 0100      		.word	1
 251 06c0 0100      		.word	1
 252 06c2 0100      		.word	1
 253 06c4 0100      		.word	1
 254 06c6 0100      		.word	1
 255 06c8 0100      		.word	1
 256 06ca 0100      		.word	1
 257 06cc 0100      		.word	1
 258 06ce 0000      		.word	0
 259 06d0 0000      		.word	0
 260 06d2 0100      		.word	1
 261 06d4 0100      		.word	1
 262 06d6 0100      		.word	1
 263 06d8 0100      		.word	1
 264 06da 0100      		.word	1
 265 06dc 0100      		.word	1
 266 06de 0100      		.word	1
 267 06e0 0100      		.word	1
 268 06e2 0100      		.word	1
 269 06e4 0100      		.word	1
 270 06e6 0000      		.word	0
 271               		.text
 272               	.Letext0:
 273               		.file 2 "/usr/lib/avr/include/stdint.h"
 274               		.file 3 "tmk_core/common/keycode.h"
 275               		.file 4 "tmk_core/common/report.h"
 276               		.file 5 "quantum/quantum_keycodes.h"
 277               		.file 6 "tmk_core/common/action_util.h"
DEFINED SYMBOLS
                            *ABS*:0000000000000000 keymap.c
     /tmp/ccFbMkdM.s:2      *ABS*:000000000000003e __SP_H__
     /tmp/ccFbMkdM.s:3      *ABS*:000000000000003d __SP_L__
     /tmp/ccFbMkdM.s:4      *ABS*:000000000000003f __SREG__
     /tmp/ccFbMkdM.s:5      *ABS*:0000000000000000 __tmp_reg__
     /tmp/ccFbMkdM.s:6      *ABS*:0000000000000001 __zero_reg__
     /tmp/ccFbMkdM.s:13     .text.matrix_init_user:0000000000000000 matrix_init_user
     /tmp/ccFbMkdM.s:27     .text.matrix_scan_user:0000000000000000 matrix_scan_user
     /tmp/ccFbMkdM.s:43     .text.led_set_user:0000000000000000 led_set_user
     /tmp/ccFbMkdM.s:60     .progmem.data.keymaps:0000000000000000 keymaps

NO UNDEFINED SYMBOLS
